[1617206:1617206:0625/105557.042275:VERBOSE1:chrome/app/chrome_crash_reporter_client.cc:199] GetCollectStatsConsent(): is_official_chrome_build is false so returning false
[1617206:1617206:0625/105557.061653:VERBOSE1:chrome/app/chrome_crash_reporter_client.cc:199] GetCollectStatsConsent(): is_official_chrome_build is false so returning false
[1617226:1617226:0625/105557.376557:INFO:third_party/webrtc/rtc_base/cpu_info.cc:77] Available number of cores: 40
[1617225:1617225:0625/105557.376558:INFO:third_party/webrtc/rtc_base/cpu_info.cc:77] Available number of cores: 40
[1617225:1617225:0625/105557.377417:VERBOSE1:content/zygote/zygote_main_linux.cc:202] ZygoteMain: initializing 0 fork delegates
[1617226:1617226:0625/105557.377418:VERBOSE1:content/zygote/zygote_main_linux.cc:202] ZygoteMain: initializing 0 fork delegates
[1617206:1617206:0625/105557.382677:VERBOSE1:components/policy/core/common/config_dir_policy_loader.cc:120] Skipping mandatory platform policies because no policy file was found at: /etc/chromium/policies/managed
[1617206:1617206:0625/105557.382698:VERBOSE1:components/policy/core/common/config_dir_policy_loader.cc:120] Skipping recommended platform policies because no policy file was found at: /etc/chromium/policies/recommended
[1617206:1617206:0625/105557.384602:VERBOSE1:components/variations/service/variations_field_trial_creator.cc:572] Applying FieldTrialTestingConfig
[1617206:1617206:0625/105557.385968:VERBOSE1:components/variations/service/variations_field_trial_creator.cc:373] VariationsSetupComplete
[1617206:1617206:0625/105557.388477:VERBOSE1:base/allocator/scheduler_loop_quarantine_config.cc:138] No entry found for browser/global.
[1617206:1617206:0625/105557.388520:VERBOSE1:base/allocator/scheduler_loop_quarantine_config.cc:138] No entry found for browser/*.
[1617206:1617206:0625/105557.388532:VERBOSE1:base/allocator/scheduler_loop_quarantine_config.cc:138] No entry found for browser/amsc.
[1617206:1617265:0625/105557.391271:VERBOSE1:dbus/bus.cc:915] Method call: message_type: MESSAGE_METHOD_CALL
interface: org.freedesktop.DBus
member: GetNameOwner
signature: s

string "org.freedesktop.login1"

[1617206:1617206:0625/105557.394386:VERBOSE1:chrome/browser/media/webrtc/webrtc_event_log_manager.cc:121] WebRTC remote-bound event logging enabled.
[1617206:1617206:0625/105557.395255:VERBOSE1:components/proxy_config/pref_proxy_config_tracker_impl.cc:462] 0x3614000f4680: set chrome proxy config service to 0x361400118540
[1617206:1617265:0625/105557.405256:VERBOSE1:dbus/bus.cc:915] Method call: message_type: MESSAGE_METHOD_CALL
interface: org.freedesktop.DBus
member: GetNameOwner
signature: s

string "org.chromium.bluetooth.Manager"

[1617206:1617274:0625/105557.405434:VERBOSE1:base/files/file_util_posix.cc:309] Cannot stat "/tmp/org.chromium.Chromium.scoped_dir.9FnM2J/component_crx_cache/metadata.json": No such file or directory (2)
[1617290:1617290:0625/105557.420730:VERBOSE1:base/allocator/scheduler_loop_quarantine_config.cc:138] No entry found for gpu-process/global.
[1617290:1617290:0625/105557.420840:VERBOSE1:base/allocator/scheduler_loop_quarantine_config.cc:138] No entry found for gpu-process/*.
[1617290:1617290:0625/105557.420872:VERBOSE1:base/allocator/scheduler_loop_quarantine_config.cc:138] No entry found for gpu-process/amsc.
[1617290:1617290:0625/105557.423491:VERBOSE1:base/allocator/scheduler_loop_quarantine_config.cc:138] No entry found for gpu-process/main.
[1617290:1617290:0625/105557.432084:WARNING:media/gpu/vaapi/vaapi_wrapper.cc:123] Should skip nVidia device named: nvidia-drm
[1617290:1617290:0625/105557.432711:VERBOSE1:media/gpu/vaapi/vaapi_wrapper.cc:1612] GetHandle(): Either VADisplayStateSingleton::PreSandboxInitialization() hasn't been called or that method failed to find a suitable render node
[1617290:1617290:0625/105557.433142:WARNING:sandbox/policy/linux/sandbox_linux.cc:405] InitializeSandbox() called with multiple threads in process gpu-process.
[1617290:1617290:0625/105557.435082:VERBOSE1:components/viz/service/main/viz_main_impl.cc:86] VizNullHypothesis is disabled (not a warning)
[1617206:1617262:0625/105557.516206:VERBOSE1:base/files/file_util_posix.cc:309] Cannot stat "/tmp/org.chromium.Chromium.scoped_dir.9FnM2J/Consent To Send Stats": No such file or directory (2)
[1617206:1617206:0625/105557.526469:VERBOSE1:components/os_crypt/sync/key_storage_util_linux.cc:46] Password storage detected desktop environment: (unknown)
[1617206:1617206:0625/105557.526514:VERBOSE1:components/os_crypt/sync/key_storage_linux.cc:116] Selected backend for OSCrypt: BASIC_TEXT
[1617206:1617206:0625/105557.526537:VERBOSE1:components/os_crypt/sync/key_storage_linux.cc:135] OSCrypt did not initialize a backend.
[1617206:1617206:0625/105557.527583:VERBOSE1:components/enterprise/browser/controller/chrome_browser_cloud_management_controller.cc:203] Cloud management controller initialization aborted as CBCM is not enabled. Please use the `--enable-chrome-browser-cloud-management` command line flag to enable it if you are not using the official Google Chrome build.
[1617206:1617206:0625/105557.531434:VERBOSE1:components/policy/core/common/cloud/user_cloud_policy_store.cc:131] [policy_type=google/chrome/user] Initiating immediate policy load from disk
[1617206:1617206:0625/105557.531496:VERBOSE1:components/policy/core/common/cloud/user_cloud_policy_store.cc:234] [policy_type=google/chrome/user] No policy found on disk
[1617206:1617206:0625/105557.531505:VERBOSE1:components/policy/core/common/cloud/user_cloud_policy_store.cc:131] [policy_type=google/extension-install-cloud-policy/chrome/user] Initiating immediate policy load from disk
[1617206:1617206:0625/105557.531510:VERBOSE1:components/policy/core/common/cloud/user_cloud_policy_store.cc:234] [policy_type=google/extension-install-cloud-policy/chrome/user] No policy found on disk
[1617206:1617206:0625/105557.585132:WARNING:chrome/browser/signin/account_consistency_mode_manager.cc:74] Desktop Identity Consistency cannot be enabled as no OAuth client ID and client secret have been configured.
[1617206:1617206:0625/105557.585157:VERBOSE1:chrome/browser/signin/account_consistency_mode_manager.cc:99] Desktop Identity Consistency disabled as sign-in to Chrome is not allowed
[1617206:1617268:0625/105557.587903:VERBOSE1:base/files/file_util_posix.cc:309] Cannot stat "/tmp/org.chromium.Chromium.scoped_dir.9FnM2J/Default/Web Applications/Logs": No such file or directory (2)
[1617206:1617206:0625/105557.589169:VERBOSE1:components/proxy_config/pref_proxy_config_tracker_impl.cc:462] 0x3614000f6d80: set chrome proxy config service to 0x36140011af40
[1617206:1617206:0625/105557.589669:VERBOSE1:components/signin/internal/identity_manager/mutable_profile_oauth2_token_service_delegate.cc:335] MutablePO2TS::MutablePO2TS
[1617206:1617206:0625/105557.592191:VERBOSE1:components/proxy_config/pref_proxy_config_tracker_impl.cc:462] 0x3614000f8e00: set chrome proxy config service to 0x36140011ad80
[1617206:1617272:0625/105557.592318:VERBOSE1:base/files/file_util_posix.cc:309] Cannot stat "/tmp/org.chromium.Chromium.scoped_dir.9FnM2J/Default/Code Cache/js": No such file or directory (2)
[1617206:1617272:0625/105557.592359:VERBOSE1:base/files/file_util_posix.cc:309] Cannot stat "/tmp/org.chromium.Chromium.scoped_dir.9FnM2J/Default/Code Cache/webui_js": No such file or directory (2)
[1617206:1617272:0625/105557.592372:VERBOSE1:base/files/file_util_posix.cc:309] Cannot stat "/tmp/org.chromium.Chromium.scoped_dir.9FnM2J/Default/Code Cache/wasm": No such file or directory (2)
[1617206:1617206:0625/105557.592553:VERBOSE1:components/device_event_log/device_event_log_impl.cc:204] [10:55:57.592] Bluetooth: EVENT: bluetooth_api.cc:82 BluetoothAPI: 0x361400411680
[1617206:1617206:0625/105557.593537:VERBOSE1:chrome/browser/signin/account_consistency_mode_manager.cc:99] Desktop Identity Consistency disabled as sign-in to Chrome is not allowed
[1617206:1617206:0625/105557.593765:VERBOSE1:components/signin/internal/identity_manager/mutable_profile_oauth2_token_service_delegate.cc:424] MutablePO2TS::RefreshTokenIsAvailable
[1617206:1617206:0625/105557.593998:VERBOSE1:extensions/browser/api/bluetooth_low_energy/bluetooth_low_energy_event_router.cc:292] Initializing BluetoothLowEnergyEventRouter.
[1617206:1617206:0625/105557.594633:VERBOSE1:google_apis/gaia/gaia_auth_util.cc:53] Canonicalized @gmail.com to @gmail.com
[1617206:1617206:0625/105557.594645:VERBOSE1:google_apis/gaia/gaia_auth_util.cc:53] Canonicalized @gmail.com to @gmail.com
[1617206:1617206:0625/105557.594742:VERBOSE1:chrome/browser/signin/account_consistency_mode_manager.cc:99] Desktop Identity Consistency disabled as sign-in to Chrome is not allowed
[1617206:1617206:0625/105557.594762:VERBOSE1:chrome/browser/signin/account_consistency_mode_manager.cc:99] Desktop Identity Consistency disabled as sign-in to Chrome is not allowed
[1617206:1617206:0625/105557.594766:VERBOSE1:chrome/browser/signin/account_consistency_mode_manager.cc:99] Desktop Identity Consistency disabled as sign-in to Chrome is not allowed
[1617206:1617206:0625/105557.594770:VERBOSE1:components/signin/core/browser/account_reconcilor.cc:149] AccountReconcilor::AccountReconcilor
[1617206:1617206:0625/105557.594773:VERBOSE1:components/signin/core/browser/account_reconcilor.cc:179] AccountReconcilor::Initialize
[1617206:1617206:0625/105557.594970:VERBOSE1:components/signin/internal/identity_manager/mutable_profile_oauth2_token_service_delegate.cc:424] MutablePO2TS::RefreshTokenIsAvailable
[1617206:1617206:0625/105557.595694:VERBOSE1:components/signin/internal/identity_manager/mutable_profile_oauth2_token_service_delegate.cc:424] MutablePO2TS::RefreshTokenIsAvailable
[1617206:1617206:0625/105557.595917:VERBOSE1:components/signin/internal/identity_manager/mutable_profile_oauth2_token_service_delegate.cc:424] MutablePO2TS::RefreshTokenIsAvailable
[1617206:1617206:0625/105557.595951:VERBOSE1:chrome/browser/actor/aggregated_journal.cc:232] [ActorTool]: GlicActorPolicyChecker::ComputeActOnWebCapability: outcome=kNo reasons=kAccountCapabilityIneligible 
[1617206:1617279:0625/105557.595928:VERBOSE1:base/files/file_util_posix.cc:309] Cannot stat "/tmp/org.chromium.Chromium.scoped_dir.9FnM2J/Dictionaries/en-US-10-1.bdic": No such file or directory (2)
[1617206:1617206:0625/105557.595998:VERBOSE1:components/signin/internal/identity_manager/mutable_profile_oauth2_token_service_delegate.cc:424] MutablePO2TS::RefreshTokenIsAvailable
[1617206:1617206:0625/105557.596028:VERBOSE1:components/signin/internal/identity_manager/mutable_profile_oauth2_token_service_delegate.cc:424] MutablePO2TS::RefreshTokenIsAvailable
[1617206:1617206:0625/105557.596035:VERBOSE1:components/signin/internal/identity_manager/mutable_profile_oauth2_token_service_delegate.cc:424] MutablePO2TS::RefreshTokenIsAvailable
[1617206:1617206:0625/105557.596198:VERBOSE1:chrome/browser/permissions/prediction_service/prediction_model_handler_provider_factory.cc:58] [PermissionsAI]: PredictionModelHandlerProviderFactory::BuildServiceInstanceForBrowserContext
[1617206:1617206:0625/105557.596210:VERBOSE1:chrome/browser/permissions/prediction_service/prediction_model_handler_provider_factory.cc:82] [PermissionsAI]: PassageEmbeddingsServiceController available, passage_embedder setup.true
[1617206:1617206:0625/105557.596214:VERBOSE1:chrome/browser/permissions/prediction_service/prediction_model_handler_provider.cc:59] [PermissionsAI] PredictionModelHandlerProvider ctor passage_embedder available: true
[1617206:1617206:0625/105557.596217:VERBOSE1:chrome/browser/permissions/prediction_service/prediction_model_handler_provider.cc:62] [PermissionsAI] PredictionModelHandlerProvider ctor optimization_guide available: true
[1617206:1617206:0625/105557.596260:VERBOSE1:chrome/browser/permissions/prediction_service/prediction_model_handler_provider.cc:105] [PermissionsAI] PredictionModelHandlerProvider init AIv4
[1617206:1617206:0625/105557.598098:VERBOSE1:components/signin/internal/identity_manager/mutable_profile_oauth2_token_service_delegate.cc:424] MutablePO2TS::RefreshTokenIsAvailable
[1617325:1617325:0625/105557.598957:VERBOSE1:base/allocator/scheduler_loop_quarantine_config.cc:138] No entry found for utility/global.
[1617325:1617325:0625/105557.599058:VERBOSE1:base/allocator/scheduler_loop_quarantine_config.cc:138] No entry found for utility/*.
[1617325:1617325:0625/105557.599092:VERBOSE1:base/allocator/scheduler_loop_quarantine_config.cc:138] No entry found for utility/amsc.
[1617206:1617206:0625/105557.600927:VERBOSE1:extensions/browser/extension_registrar.cc:547] AddComponentExtension Web Store
[1617206:1617206:0625/105557.600939:VERBOSE1:extensions/browser/extension_registrar.cc:549] Component extension Web Store (ahfgeienlihckogmohjhadlkjgocpleb) installing/upgrading from '' to 0.2
[1617206:1617206:0625/105557.601666:VERBOSE1:extensions/browser/extension_registrar.cc:547] AddComponentExtension Chromium PDF Viewer
[1617206:1617206:0625/105557.601674:VERBOSE1:extensions/browser/extension_registrar.cc:549] Component extension Chromium PDF Viewer (mhjfbmdgcfjbbpaeojofohoefgiehjai) installing/upgrading from '' to 1
[1617325:1617325:0625/105557.602029:VERBOSE1:base/allocator/scheduler_loop_quarantine_config.cc:138] No entry found for utility/main.
[1617206:1617206:0625/105557.602213:VERBOSE1:components/signin/internal/identity_manager/mutable_profile_oauth2_token_service_delegate.cc:424] MutablePO2TS::RefreshTokenIsAvailable
[1617206:1617206:0625/105557.602220:VERBOSE1:components/signin/internal/identity_manager/mutable_profile_oauth2_token_service_delegate.cc:424] MutablePO2TS::RefreshTokenIsAvailable
[1617206:1617276:0625/105557.603180:VERBOSE1:base/files/file_util_posix.cc:309] Cannot stat "/tmp/org.chromium.Chromium.scoped_dir.9FnM2J/Default/Policy/User Policy": No such file or directory (2)
[1617206:1617276:0625/105557.603228:VERBOSE1:base/files/file_util_posix.cc:309] Cannot stat "/tmp/org.chromium.Chromium.scoped_dir.9FnM2J/Default/Policy/Signing Key": No such file or directory (2)
[1617206:1617276:0625/105557.603239:VERBOSE1:base/files/file_util_posix.cc:309] Cannot stat "/tmp/org.chromium.Chromium.scoped_dir.9FnM2J/Default/Policy/User Extension Install Policy": No such file or directory (2)
[1617206:1617276:0625/105557.603248:VERBOSE1:base/files/file_util_posix.cc:309] Cannot stat "/tmp/org.chromium.Chromium.scoped_dir.9FnM2J/Default/Policy/User Extension Install Signing Key": No such file or directory (2)
[1617206:1617206:0625/105557.603547:VERBOSE1:components/component_updater/installer_policies/on_device_head_suggest_component_installer.cc:59] On Device Head Component will fetch model for locale: ENUS500000
[1617206:1617276:0625/105557.603552:VERBOSE1:components/component_updater/component_installer.cc:477] StartRegistration for Subresource Filter Rules
[1617206:1617279:0625/105557.603586:VERBOSE1:components/component_updater/component_installer.cc:477] StartRegistration for OnDeviceHeadSuggest
[1617206:1617206:0625/105557.603602:VERBOSE1:chrome/browser/component_updater/trust_token_key_commitments_component_installer.cc:22] Registering Trust Token Key Commitments component.
[1617206:1617206:0625/105557.603616:VERBOSE1:chrome/browser/component_updater/first_party_sets_component_installer.cc:37] Registering Related Website Sets component.
[1617206:1617206:0625/105557.603631:VERBOSE1:chrome/browser/component_updater/privacy_sandbox_attestations_component_installer.cc:181] Registering Privacy Sandbox Attestations component
[1617206:1617327:0625/105557.603629:VERBOSE1:components/component_updater/component_installer.cc:477] StartRegistration for Optimization Hints
[1617206:1617326:0625/105557.603641:VERBOSE1:components/component_updater/component_installer.cc:477] StartRegistration for Trust Token Key Commitments
[1617206:1617276:0625/105557.603730:VERBOSE1:components/component_updater/component_installer.cc:477] StartRegistration for History Search
[1617206:1617279:0625/105557.603739:VERBOSE1:components/component_updater/component_installer.cc:477] StartRegistration for Certificate Error Assistant
[1617206:1617206:0625/105557.603786:VERBOSE1:chrome/browser/component_updater/file_type_policies_component_installer.cc:126] Registering File Type Policies component.
[1617206:1617328:0625/105557.603805:VERBOSE1:components/component_updater/component_installer.cc:477] StartRegistration for Privacy Sandbox Attestations
[1617206:1617276:0625/105557.603849:VERBOSE1:components/component_updater/component_installer.cc:477] StartRegistration for CRLSet
[1617206:1617326:0625/105557.603869:VERBOSE1:components/component_updater/component_installer.cc:477] StartRegistration for Origin Trials
[1617206:1617327:0625/105557.603899:VERBOSE1:components/component_updater/component_installer.cc:477] StartRegistration for File Type Policies
[1617206:1617206:0625/105557.603968:VERBOSE1:chrome/browser/component_updater/hyphenation_component_installer.cc:148] Registering Hyphenation component.
[1617206:1617334:0625/105557.604041:VERBOSE1:components/component_updater/component_installer.cc:477] StartRegistration for MEI Preload
[1617206:1617206:0625/105557.604097:VERBOSE1:chrome/browser/component_updater/actor_safety_lists_component_installer.cc:139] Registering Actor Safety Lists Component.
[1617206:1617328:0625/105557.604020:VERBOSE1:components/component_updater/component_installer.cc:312] Preinstalled component found for Privacy Sandbox Attestations at /home/wisdom/Desktop/chromium_local/chromium/src/out/Default/PrivacySandboxAttestationsPreloaded with version 2025.7.18.0.
[1617206:1617335:0625/105557.604214:VERBOSE1:components/component_updater/component_installer.cc:477] StartRegistration for PKI Metadata
[1617206:1617334:0625/105557.604231:VERBOSE1:components/component_updater/component_installer.cc:312] Preinstalled component found for MEI Preload at /home/wisdom/Desktop/chromium_local/chromium/src/out/Default/MEIPreload with version 1.0.7.1652906823.
[1617206:1617341:0625/105557.604258:VERBOSE1:components/component_updater/component_installer.cc:477] StartRegistration for Safety Tips
[1617206:1617327:0625/105557.604354:VERBOSE1:components/component_updater/component_installer.cc:477] StartRegistration for Crowd Deny
[1617206:1617337:0625/105557.604300:VERBOSE1:components/component_updater/component_installer.cc:477] StartRegistration for PKI Metadata Fastpush
[1617206:1617326:0625/105557.604368:VERBOSE1:components/component_updater/component_installer.cc:477] StartRegistration for Hyphenation
[1617206:1617328:0625/105557.604411:VERBOSE1:components/component_updater/component_installer.cc:477] StartRegistration for Zxcvbn Data Dictionaries
[1617206:1617326:0625/105557.604415:VERBOSE1:components/component_updater/component_installer.cc:312] Preinstalled component found for Hyphenation at /home/wisdom/Desktop/chromium_local/chromium/src/out/Default/hyphen-data with version 1.0.0.0.
[1617206:1617276:0625/105557.604462:VERBOSE1:components/component_updater/component_installer.cc:477] StartRegistration for Actor Safety Lists
[1617206:1617206:0625/105557.604552:VERBOSE1:chrome/browser/component_updater/translate_kit_component_installer.cc:210] Registering TranslateKit component.
[1617206:1617335:0625/105557.604574:VERBOSE1:components/component_updater/component_installer.cc:477] StartRegistration for Plus Address Blocklist
[1617206:1617206:0625/105557.604626:VERBOSE1:chrome/browser/component_updater/wasm_tts_engine_component_installer.cc:286] Registering WASM TTS Engine component.
[1617206:1617206:0625/105557.604637:VERBOSE1:chrome/browser/component_updater/captcha_provider_component_installer.cc:175] Registering Captcha Provider component.
[1617206:1617337:0625/105557.604635:VERBOSE1:components/component_updater/component_installer.cc:477] StartRegistration for Chrome TranslateKit en-es
[1617206:1617279:0625/105557.604726:VERBOSE1:components/component_updater/component_installer.cc:477] StartRegistration for Amount Extraction Heuristic Regexes
[1617206:1617340:0625/105557.604779:VERBOSE1:components/component_updater/component_installer.cc:477] StartRegistration for WASM TTS Engine
[1617206:1617339:0625/105557.604790:VERBOSE1:components/component_updater/component_installer.cc:477] StartRegistration for Captcha Providers
[1617206:1617206:0625/105557.605460:VERBOSE1:chrome/browser/profiles/profile_manager.cc:1411] AddKeepAlive(Default, kOffTheRecordProfile). keep_alives=[kWaitingForFirstBrowserWindow (1), kOffTheRecordProfile (1)]
[1617206:1617206:0625/105557.606996:VERBOSE1:components/proxy_config/pref_proxy_config_tracker_impl.cc:462] 0x3614000fab40: set chrome proxy config service to 0x36140011e740
[1617206:1617206:0625/105557.607870:VERBOSE1:chrome/browser/permissions/prediction_service/prediction_model_handler_provider_factory.cc:58] [PermissionsAI]: PredictionModelHandlerProviderFactory::BuildServiceInstanceForBrowserContext
[1617206:1617206:0625/105557.607880:VERBOSE1:chrome/browser/permissions/prediction_service/prediction_model_handler_provider_factory.cc:75] [PermissionsAI]: PassageEmbedderModelObserver not available, passage embedder not setup.
[1617206:1617206:0625/105557.607884:VERBOSE1:chrome/browser/permissions/prediction_service/prediction_model_handler_provider.cc:59] [PermissionsAI] PredictionModelHandlerProvider ctor passage_embedder available: false
[1617206:1617206:0625/105557.607887:VERBOSE1:chrome/browser/permissions/prediction_service/prediction_model_handler_provider.cc:62] [PermissionsAI] PredictionModelHandlerProvider ctor optimization_guide available: true
[1617206:1617206:0625/105557.607927:VERBOSE1:chrome/browser/permissions/prediction_service/prediction_model_handler_provider.cc:105] [PermissionsAI] PredictionModelHandlerProvider init AIv4
[1617206:1617206:0625/105557.648885:VERBOSE1:chrome/browser/ui/views/omnibox/omnibox_popup_closer.cc:65] Closing omnibox popup with reason: kRevertAll
[1617206:1617206:0625/105557.665807:VERBOSE1:chrome/browser/enterprise/data_protection/data_protection_navigation_observer.cc:221] enterprise.data_protection: same document navigation: 0
[1617206:1617206:0625/105557.665832:VERBOSE1:chrome/browser/enterprise/data_protection/data_protection_navigation_observer.cc:223] enterprise.data_protection: URL to scan: data:text/html,<!DOCTYPE html><html><body><script>eval("1+1");</script></body></html>
[1617350:1617350:0625/105557.672117:VERBOSE1:base/allocator/scheduler_loop_quarantine_config.cc:138] No entry found for renderer/global.
[1617350:1617350:0625/105557.672248:VERBOSE1:base/allocator/scheduler_loop_quarantine_config.cc:138] No entry found for renderer/*.
[1617350:1617350:0625/105557.672295:VERBOSE1:base/allocator/scheduler_loop_quarantine_config.cc:138] No entry found for renderer/amsc.
[1617206:1617206:0625/105557.674456:VERBOSE1:chrome/browser/ui/views/omnibox/omnibox_popup_closer.cc:65] Closing omnibox popup with reason: kRevertAll
[1617350:1617350:0625/105557.674883:VERBOSE1:base/allocator/scheduler_loop_quarantine_config.cc:138] No entry found for renderer/main.
[1617206:1617206:0625/105557.693353:VERBOSE1:components/component_updater/component_installer.cc:556] FinishRegistration for Subresource Filter Rules
[1617206:1617206:0625/105557.693395:VERBOSE1:components/component_updater/component_updater_service.cc:169] CrxUpdateService starting up. First update attempt will take place in 60 s seconds. Next update attempt will take place in 18000 s seconds. 
[1617206:1617206:0625/105557.693449:VERBOSE1:components/component_updater/component_installer.cc:556] FinishRegistration for OnDeviceHeadSuggest
[1617206:1617206:0625/105557.693463:VERBOSE1:components/component_updater/component_installer.cc:556] FinishRegistration for Optimization Hints
[1617206:1617206:0625/105557.693473:VERBOSE1:components/component_updater/component_installer.cc:556] FinishRegistration for History Search
[1617206:1617206:0625/105557.693484:VERBOSE1:components/component_updater/component_installer.cc:556] FinishRegistration for Trust Token Key Commitments
[1617206:1617265:0625/105557.693482:VERBOSE1:dbus/bus.cc:915] Method call: message_type: MESSAGE_METHOD_CALL
interface: org.freedesktop.DBus
member: GetNameOwner
signature: s

string "org.freedesktop.ScreenSaver"

[1617206:1617206:0625/105557.693515:VERBOSE1:components/component_updater/component_installer.cc:556] FinishRegistration for File Type Policies
[1617206:1617206:0625/105557.693525:VERBOSE1:components/component_updater/component_installer.cc:556] FinishRegistration for Origin Trials
[1617206:1617206:0625/105557.693536:VERBOSE1:components/component_updater/component_installer.cc:556] FinishRegistration for Privacy Sandbox Attestations
[1617206:1617206:0625/105557.693545:VERBOSE1:components/component_updater/component_installer.cc:597] Component ready, version 2025.7.18.0 in /home/wisdom/Desktop/chromium_local/chromium/src/out/Default/PrivacySandboxAttestationsPreloaded
[1617206:1617206:0625/105557.693564:VERBOSE1:chrome/browser/component_updater/privacy_sandbox_attestations_component_installer.cc:111] Privacy Sandbox Attestations Component ready, version 2025.7.18.0 in /home/wisdom/Desktop/chromium_local/chromium/src/out/Default/PrivacySandboxAttestationsPreloaded
[1617206:1617206:0625/105557.693569:VERBOSE1:chrome/browser/component_updater/privacy_sandbox_attestations_component_installer.cc:188] Received privacy sandbox attestations file
[1617206:1617206:0625/105557.693583:VERBOSE1:components/component_updater/component_installer.cc:556] FinishRegistration for CRLSet
[1617206:1617206:0625/105557.693594:VERBOSE1:components/component_updater/component_installer.cc:556] FinishRegistration for Certificate Error Assistant
[1617206:1617206:0625/105557.693609:VERBOSE1:components/component_updater/component_installer.cc:556] FinishRegistration for PKI Metadata
[1617206:1617206:0625/105557.693624:VERBOSE1:components/component_updater/component_installer.cc:556] FinishRegistration for Safety Tips
[1617206:1617206:0625/105557.693634:VERBOSE1:components/component_updater/component_installer.cc:556] FinishRegistration for PKI Metadata Fastpush
[1617206:1617206:0625/105557.693643:VERBOSE1:components/component_updater/component_installer.cc:556] FinishRegistration for Actor Safety Lists
[1617206:1617206:0625/105557.693653:VERBOSE1:components/component_updater/component_installer.cc:556] FinishRegistration for MEI Preload
[1617206:1617206:0625/105557.693659:VERBOSE1:components/component_updater/component_installer.cc:597] Component ready, version 1.0.7.1652906823 in /home/wisdom/Desktop/chromium_local/chromium/src/out/Default/MEIPreload
[1617206:1617206:0625/105557.693671:VERBOSE1:components/component_updater/component_installer.cc:556] FinishRegistration for Chrome TranslateKit en-es
[1617206:1617206:0625/105557.694028:VERBOSE1:components/component_updater/component_installer.cc:556] FinishRegistration for Crowd Deny
[1617206:1617206:0625/105557.694049:VERBOSE1:components/component_updater/component_installer.cc:556] FinishRegistration for Hyphenation
[1617206:1617206:0625/105557.694058:VERBOSE1:components/component_updater/component_installer.cc:597] Component ready, version 1.0.0.0 in /home/wisdom/Desktop/chromium_local/chromium/src/out/Default/hyphen-data
[1617206:1617206:0625/105557.694062:VERBOSE1:chrome/browser/component_updater/hyphenation_component_installer.cc:107] Hyphenation Component ready, version 1.0.0.0 in /home/wisdom/Desktop/chromium_local/chromium/src/out/Default/hyphen-data
[1617206:1617206:0625/105557.694105:VERBOSE1:components/component_updater/component_installer.cc:556] FinishRegistration for Zxcvbn Data Dictionaries
[1617206:1617206:0625/105557.694118:VERBOSE1:components/component_updater/component_installer.cc:556] FinishRegistration for Plus Address Blocklist
[1617206:1617206:0625/105557.694128:VERBOSE1:components/component_updater/component_installer.cc:556] FinishRegistration for WASM TTS Engine
[1617206:1617206:0625/105557.694142:VERBOSE1:components/component_updater/component_installer.cc:556] FinishRegistration for Captcha Providers
[1617206:1617206:0625/105557.694152:VERBOSE1:components/component_updater/component_installer.cc:556] FinishRegistration for Amount Extraction Heuristic Regexes
[1617206:1617265:0625/105557.697580:VERBOSE1:dbus/bus.cc:915] Method call: message_type: MESSAGE_METHOD_CALL
interface: org.freedesktop.DBus
member: GetNameOwner
signature: s

string "org.freedesktop.UPower"

[1617206:1617206:0625/105557.698392:VERBOSE1:components/privacy_sandbox/privacy_sandbox_attestations/privacy_sandbox_attestations.cc:480] Parsed Privacy Sandbox Attestation list version: 2025.7.18.0
[1617206:1617206:0625/105557.698408:VERBOSE1:components/privacy_sandbox/privacy_sandbox_attestations/privacy_sandbox_attestations.cc:482] Number of attestation entries: 263
[1617206:1617206:0625/105557.699132:VERBOSE1:ui/base/idle/idle_linux.cc:182] Call to GetActive method of org.freedesktop.ScreenSaver D-Bus service failed
[1617206:1617206:0625/105557.699536:VERBOSE1:ui/base/idle/idle_linux.cc:130] org.cinnamon.ScreenSaver D-Bus service does not exist
[1617206:1617265:0625/105557.699583:VERBOSE1:dbus/bus.cc:915] Method call: message_type: MESSAGE_METHOD_CALL
interface: org.freedesktop.DBus
member: GetNameOwner
signature: s

string "org.freedesktop.Notifications"

[1617206:1617265:0625/105557.699706:VERBOSE1:dbus/bus.cc:698] Filter function already exists: 1 with associated data: 0x3614012ddf80
[1617206:1617265:0625/105557.699725:VERBOSE1:dbus/bus.cc:915] Method call: message_type: MESSAGE_METHOD_CALL
interface: org.freedesktop.DBus
member: GetNameOwner
signature: s

string "org.freedesktop.Notifications"

[1617206:1617265:0625/105557.699775:VERBOSE1:dbus/bus.cc:698] Filter function already exists: 1 with associated data: 0x3614012ddf80
[1617206:1617265:0625/105557.699780:VERBOSE1:dbus/bus.cc:915] Method call: message_type: MESSAGE_METHOD_CALL
interface: org.freedesktop.DBus
member: GetNameOwner
signature: s

string "org.freedesktop.Notifications"

[1617206:1617265:0625/105557.699835:VERBOSE1:dbus/bus.cc:698] Filter function already exists: 1 with associated data: 0x3614012ddf80
[1617206:1617265:0625/105557.699841:VERBOSE1:dbus/bus.cc:915] Method call: message_type: MESSAGE_METHOD_CALL
interface: org.freedesktop.DBus
member: GetNameOwner
signature: s

string "org.freedesktop.Notifications"

[1617206:1617265:0625/105557.700139:VERBOSE1:dbus/bus.cc:915] Method call: message_type: MESSAGE_METHOD_CALL
interface: org.freedesktop.DBus
member: GetNameOwner
signature: s

string "org.gnome.ScreenSaver"

[1617206:1617265:0625/105557.707692:VERBOSE1:dbus/bus.cc:915] Method call: message_type: MESSAGE_METHOD_CALL
interface: org.freedesktop.DBus
member: GetNameOwner
signature: s

string "org.freedesktop.systemd1"

[1617206:1617265:0625/105557.709331:VERBOSE1:dbus/bus.cc:915] Method call: message_type: MESSAGE_METHOD_CALL
interface: org.freedesktop.DBus
member: GetNameOwner
signature: s

string "org.freedesktop.portal.Desktop"

[1617206:1617265:0625/105557.709471:VERBOSE1:dbus/bus.cc:698] Filter function already exists: 1 with associated data: 0x3614000e4460
[1617206:1617265:0625/105557.709480:VERBOSE1:dbus/bus.cc:915] Method call: message_type: MESSAGE_METHOD_CALL
interface: org.freedesktop.DBus
member: GetNameOwner
signature: s

string "org.freedesktop.portal.Desktop"

[1617206:1617265:0625/105557.709596:VERBOSE1:dbus/bus.cc:742] Match rule already exists: type='signal',interface='org.freedesktop.DBus',member='NameOwnerChanged',path='/org/freedesktop/DBus',sender='org.freedesktop.DBus',arg0='org.freedesktop.portal.Desktop'
[1617206:1617265:0625/105557.709605:VERBOSE1:dbus/bus.cc:915] Method call: message_type: MESSAGE_METHOD_CALL
interface: org.freedesktop.DBus
member: GetNameOwner
signature: s

string "org.freedesktop.portal.Desktop"

[1617206:1617265:0625/105557.712281:VERBOSE1:dbus/object_proxy.cc:509] Signal received: message_type: MESSAGE_SIGNAL
destination: :1.517
path: /org/freedesktop/portal/desktop/request/1_517/309965730B4D962EFFD1C111AB05E1F7
interface: org.freedesktop.portal.Request
member: Response
sender: :1.84
signature: ua{sv}
serial: 140732

uint32_t 0
array [
]

[1617322:1617322:0625/105557.830739:VERBOSE1:base/allocator/scheduler_loop_quarantine_config.cc:138] No entry found for utility/global.
[1617322:1617322:0625/105557.830826:VERBOSE1:base/allocator/scheduler_loop_quarantine_config.cc:138] No entry found for utility/*.
[1617322:1617322:0625/105557.830833:VERBOSE1:base/allocator/scheduler_loop_quarantine_config.cc:138] No entry found for utility/amsc.
[1617322:1617322:0625/105557.832943:VERBOSE1:base/allocator/scheduler_loop_quarantine_config.cc:138] No entry found for utility/main.
[1617322:1617373:0625/105557.844302:VERBOSE1:net/disk_cache/simple/simple_index_file.cc:609] Simple Cache Index is being restored from disk.
[1617322:1617373:0625/105557.844348:VERBOSE1:base/files/file_util_posix.cc:309] Cannot stat "/tmp/org.chromium.Chromium.scoped_dir.9FnM2J/Default/Shared Dictionary/cache/index-dir/the-real-index": No such file or directory (2)
[1617322:1617369:0625/105557.845438:VERBOSE1:net/base/network_delegate.cc:38] NetworkDelegate::NotifyBeforeURLRequest: http://clients2.google.com/time/1/current?cup2key=10:8iZZoL8x74y8MfRN2F7BNq7V_aHpwTzgBla_1dJ190U&cup2hreq=e3b0c44298fc1c149afbf4c8996fb92427ae41e4649b934ca495991b7852b855
[1617206:1617206:0625/105557.846090:VERBOSE1:components/signin/internal/identity_manager/mutable_profile_oauth2_token_service_delegate.cc:424] MutablePO2TS::RefreshTokenIsAvailable
[1617322:1617369:0625/105557.846529:VERBOSE1:net/base/network_delegate.cc:38] NetworkDelegate::NotifyBeforeURLRequest: https://redirector.gvt1.com/edgedl/chrome/dict/en-us-10-1.bdic
[1617322:1617369:0625/105557.847113:VERBOSE1:net/base/network_delegate.cc:38] NetworkDelegate::NotifyBeforeURLRequest: https://www.google.com/async/folae?async=_fmt:pb&udm=50&client_locale=en-US
[1617322:1617369:0625/105557.848377:VERBOSE1:net/base/network_delegate.cc:38] NetworkDelegate::NotifyBeforeURLRequest: https://accounts.google.com/ListAccounts?gpsia=1&source=ChromiumBrowser&json=standard&laf=b64bin
[1617322:1617373:0625/105557.853007:VERBOSE1:base/files/file_util_posix.cc:309] Cannot stat "/tmp/org.chromium.Chromium.scoped_dir.9FnM2J/Default/Cache/No_Vary_Search/snapshot-new.baf": No such file or directory (2)
[1617322:1617373:0625/105557.853071:VERBOSE1:base/files/file_util_posix.cc:309] Cannot stat "/tmp/org.chromium.Chromium.scoped_dir.9FnM2J/Default/Cache/No_Vary_Search/journal.baj": No such file or directory (2)
[1617322:1617369:0625/105557.856910:VERBOSE1:net/third_party/quiche/src/quiche/quic/core/tls_handshaker.cc:109] TlsClient: Continuing handshake
[1617379:1617379:0625/105557.857484:VERBOSE1:base/allocator/scheduler_loop_quarantine_config.cc:138] No entry found for renderer/global.
[1617379:1617379:0625/105557.857580:VERBOSE1:base/allocator/scheduler_loop_quarantine_config.cc:138] No entry found for renderer/*.
[1617379:1617379:0625/105557.857609:VERBOSE1:base/allocator/scheduler_loop_quarantine_config.cc:138] No entry found for renderer/amsc.
[1617350:1617350:0625/105557.858258:VERBOSE1:extensions/renderer/script_context.cc:150] Created context:
  extension id:           (none)
  frame:                  0x1af402030cf8
  URL:                    
  context_type:           WEB_PAGE
  effective extension id: (none)
  effective context type: WEB_PAGE
[1617350:1617350:0625/105557.858866:VERBOSE1:extensions/renderer/script_context.cc:150] Created context:
  extension id:           (none)
  frame:                  (nil)
  URL:                    
  context_type:           UNSPECIFIED
  effective extension id: (none)
  effective context type: UNSPECIFIED
[1617350:1617350:0625/105557.859112:VERBOSE1:extensions/renderer/dispatcher.cc:493] Num tracked contexts: 1
[1617206:1617206:0625/105557.859270:VERBOSE1:components/signin/internal/identity_manager/mutable_profile_oauth2_token_service_delegate.cc:424] MutablePO2TS::RefreshTokenIsAvailable
[1617379:1617379:0625/105557.860238:VERBOSE1:base/allocator/scheduler_loop_quarantine_config.cc:138] No entry found for renderer/main.
[1617206:1617271:0625/105558.024185:VERBOSE1:base/files/file_util_posix.cc:309] Cannot stat "/tmp/org.chromium.Chromium.scoped_dir.9FnM2J/Default/Web Applications/Logs": No such file or directory (2)
[1617206:1617206:0625/105558.024196:VERBOSE1:chrome/browser/web_applications/locks/partitioned_lock_manager.cc:262] Acquiring <PartitionedLockId>{id: 0x31, partition: 0} for SynchronizeInstalledApps@chrome/browser/web_applications/externally_managed_app_manager.cc:186
[1617206:1617206:0625/105558.024242:VERBOSE1:chrome/browser/web_applications/locks/partitioned_lock_manager.cc:243] All locks acquired for SynchronizeInstalledApps@chrome/browser/web_applications/externally_managed_app_manager.cc:186
[1617206:1617206:0625/105558.026142:VERBOSE1:chrome/browser/web_applications/locks/partitioned_lock_manager.cc:286] Releasing <PartitionedLockId>{id: 0x31, partition: 0} requested by SynchronizeInstalledApps@chrome/browser/web_applications/externally_managed_app_manager.cc:186
[1617206:1617206:0625/105558.026153:VERBOSE1:chrome/browser/web_applications/locks/partitioned_lock_manager.cc:318] Acquiring <PartitionedLockId>{id: 0x31, partition: 0} for Start@chrome/browser/web_applications/generated_icon_fix_manager.cc:61
[1617206:1617206:0625/105558.026157:VERBOSE1:chrome/browser/web_applications/locks/partitioned_lock_manager.cc:243] All locks acquired for Start@chrome/browser/web_applications/generated_icon_fix_manager.cc:61
[1617206:1617206:0625/105558.026242:VERBOSE1:chrome/browser/web_applications/locks/partitioned_lock_manager.cc:286] Releasing <PartitionedLockId>{id: 0x31, partition: 0} requested by Start@chrome/browser/web_applications/generated_icon_fix_manager.cc:61
[1617322:1617369:0625/105558.267728:VERBOSE1:net/base/network_delegate.cc:38] NetworkDelegate::NotifyBeforeURLRequest: https://r3---sn-2x3elnez.gvt1-cn.com/edgedl/chrome/dict/en-us-10-1.bdic?cms_redirect=yes&met=1782356158,&mh=7g&mip=36.112.29.19&mm=28&mn=sn-2x3elnez&ms=nvh&mt=1782355693&mv=m&mvi=3&pl=16&rmhost=r1---sn-2x3elnez.gvt1-cn.com&rms=nvh,nvh&shardbypass=sd&smhost=r2---sn-2x3elnes.gvt1-cn.com
[1617322:1617369:0625/105558.379618:ERROR:net/socket/ssl_client_socket_impl.cc:924] handshake failed; returned -1, SSL error code 1, net_error -101
[1617206:1617206:0625/105558.464017:VERBOSE1:components/segmentation_platform/internal/signals/signal_filter_processor.cc:61] Segmentation platform started observing Session.TotalDuration
[1617206:1617206:0625/105558.464049:VERBOSE1:components/segmentation_platform/internal/signals/signal_filter_processor.cc:61] Segmentation platform started observing Commerce.PriceDrops.ActiveTabNavigationComplete.IsProductDetailPage
[1617206:1617206:0625/105558.464056:VERBOSE1:components/segmentation_platform/internal/signals/signal_filter_processor.cc:54] Segmentation platform started observing Autofill_PolledCreditCardSuggestions
[1617206:1617206:0625/105558.464069:VERBOSE1:components/segmentation_platform/internal/signals/signal_filter_processor.cc:61] Segmentation platform started observing IOS.ParcelTracking.Tracked.AutoTrack
[1617206:1617206:0625/105558.464074:VERBOSE1:components/segmentation_platform/internal/signals/signal_filter_processor.cc:61] Segmentation platform started observing Omnibox.SuggestionUsed.ClientSummarizedResultType
[1617206:1617206:0625/105558.464085:VERBOSE1:components/segmentation_platform/internal/signals/signal_filter_processor.cc:54] Segmentation platform started observing MetadataWriter
[1617206:1617206:0625/105558.464094:VERBOSE1:components/segmentation_platform/internal/signals/signal_filter_processor.cc:61] Segmentation platform started observing Blink.FedCm.AccountsDialogShown
[1617206:1617206:0625/105558.464101:VERBOSE1:components/segmentation_platform/internal/signals/signal_filter_processor.cc:61] Segmentation platform started observing Blink.FedCm.Status.RequestIdToken
[1617206:1617206:0625/105558.464107:VERBOSE1:components/segmentation_platform/internal/signals/signal_filter_processor.cc:61] Segmentation platform started observing Blink.FedCm.CancelReason
[1617206:1617206:0625/105558.464114:VERBOSE1:components/segmentation_platform/internal/signals/signal_filter_processor.cc:61] Segmentation platform started observing Blink.FedCm.IsSignInUser
[1617206:1617206:0625/105558.464119:VERBOSE1:components/segmentation_platform/internal/signals/signal_filter_processor.cc:61] Segmentation platform started observing Sync.DeviceCount2
[1617206:1617206:0625/105558.464127:VERBOSE1:components/segmentation_platform/internal/signals/signal_filter_processor.cc:61] Segmentation platform started observing Sync.DeviceCount2.Phone
[1617206:1617206:0625/105558.464133:VERBOSE1:components/segmentation_platform/internal/signals/signal_filter_processor.cc:61] Segmentation platform started observing Sync.DeviceCount2.Desktop
[1617206:1617206:0625/105558.464137:VERBOSE1:components/segmentation_platform/internal/signals/signal_filter_processor.cc:61] Segmentation platform started observing Sync.DeviceCount2.Tablet
[1617206:1617206:0625/105558.464142:VERBOSE1:components/segmentation_platform/internal/signals/signal_filter_processor.cc:54] Segmentation platform started observing MobileBookmarkManagerOpen
[1617206:1617206:0625/105558.464147:VERBOSE1:components/segmentation_platform/internal/signals/signal_filter_processor.cc:54] Segmentation platform started observing NewTabPage.MostVisited.Clicked
[1617206:1617206:0625/105558.464157:VERBOSE1:components/segmentation_platform/internal/signals/signal_filter_processor.cc:54] Segmentation platform started observing TabGroup.Created.OpenInNewTab
[1617206:1617206:0625/105558.464162:VERBOSE1:components/segmentation_platform/internal/signals/signal_filter_processor.cc:54] Segmentation platform started observing Android.HistoryPage.OpenItem
[1617206:1617206:0625/105558.464166:VERBOSE1:components/segmentation_platform/internal/signals/signal_filter_processor.cc:54] Segmentation platform started observing MobileMenuRecentTabs
[1617206:1617206:0625/105558.464172:VERBOSE1:components/segmentation_platform/internal/signals/signal_filter_processor.cc:61] Segmentation platform started observing PasswordManager.ManagePasswordsReferrer
[1617206:1617206:0625/105558.464177:VERBOSE1:components/segmentation_platform/internal/signals/signal_filter_processor.cc:61] Segmentation platform started observing PasswordManager.ProfileStore.TotalAccountsHiRes3.WithScheme.Https
[1617206:1617206:0625/105558.464182:VERBOSE1:components/segmentation_platform/internal/signals/signal_filter_processor.cc:61] Segmentation platform started observing PasswordManager.FillingAssistance
[1617206:1617206:0625/105558.464192:VERBOSE1:components/segmentation_platform/internal/signals/signal_filter_processor.cc:61] Segmentation platform started observing PasswordManager.SavedPasswordIsGenerated
[1617206:1617206:0625/105558.464198:VERBOSE1:components/segmentation_platform/internal/signals/signal_filter_processor.cc:61] Segmentation platform started observing PasswordManager.SaveUIDismissalReason
[1617206:1617206:0625/105558.464207:VERBOSE1:components/segmentation_platform/internal/signals/signal_filter_processor.cc:61] Segmentation platform started observing PasswordManager.SaveUIDismissalReason
[1617206:1617206:0625/105558.464211:VERBOSE1:components/segmentation_platform/internal/signals/signal_filter_processor.cc:61] Segmentation platform started observing IOS.CredentialExtension.IsEnabled.Startup
[1617206:1617206:0625/105558.464222:VERBOSE1:components/segmentation_platform/internal/signals/signal_filter_processor.cc:61] Segmentation platform started observing Session.TotalDuration
[1617206:1617206:0625/105558.665185:VERBOSE1:components/segmentation_platform/internal/selection/segment_result_provider.cc:136] GetSegmentResult: segment=OPTIMIZATION_TARGET_SEGMENTATION_DEVICE_SWITCHER ignoring DB score, executing model.
[1617206:1617206:0625/105558.665259:VERBOSE1:components/segmentation_platform/internal/selection/segment_result_provider.cc:277] ExecuteModelAndGetScore: segment=OPTIMIZATION_TARGET_SEGMENTATION_DEVICE_SWITCHER server segment info not available
[1617206:1617206:0625/105558.665281:VERBOSE1:components/segmentation_platform/internal/selection/segment_result_provider.cc:210] OnGotModelScore: segment=OPTIMIZATION_TARGET_SEGMENTATION_DEVICE_SWITCHER failed to get database model score, trying default model.
[1617322:1617369:0625/105558.685768:ERROR:net/socket/ssl_client_socket_impl.cc:924] handshake failed; returned -1, SSL error code 1, net_error -101
[1617206:1617279:0625/105558.894682:VERBOSE1:components/signin/public/webdata/token_service_table.cc:261] Loaded tokens: result = 3 ; number of tokens loaded = 0
[1617206:1617206:0625/105558.894742:VERBOSE1:components/signin/internal/identity_manager/mutable_profile_oauth2_token_service_delegate.cc:571] MutablePO2TS::OnWebDataServiceRequestDone. Result type: 5
[1617206:1617206:0625/105558.894767:VERBOSE1:components/signin/internal/identity_manager/mutable_profile_oauth2_token_service_delegate.cc:633] MutablePO2TS::LoadAllCredentialsIntoMemory; 0 credential(s).
[1617206:1617206:0625/105558.895041:VERBOSE1:components/signin/internal/identity_manager/mutable_profile_oauth2_token_service_delegate.cc:424] MutablePO2TS::RefreshTokenIsAvailable
[1617206:1617206:0625/105558.895062:VERBOSE1:google_apis/gaia/gaia_auth_util.cc:53] Canonicalized @gmail.com to @gmail.com
[1617206:1617206:0625/105558.895072:VERBOSE1:google_apis/gaia/gaia_auth_util.cc:53] Canonicalized @gmail.com to @gmail.com
[1617206:1617206:0625/105558.895390:VERBOSE1:components/signin/internal/identity_manager/mutable_profile_oauth2_token_service_delegate.cc:424] MutablePO2TS::RefreshTokenIsAvailable
[1617206:1617206:0625/105558.895476:VERBOSE1:components/signin/internal/identity_manager/mutable_profile_oauth2_token_service_delegate.cc:424] MutablePO2TS::RefreshTokenIsAvailable
[1617206:1617206:0625/105558.895552:VERBOSE1:components/signin/internal/identity_manager/mutable_profile_oauth2_token_service_delegate.cc:424] MutablePO2TS::RefreshTokenIsAvailable
[1617206:1617206:0625/105558.895588:VERBOSE1:components/signin/internal/identity_manager/mutable_profile_oauth2_token_service_delegate.cc:424] MutablePO2TS::RefreshTokenIsAvailable
[1617206:1617206:0625/105558.895621:VERBOSE1:components/signin/internal/identity_manager/mutable_profile_oauth2_token_service_delegate.cc:424] MutablePO2TS::RefreshTokenIsAvailable
[1617206:1617206:0625/105558.895630:VERBOSE1:components/signin/internal/identity_manager/mutable_profile_oauth2_token_service_delegate.cc:424] MutablePO2TS::RefreshTokenIsAvailable
[1617322:1617369:0625/105559.134536:VERBOSE1:net/base/logging_network_change_observer.cc:81] Observed a change to the network IP addresses IP_ADDRESS_CHANGE_NORMAL
[1617206:1617266:0625/105559.900324:VERBOSE1:base/allocator/scheduler_loop_quarantine_config.cc:138] No entry found for browser/io.
[1617206:1617273:0625/105559.900492:VERBOSE1:base/files/file_util_posix.cc:309] Cannot stat "/tmp/org.chromium.Chromium.scoped_dir.9FnM2J/BrowserMetrics": No such file or directory (2)
[1617206:1617206:0625/105559.900581:VERBOSE1:chrome/browser/profiles/profile_manager.cc:1411] AddKeepAlive(Default, kExtensionUpdater). keep_alives=[kWaitingForFirstBrowserWindow (1), kOffTheRecordProfile (1), kExtensionUpdater (1)]
[1617206:1617271:0625/105559.900556:VERBOSE1:base/files/file_util_posix.cc:309] Cannot stat "/tmp/org.chromium.Chromium.scoped_dir.9FnM2J/DeferredBrowserMetrics": No such file or directory (2)
[1617206:1617273:0625/105559.900645:VERBOSE1:base/files/file_util_posix.cc:309] Cannot stat "/tmp/org.chromium.Chromium.scoped_dir.9FnM2J/CrashpadMetrics.pma": No such file or directory (2)
[1617206:1617206:0625/105559.900713:VERBOSE1:chrome/browser/profiles/profile_manager.cc:1472] RemoveKeepAlive(Default, kExtensionUpdater). keep_alives=[kWaitingForFirstBrowserWindow (1), kOffTheRecordProfile (1)]
[1617206:1617262:0625/105559.901037:VERBOSE1:base/files/file_util_posix.cc:309] Cannot stat "/tmp/org.chromium.Chromium.scoped_dir.9FnM2J/extensions_crx_cache/metadata.json": No such file or directory (2)
[1617206:1617271:0625/105559.901108:VERBOSE1:base/files/file_util_posix.cc:309] Cannot stat "/tmp/org.chromium.Chromium.scoped_dir.9FnM2J/Breadcrumbs": No such file or directory (2)
[1617206:1617273:0625/105559.901200:VERBOSE1:base/files/file_util_posix.cc:309] Cannot stat "/tmp/org.chromium.Chromium.scoped_dir.9FnM2J/Default/Media Cache": No such file or directory (2)
[1617206:1617273:0625/105559.901309:VERBOSE1:base/files/file_util_posix.cc:309] Cannot stat "/tmp/org.chromium.Chromium.scoped_dir.9FnM2J/Default/databases": No such file or directory (2)
[1617206:1617273:0625/105559.901359:VERBOSE1:base/files/file_util_posix.cc:309] Cannot stat "/tmp/org.chromium.Chromium.scoped_dir.9FnM2J/Default/webrtc_event_logs": No such file or directory (2)
[1617206:1617206:0625/105559.905124:VERBOSE1:components/device_event_log/device_event_log_impl.cc:204] [10:55:59.904] USB: USER: usb_service_linux.cc:297 USB device added: path=/dev/bus/usb/001/002 vendor=6127 "Chicony", product=24832 "Lenovo New Calliope USB Keyboard", serial="", guid=4cfcc9bc-1572-410f-8ae4-75c6bbb3efda
[1617206:1617206:0625/105559.905277:VERBOSE1:components/device_event_log/device_event_log_impl.cc:204] [10:55:59.905] USB: USER: usb_service_linux.cc:297 USB device added: path=/dev/bus/usb/001/005 vendor=2118 "NETGEAR", product=36883 "WNDA4100", serial="1.0", guid=3a13a832-f096-4a77-8965-f36739749fd4
[1617206:1617206:0625/105559.905379:VERBOSE1:components/device_event_log/device_event_log_impl.cc:204] [10:55:59.905] USB: USER: usb_service_linux.cc:297 USB device added: path=/dev/bus/usb/001/003 vendor=6127 "SiGmaMicro", product=24717 "Lenovo USB Optical Mouse", serial="", guid=5cbc747a-2176-4328-80e9-0ef38f30c2ad
[1617206:1617206:0625/105559.905478:VERBOSE1:components/device_event_log/device_event_log_impl.cc:204] [10:55:59.905] USB: USER: usb_service_linux.cc:297 USB device added: path=/dev/bus/usb/001/004 vendor=6058 "Generic", product=4174 "USB Audio", serial="", guid=55c1677f-1416-4b18-aa2c-fed1dfe2f769
[1617483:1617483:0625/105559.915031:VERBOSE1:base/allocator/scheduler_loop_quarantine_config.cc:138] No entry found for renderer/global.
[1617483:1617483:0625/105559.915128:VERBOSE1:base/allocator/scheduler_loop_quarantine_config.cc:138] No entry found for renderer/*.
[1617483:1617483:0625/105559.915164:VERBOSE1:base/allocator/scheduler_loop_quarantine_config.cc:138] No entry found for renderer/amsc.
[1617483:1617483:0625/105559.917709:VERBOSE1:base/allocator/scheduler_loop_quarantine_config.cc:138] No entry found for renderer/main.
[1617322:1617369:0625/105600.267545:VERBOSE1:net/third_party/quiche/src/quiche/quic/core/tls_handshaker.cc:109] TlsClient: Continuing handshake
[1617206:1617274:0625/105601.101939:VERBOSE1:components/component_updater/component_installer.cc:477] StartRegistration for Related Website Sets
[1617206:1617206:0625/105601.102183:VERBOSE1:components/component_updater/component_installer.cc:556] FinishRegistration for Related Website Sets
[1617206:1617272:0625/105601.102227:VERBOSE1:base/files/file_util_posix.cc:309] Cannot stat "/tmp/org.chromium.Chromium.scoped_dir.9FnM2J/MaskedDomainListPreloaded": No such file or directory (2)
[1617206:1617206:0625/105601.102305:VERBOSE1:chrome/browser/component_updater/first_party_sets_component_installer.cc:42] Received Related Website Sets
[1617206:1617272:0625/105601.102338:VERBOSE1:base/files/file_util_posix.cc:309] Cannot stat "/tmp/org.chromium.Chromium.scoped_dir.9FnM2J/DesktopSharingHub": No such file or directory (2)
[1617206:1617272:0625/105601.102368:VERBOSE1:base/files/file_util_posix.cc:309] Cannot stat "/tmp/org.chromium.Chromium.scoped_dir.9FnM2J/CookieReadinessList": No such file or directory (2)
[1617206:1617272:0625/105601.102391:VERBOSE1:base/files/file_util_posix.cc:309] Cannot stat "/tmp/org.chromium.Chromium.scoped_dir.9FnM2J/OpenCookieDatabase": No such file or directory (2)
[1617206:1617272:0625/105601.102414:VERBOSE1:base/files/file_util_posix.cc:309] Cannot stat "/tmp/org.chromium.Chromium.scoped_dir.9FnM2J/TpcdMetadata": No such file or directory (2)
[1617206:1617272:0625/105601.102469:VERBOSE1:base/files/file_util_posix.cc:309] Cannot stat "/tmp/org.chromium.Chromium.scoped_dir.9FnM2J/ProbabilisticRevealTokenRegistry": No such file or directory (2)
[1617206:1617272:0625/105601.102493:VERBOSE1:base/files/file_util_posix.cc:309] Cannot stat "/tmp/org.chromium.Chromium.scoped_dir.9FnM2J/AutofillStates": No such file or directory (2)
[1617206:1617272:0625/105601.102516:VERBOSE1:base/files/file_util_posix.cc:309] Cannot stat "/tmp/org.chromium.Chromium.scoped_dir.9FnM2J/Fingerprinting Protection Filter": No such file or directory (2)
[1617322:1617369:0625/105601.135256:VERBOSE1:net/base/logging_network_change_observer.cc:105] Observed a network change to state CONNECTION_NONE
[1617322:1617369:0625/105601.135324:VERBOSE1:net/base/logging_network_change_observer.cc:105] Observed a network change to state CONNECTION_UNKNOWN
[1617322:1617369:0625/105601.913448:VERBOSE1:net/third_party/quiche/src/quiche/quic/core/tls_handshaker.cc:109] TlsClient: Continuing handshake
[1617322:1617369:0625/105602.883905:VERBOSE1:net/base/network_delegate.cc:38] NetworkDelegate::NotifyBeforeURLRequest: https://android.clients.google.com/checkin
[1617322:1617369:0625/105602.892185:VERBOSE1:net/third_party/quiche/src/quiche/quic/core/tls_handshaker.cc:109] TlsClient: Continuing handshake
[1617206:1617206:0625/105603.465720:VERBOSE1:components/segmentation_platform/internal/selection/segment_result_provider.cc:226] GetCachedModelScore: segment=OPTIMIZATION_TARGET_SEGMENTATION_CHROME_LOW_USER_ENGAGEMENT does not have a segment info.
[1617206:1617206:0625/105603.465753:VERBOSE1:components/segmentation_platform/internal/selection/segment_result_provider.cc:172] OnGotModelScore: segment=OPTIMIZATION_TARGET_SEGMENTATION_CHROME_LOW_USER_ENGAGEMENT failed to get score from database, executing server model.
[1617206:1617206:0625/105603.465765:VERBOSE1:components/segmentation_platform/internal/selection/segment_result_provider.cc:277] ExecuteModelAndGetScore: segment=OPTIMIZATION_TARGET_SEGMENTATION_CHROME_LOW_USER_ENGAGEMENT server segment info not available
[1617206:1617206:0625/105603.465775:VERBOSE1:components/segmentation_platform/internal/selection/segment_result_provider.cc:201] OnGotModelScore: segment=OPTIMIZATION_TARGET_SEGMENTATION_CHROME_LOW_USER_ENGAGEMENT failed to get score from executing server model, getting score from default model from db.
[1617206:1617206:0625/105603.465787:VERBOSE1:components/segmentation_platform/internal/selection/segment_result_provider.cc:240] GetCachedModelScore: segment=OPTIMIZATION_TARGET_SEGMENTATION_CHROME_LOW_USER_ENGAGEMENT has expired or unavailable result.
[1617206:1617206:0625/105603.465792:VERBOSE1:components/segmentation_platform/internal/selection/segment_result_provider.cc:210] OnGotModelScore: segment=OPTIMIZATION_TARGET_SEGMENTATION_CHROME_LOW_USER_ENGAGEMENT failed to get database model score, trying default model.
[1617206:1617206:0625/105603.465809:VERBOSE1:components/segmentation_platform/internal/selection/segment_result_provider.cc:295] ExecuteModelAndGetScore: segment=OPTIMIZATION_TARGET_SEGMENTATION_CHROME_LOW_USER_ENGAGEMENT signal collection not met
[1617206:1617206:0625/105603.465824:VERBOSE1:components/segmentation_platform/internal/selection/segment_result_provider.cc:226] GetCachedModelScore: segment=OPTIMIZATION_TARGET_SEGMENTATION_SEARCH_USER does not have a segment info.
[1617206:1617206:0625/105603.465832:VERBOSE1:components/segmentation_platform/internal/selection/segment_result_provider.cc:172] OnGotModelScore: segment=OPTIMIZATION_TARGET_SEGMENTATION_SEARCH_USER failed to get score from database, executing server model.
[1617206:1617206:0625/105603.465837:VERBOSE1:components/segmentation_platform/internal/selection/segment_result_provider.cc:277] ExecuteModelAndGetScore: segment=OPTIMIZATION_TARGET_SEGMENTATION_SEARCH_USER server segment info not available
[1617206:1617206:0625/105603.465846:VERBOSE1:components/segmentation_platform/internal/selection/segment_result_provider.cc:201] OnGotModelScore: segment=OPTIMIZATION_TARGET_SEGMENTATION_SEARCH_USER failed to get score from executing server model, getting score from default model from db.
[1617206:1617206:0625/105603.465852:VERBOSE1:components/segmentation_platform/internal/selection/segment_result_provider.cc:240] GetCachedModelScore: segment=OPTIMIZATION_TARGET_SEGMENTATION_SEARCH_USER has expired or unavailable result.
[1617206:1617206:0625/105603.465858:VERBOSE1:components/segmentation_platform/internal/selection/segment_result_provider.cc:210] OnGotModelScore: segment=OPTIMIZATION_TARGET_SEGMENTATION_SEARCH_USER failed to get database model score, trying default model.
[1617206:1617206:0625/105603.465867:VERBOSE1:components/segmentation_platform/internal/selection/segment_result_provider.cc:295] ExecuteModelAndGetScore: segment=OPTIMIZATION_TARGET_SEGMENTATION_SEARCH_USER signal collection not met
[1617206:1617206:0625/105603.465878:VERBOSE1:components/segmentation_platform/internal/selection/segment_result_provider.cc:226] GetCachedModelScore: segment=OPTIMIZATION_TARGET_SEGMENTATION_SHOPPING_USER does not have a segment info.
[1617206:1617206:0625/105603.465885:VERBOSE1:components/segmentation_platform/internal/selection/segment_result_provider.cc:172] OnGotModelScore: segment=OPTIMIZATION_TARGET_SEGMENTATION_SHOPPING_USER failed to get score from database, executing server model.
[1617206:1617206:0625/105603.465893:VERBOSE1:components/segmentation_platform/internal/selection/segment_result_provider.cc:277] ExecuteModelAndGetScore: segment=OPTIMIZATION_TARGET_SEGMENTATION_SHOPPING_USER server segment info not available
[1617206:1617206:0625/105603.465899:VERBOSE1:components/segmentation_platform/internal/selection/segment_result_provider.cc:201] OnGotModelScore: segment=OPTIMIZATION_TARGET_SEGMENTATION_SHOPPING_USER failed to get score from executing server model, getting score from default model from db.
[1617206:1617206:0625/105603.465904:VERBOSE1:components/segmentation_platform/internal/selection/segment_result_provider.cc:240] GetCachedModelScore: segment=OPTIMIZATION_TARGET_SEGMENTATION_SHOPPING_USER has expired or unavailable result.
[1617206:1617206:0625/105603.465937:VERBOSE1:components/segmentation_platform/internal/selection/segment_result_provider.cc:210] OnGotModelScore: segment=OPTIMIZATION_TARGET_SEGMENTATION_SHOPPING_USER failed to get database model score, trying default model.
[1617206:1617206:0625/105603.466074:VERBOSE1:components/segmentation_platform/internal/selection/segment_result_provider.cc:226] GetCachedModelScore: segment=CROSS_DEVICE_USER_SEGMENT does not have a segment info.
[1617206:1617206:0625/105603.466081:VERBOSE1:components/segmentation_platform/internal/selection/segment_result_provider.cc:172] OnGotModelScore: segment=CROSS_DEVICE_USER_SEGMENT failed to get score from database, executing server model.
[1617206:1617206:0625/105603.466086:VERBOSE1:components/segmentation_platform/internal/selection/segment_result_provider.cc:277] ExecuteModelAndGetScore: segment=CROSS_DEVICE_USER_SEGMENT server segment info not available
[1617206:1617206:0625/105603.466095:VERBOSE1:components/segmentation_platform/internal/selection/segment_result_provider.cc:201] OnGotModelScore: segment=CROSS_DEVICE_USER_SEGMENT failed to get score from executing server model, getting score from default model from db.
[1617206:1617206:0625/105603.466101:VERBOSE1:components/segmentation_platform/internal/selection/segment_result_provider.cc:240] GetCachedModelScore: segment=CROSS_DEVICE_USER_SEGMENT has expired or unavailable result.
[1617206:1617206:0625/105603.466107:VERBOSE1:components/segmentation_platform/internal/selection/segment_result_provider.cc:210] OnGotModelScore: segment=CROSS_DEVICE_USER_SEGMENT failed to get database model score, trying default model.
[1617206:1617206:0625/105603.466116:VERBOSE1:components/segmentation_platform/internal/selection/segment_result_provider.cc:295] ExecuteModelAndGetScore: segment=CROSS_DEVICE_USER_SEGMENT signal collection not met
[1617206:1617206:0625/105603.466126:VERBOSE1:components/segmentation_platform/internal/selection/segment_result_provider.cc:226] GetCachedModelScore: segment=RESUME_HEAVY_USER_SEGMENT does not have a segment info.
[1617206:1617206:0625/105603.466136:VERBOSE1:components/segmentation_platform/internal/selection/segment_result_provider.cc:172] OnGotModelScore: segment=RESUME_HEAVY_USER_SEGMENT failed to get score from database, executing server model.
[1617206:1617206:0625/105603.466141:VERBOSE1:components/segmentation_platform/internal/selection/segment_result_provider.cc:277] ExecuteModelAndGetScore: segment=RESUME_HEAVY_USER_SEGMENT server segment info not available
[1617206:1617206:0625/105603.466148:VERBOSE1:components/segmentation_platform/internal/selection/segment_result_provider.cc:201] OnGotModelScore: segment=RESUME_HEAVY_USER_SEGMENT failed to get score from executing server model, getting score from default model from db.
[1617206:1617206:0625/105603.466154:VERBOSE1:components/segmentation_platform/internal/selection/segment_result_provider.cc:240] GetCachedModelScore: segment=RESUME_HEAVY_USER_SEGMENT has expired or unavailable result.
[1617206:1617206:0625/105603.466163:VERBOSE1:components/segmentation_platform/internal/selection/segment_result_provider.cc:210] OnGotModelScore: segment=RESUME_HEAVY_USER_SEGMENT failed to get database model score, trying default model.
[1617206:1617206:0625/105603.466175:VERBOSE1:components/segmentation_platform/internal/selection/segment_result_provider.cc:295] ExecuteModelAndGetScore: segment=RESUME_HEAVY_USER_SEGMENT signal collection not met
[1617206:1617206:0625/105603.466187:VERBOSE1:components/segmentation_platform/internal/selection/segment_result_provider.cc:226] GetCachedModelScore: segment=PASSWORD_MANAGER_USER does not have a segment info.
[1617206:1617206:0625/105603.466194:VERBOSE1:components/segmentation_platform/internal/selection/segment_result_provider.cc:172] OnGotModelScore: segment=PASSWORD_MANAGER_USER failed to get score from database, executing server model.
[1617206:1617206:0625/105603.466205:VERBOSE1:components/segmentation_platform/internal/selection/segment_result_provider.cc:277] ExecuteModelAndGetScore: segment=PASSWORD_MANAGER_USER server segment info not available
[1617206:1617206:0625/105603.466214:VERBOSE1:components/segmentation_platform/internal/selection/segment_result_provider.cc:201] OnGotModelScore: segment=PASSWORD_MANAGER_USER failed to get score from executing server model, getting score from default model from db.
[1617206:1617206:0625/105603.466220:VERBOSE1:components/segmentation_platform/internal/selection/segment_result_provider.cc:240] GetCachedModelScore: segment=PASSWORD_MANAGER_USER has expired or unavailable result.
[1617206:1617206:0625/105603.466227:VERBOSE1:components/segmentation_platform/internal/selection/segment_result_provider.cc:210] OnGotModelScore: segment=PASSWORD_MANAGER_USER failed to get database model score, trying default model.
[1617206:1617206:0625/105603.466240:VERBOSE1:components/segmentation_platform/internal/selection/segment_result_provider.cc:295] ExecuteModelAndGetScore: segment=PASSWORD_MANAGER_USER signal collection not met
[1617206:1617206:0625/105603.466249:VERBOSE1:components/segmentation_platform/internal/selection/segment_result_provider.cc:226] GetCachedModelScore: segment=CHROME_USER_ENGAGEMENT does not have a segment info.
[1617206:1617206:0625/105603.466255:VERBOSE1:components/segmentation_platform/internal/selection/segment_result_provider.cc:172] OnGotModelScore: segment=CHROME_USER_ENGAGEMENT failed to get score from database, executing server model.
[1617206:1617206:0625/105603.466258:VERBOSE1:components/segmentation_platform/internal/selection/segment_result_provider.cc:277] ExecuteModelAndGetScore: segment=CHROME_USER_ENGAGEMENT server segment info not available
[1617206:1617206:0625/105603.466264:VERBOSE1:components/segmentation_platform/internal/selection/segment_result_provider.cc:201] OnGotModelScore: segment=CHROME_USER_ENGAGEMENT failed to get score from executing server model, getting score from default model from db.
[1617206:1617206:0625/105603.466272:VERBOSE1:components/segmentation_platform/internal/selection/segment_result_provider.cc:240] GetCachedModelScore: segment=CHROME_USER_ENGAGEMENT has expired or unavailable result.
[1617206:1617206:0625/105603.466277:VERBOSE1:components/segmentation_platform/internal/selection/segment_result_provider.cc:210] OnGotModelScore: segment=CHROME_USER_ENGAGEMENT failed to get database model score, trying default model.
[1617206:1617206:0625/105603.466286:VERBOSE1:components/segmentation_platform/internal/selection/segment_result_provider.cc:295] ExecuteModelAndGetScore: segment=CHROME_USER_ENGAGEMENT signal collection not met
[1617206:1617262:0625/105603.466707:VERBOSE1:components/segmentation_platform/internal/database/ukm_database_backend.cc:311] Output from SQL query SELECT IFNULL(COUNT(metric_value),0)FROM uma_metrics WHERE metric_hash='1A94D82447638877' AND profile_id=? AND type=? AND metric_value IN(1)AND event_timestamp BETWEEN ? AND ? Bind values: 0:1443006719 1:2 2:2026-06-18 02:56:03.465951 UTC 3:2026-06-25 02:56:03.465951 UTC  Result: 0.000000,
[1617206:1617262:0625/105603.466824:VERBOSE1:components/segmentation_platform/internal/database/ukm_database_backend.cc:311] Output from SQL query SELECT IFNULL(COUNT(metric_value),0)FROM uma_metrics WHERE metric_hash='8A5076C9026398BD' AND profile_id=? AND type=? AND event_timestamp BETWEEN ? AND ? Bind values: 0:1443006719 1:1 2:2026-06-18 02:56:03.465951 UTC 3:2026-06-25 02:56:03.465951 UTC  Result: 0.000000,
[1617206:1617262:0625/105603.466997:VERBOSE1:components/segmentation_platform/internal/database/ukm_database_backend.cc:311] Output from SQL query SELECT COALESCE((SELECT metric_value FROM uma_metrics WHERE metric_hash='ED7CFEC70BF9942D' AND profile_id=? AND type=? AND event_timestamp BETWEEN ? AND ? ORDER BY event_timestamp DESC,id DESC LIMIT 1),0.000000) Bind values: 0:1443006719 1:3 2:2026-06-18 02:56:03.465951 UTC 3:2026-06-25 02:56:03.465951 UTC  Result: 0.000000,
[1617206:1617206:0625/105603.467201:VERBOSE1:components/segmentation_platform/internal/execution/model_executor_impl.cc:189] Segmentation model input:  feature 0: 0 feature 1: 0 feature 2: 0 feature 3: 0 for segment OPTIMIZATION_TARGET_SEGMENTATION_SHOPPING_USER
[1617206:1617206:0625/105603.467243:VERBOSE1:components/segmentation_platform/internal/execution/model_executor_impl.cc:218] Segmentation model result:  output 0: 0 for segment OPTIMIZATION_TARGET_SEGMENTATION_SHOPPING_USER
[1617206:1617206:0625/105603.467273:VERBOSE1:components/segmentation_platform/internal/execution/model_executor_impl.cc:276] Model: OPTIMIZATION_TARGET_SEGMENTATION_SHOPPING_USER version: 3 execution status: 0, output size: 1
[1617206:1617206:0625/105603.467297:VERBOSE1:components/segmentation_platform/internal/selection/segment_result_provider.cc:29] ComputeDiscreteMapping: segment=: result=0, rank=0
[1617206:1617206:0625/105603.467306:VERBOSE1:components/segmentation_platform/internal/selection/segment_result_provider.cc:359] OnModelExecuted: Default model executed successfully. Result: PredictionResult: timestamp: 13426829763467292 result 0: 0 for segment OPTIMIZATION_TARGET_SEGMENTATION_SHOPPING_USER
[1617206:1617206:0625/105603.467325:VERBOSE1:components/segmentation_platform/internal/database/segment_info_database.cc:208] SaveSegmentResult: saving: PredictionResult: timestamp: 13426829763467292 result 0: 0 for segment id: OPTIMIZATION_TARGET_SEGMENTATION_SHOPPING_USER
[1617206:1617206:0625/105603.467376:VERBOSE1:components/segmentation_platform/internal/database/cached_result_writer.cc:30] CachedResultWriter updating prefs with new result: PredictionResult: timestamp: 13426829763467292 result 0: 0 for segmentation key: shopping_user
[1617322:1617369:0625/105604.202638:VERBOSE1:net/base/logging_network_change_observer.cc:81] Observed a change to the network IP addresses IP_ADDRESS_CHANGE_NORMAL
[1617206:1617206:0625/105604.270485:VERBOSE1:google_apis/gaia/gaia_auth_fetcher.cc:712] Got authentication error
[1617206:1617206:0625/105604.270529:VERBOSE1:google_apis/gaia/gaia_auth_fetcher.cc:713] net_error: net::ERR_QUIC_PROTOCOL_ERROR
[1617206:1617206:0625/105604.270583:VERBOSE1:google_apis/gaia/gaia_auth_fetcher.cc:714] response body: 
