ninja: Entering directory `out/Default'
[1/9] CXX obj/v8/v8_taint_tracking_stub/taint_tracking_stub.o
FAILED: [code=1] obj/v8/v8_taint_tracking_stub/taint_tracking_stub.o 
../../third_party/llvm-build/Release+Asserts/bin/clang++ -MMD -MF obj/v8/v8_taint_tracking_stub/taint_tracking_stub.o.d -D__STDC_CONSTANT_MACROS -D__STDC_FORMAT_MACROS -D_FILE_OFFSET_BITS=64 -D_LARGEFILE_SOURCE -D_LARGEFILE64_SOURCE -D_GNU_SOURCE -DCR_CLANG_REVISION=\"llvmorg-23-init-5669-g8a0be0bc-1\" -DCOMPONENT_BUILD -D_LIBCPP_HARDENING_MODE=_LIBCPP_HARDENING_MODE_EXTENSIVE -D_LIBCPP_INSTRUMENTED_WITH_ASAN=0 -DCR_LIBCXX_REVISION=7ab65651aed6802d2599dcb7a73b1f82d5179d05 -DCR_SYSROOT_KEY=20250129T203412Z-2 -DDCHECK_ALWAYS_ON=1 -DUSE_UDEV -DUSE_AURA=1 -DUSE_GLIB=1 -DUSE_OZONE=1 -D_DEBUG -DDYNAMIC_ANNOTATIONS_ENABLED=1 -DV8_TYPED_ARRAY_MAX_SIZE_IN_HEAP=64 -DCPPGC_VERIFY_HEAP -DV8_CONTIGUOUS_COMPRESSED_RO_SPACE -DV8_CONTIGUOUS_COMPRESSED_RO_SPACE_SIZE_MB=16 -DENABLE_DISASSEMBLER -DV8_USE_HOST_CPU_ARM_FEATURES -DOBJECT_PRINT -DALWAYS_MAGLEV_GRAPH_LABELLER -DVERIFY_HEAP -DV8_VERIFY_WRITE_BARRIERS -DV8_TRACE_MAPS -DV8_ENABLE_ALLOCATION_TIMEOUT -DV8_ENABLE_FORCE_SLOW_PATH -DV8_ENABLE_DOUBLE_CONST_STORE_CHECK -DV8_HASHES_COLLIDE -DV8_INTL_SUPPORT -DV8_TEMPORAL_SUPPORT -DENABLE_LOCAL_HANDLE_ZAPPING -DENABLE_GLOBAL_HANDLE_ZAPPING -DV8_CODE_COMMENTS -DV8_ENABLE_DEBUG_CODE -DV8_ENABLE_SLOW_DEBUG_CODE_BY_DEFAULT -DV8_ENABLE_HEAP_SNAPSHOT_VERIFY -DV8_SNAPSHOT_NATIVE_CODE_COUNTERS -DV8_USE_EXTERNAL_STARTUP_DATA -DV8_ATOMIC_OBJECT_FIELD_WRITES -DV8_ENABLE_LAZY_SOURCE_POSITIONS -DV8_WIN64_UNWINDING_INFO -DV8_ENABLE_REGEXP_INTERPRETER_THREADED_DISPATCH -DV8_SHORT_BUILTIN_CALLS -DV8_EXTERNAL_CODE_SPACE -DV8_ENABLE_SPARKPLUG -DV8_ENABLE_MAGLEV -DV8_ENABLE_TURBOFAN -DV8_ENABLE_WEBASSEMBLY -DV8_ENABLE_CONTINUATION_PRESERVED_EMBEDDER_DATA -DV8_ALLOCATION_FOLDING -DV8_ALLOCATION_SITE_TRACKING -DV8_ADVANCED_BIGINT_ALGORITHMS -DV8_STATIC_ROOTS -DV8_USE_ZLIB -DV8_USE_LIBM_TRIG_FUNCTIONS -DV8_ENABLE_WASM_SIMD256_REVEC -DV8_ENABLE_SLOW_TRACING -DV8_ENABLE_BUILTIN_JUMP_TABLE_SWITCH -DV8_ENABLE_EXTENSIBLE_RO_SNAPSHOT -DV8_ENABLE_BLACK_ALLOCATED_PAGES -DV8_ENABLE_UNDEFINED_DOUBLE -DV8_WASM_RANDOM_FUZZERS -DV8_ARRAY_BUFFER_INTERNAL_FIELD_COUNT=0 -DV8_ARRAY_BUFFER_VIEW_INTERNAL_FIELD_COUNT=0 -DV8_PROMISE_INTERNAL_FIELD_COUNT=0 -DV8_USE_DEFAULT_HASHER_SECRET=true -DV8_ENABLE_CHECKS -DV8_ENABLE_MEMORY_ACCOUNTING_CHECKS -DV8_COMPRESS_POINTERS -DV8_COMPRESS_POINTERS_IN_SHARED_CAGE -DV8_31BIT_SMIS_ON_64BIT_ARCH -DV8_ENABLE_SANDBOX -DV8_DEPRECATION_WARNINGS -DV8_USE_PERFETTO -DV8_USE_PERFETTO_JSON_EXPORT -DV8_HAVE_TARGET_OS -DV8_TARGET_OS_LINUX -DCPPGC_ENABLE_API_CHECKS -DCPPGC_CAGED_HEAP -DCPPGC_YOUNG_GENERATION -DCPPGC_POINTER_COMPRESSION -DCPPGC_ENABLE_LARGER_CAGE -DCPPGC_SLIM_WRITE_BARRIER -DV8_TARGET_ARCH_X64 -DDEBUG -DV8_RUNTIME_CALL_STATS -DBUILDING_V8_SHARED_PRIVATE -DUSING_V8_BASE_SHARED -DABSL_ALLOCATOR_NOTHROW=1 -DABSL_CONSUME_DLL -DABSL_FLAGS_STRIP_NAMES=0 -DUSE_LIBCXX_MODULES -I../.. -Igen -I../../v8 -I../../v8/include -Igen/v8 -Igen/v8/include -I../../third_party/perfetto/include -Igen/third_party/perfetto -Igen/third_party/perfetto/build_config -I../../third_party/abseil-cpp -Wall -Wextra -Wimplicit-fallthrough -Wextra-semi -Wunreachable-code-aggressive -Wgnu -Wno-gnu-anonymous-struct -Wno-gnu-conditional-omitted-operand -Wno-gnu-include-next -Wno-gnu-label-as-value -Wno-gnu-redeclared-enum -Wno-gnu-statement-expression -Wno-gnu-zero-variadic-macro-arguments -Wno-zero-length-array -Wthread-safety -Wno-missing-field-initializers -Wno-unused-parameter -Wno-psabi -Wloop-analysis -Wno-unneeded-internal-declaration -Wno-cast-function-type -Wno-thread-safety-reference-return -Wno-nontrivial-memcall -Wno-uninitialized-const-pointer -Wexit-time-destructors -Wshadow -Werror -fno-delete-null-pointer-checks -fno-strict-overflow -fno-ident -fno-math-errno -fno-strict-aliasing -fstack-protector -funwind-tables -fPIC -pthread -fcolor-diagnostics -fmerge-all-constants -fcrash-diagnostics-dir=../clang-crashreports -fno-lifetime-dse -mllvm -instcombine-lower-dbg-declare=0 -mllvm -split-threshold-for-reg-with-hint=0 -ffp-contract=off -Wa,--crel,--allow-experimental-crel -fcomplete-member-pointers --target=x86_64-unknown-linux-gnu -msse3 -Wno-builtin-macro-redefined -D__DATE__= -D__TIME__= -D__TIMESTAMP__= -ffile-compilation-dir=. -no-canonical-prefixes -Xclang -fmodule-file-home-is-cwd -Xclang -fmodules-cache-path=/not_exist_dummy_dir --warning-suppression-mappings=../../build/config/warning_suppression.txt -ftrivial-auto-var-init=pattern -fno-omit-frame-pointer -gdwarf-4 -g2 -gdwarf-aranges -ggnu-pubnames -Xclang -fuse-ctor-homing -gsplit-dwarf -fsanitize=array-bounds -fsanitize-trap=array-bounds -fsanitize-ignore-for-ubsan-feature=array-bounds -Wno-unsafe-buffer-usage-in-static-sized-array -fsanitize=return -fsanitize-trap=return -fsanitize-ignore-for-ubsan-feature=return -fvisibility=hidden -Wheader-hygiene -Wstring-conversion -Wtautological-overlap-compare -Xclang -add-plugin -Xclang find-bad-constructs -Xclang -plugin-arg-find-bad-constructs -Xclang check-stack-allocated -Xclang -plugin-arg-find-bad-constructs -Xclang check-std-ranges-pipe-operator -Xclang -plugin-arg-find-bad-constructs -Xclang check-ipc -Xclang -add-plugin -Xclang raw-ptr-plugin -Xclang -plugin-arg-raw-ptr-plugin -Xclang check-raw-ptr-to-stack-allocated -Xclang -plugin-arg-raw-ptr-plugin -Xclang disable-check-raw-ptr-to-stack-allocated-error -Xclang -plugin-arg-raw-ptr-plugin -Xclang raw-ptr-exclude-path=../../third_party/dawn/ -Xclang -plugin-arg-raw-ptr-plugin -Xclang raw-ptr-exclude-path=../../build/config/clang/chrome/test/fuzzing/webidl_fuzzing/ -Xclang -plugin-arg-raw-ptr-plugin -Xclang check-raw-ptr-fields -Xclang -plugin-arg-raw-ptr-plugin -Xclang check-span-fields -Xclang -plugin-arg-raw-ptr-plugin -Xclang check-raw-ref-fields -Xclang -plugin-arg-raw-ptr-plugin -Xclang no-special-treatment-for-oilpanized-paths -DUNSAFE_BUFFERS_BUILD -Wunsafe-buffer-usage -Wno-error=unsafe-buffer-usage -Xclang -add-plugin -Xclang unsafe-buffers -Xclang -plugin-arg-unsafe-buffers -Xclang ../../build/config/unsafe_buffers_paths.txt -Wunreachable-code -Wlifetime-safety-permissive -Wctad-maybe-unsupported -Xclang -add-plugin -Xclang blink-gc-plugin -Wno-invalid-offsetof -Wno-macro-redefined -Wshorten-64-to-32 -Wmissing-field-initializers -Wunnecessary-virtual-specifier -O3 -fdata-sections -ffunction-sections -fno-unique-section-names -Wno-invalid-offsetof -Wenum-compare-conditional -Wno-nullability-completeness -Wunique-object-duplication -std=c++23 -Wno-trigraphs -gsimple-template-names -fno-exceptions -fno-rtti -nostdinc++ -isystemgen/third_party/libc++/src/include -isystem../../third_party/libc++abi/src/include --sysroot=../../build/linux/debian_bullseye_amd64-sysroot -fvisibility-inlines-hidden -fbuiltin-module-map -fmodules -fno-implicit-module-maps -fno-implicit-modules -Xclang -fmodules-local-submodule-visibility -Wno-modules-ambiguous-internal-linkage -Wno-modules-import-nested-redundant -Xclang -fmodules-disable-diagnostic-validation -Wno-module-import-in-extern-c -fmodule-map-file=gen/build/modules/linux/module.modulemap -fmodule-map-file=gen/third_party/libc++/src/include/module.modulemap -fmodule-map-file=../../third_party/llvm-build/Release+Asserts/lib/clang/23/include/module.modulemap -fmodule-file=_Builtin_float=obj/build/modules/linux/_Builtin_float/module.pcm -fmodule-map-file=../../third_party/llvm-build/Release+Asserts/lib/clang/23/include/module.modulemap -fmodule-file=_Builtin_intrinsics=obj/build/modules/linux/_Builtin_intrinsics/module.pcm -fmodule-map-file=../../third_party/llvm-build/Release+Asserts/lib/clang/23/include/module.modulemap -fmodule-file=_Builtin_inttypes=obj/build/modules/linux/_Builtin_inttypes/module.pcm -fmodule-map-file=../../third_party/llvm-build/Release+Asserts/lib/clang/23/include/module.modulemap -fmodule-file=_Builtin_iso646=obj/build/modules/linux/_Builtin_iso646/module.pcm -fmodule-map-file=../../third_party/llvm-build/Release+Asserts/lib/clang/23/include/module.modulemap -fmodule-file=_Builtin_limits=obj/build/modules/linux/_Builtin_limits/module.pcm -fmodule-map-file=../../third_party/llvm-build/Release+Asserts/lib/clang/23/include/module.modulemap -fmodule-file=_Builtin_stdalign=obj/build/modules/linux/_Builtin_stdalign/module.pcm -fmodule-map-file=../../third_party/llvm-build/Release+Asserts/lib/clang/23/include/module.modulemap -fmodule-file=_Builtin_stdarg=obj/build/modules/linux/_Builtin_stdarg/module.pcm -fmodule-map-file=../../third_party/llvm-build/Release+Asserts/lib/clang/23/include/module.modulemap -fmodule-file=_Builtin_stdatomic=obj/build/modules/linux/_Builtin_stdatomic/module.pcm -fmodule-map-file=../../third_party/llvm-build/Release+Asserts/lib/clang/23/include/module.modulemap -fmodule-file=_Builtin_stdbool=obj/build/modules/linux/_Builtin_stdbool/module.pcm -fmodule-map-file=../../third_party/llvm-build/Release+Asserts/lib/clang/23/include/module.modulemap -fmodule-file=_Builtin_stdcountof=obj/build/modules/linux/_Builtin_stdcountof/module.pcm -fmodule-map-file=../../third_party/llvm-build/Release+Asserts/lib/clang/23/include/module.modulemap -fmodule-file=_Builtin_stddef=obj/build/modules/linux/_Builtin_stddef/module.pcm -fmodule-map-file=../../third_party/llvm-build/Release+Asserts/lib/clang/23/include/module.modulemap -fmodule-file=_Builtin_stddef_wint_t=obj/build/modules/linux/_Builtin_stddef_wint_t/module.pcm -fmodule-map-file=../../third_party/llvm-build/Release+Asserts/lib/clang/23/include/module.modulemap -fmodule-file=_Builtin_stdint=obj/build/modules/linux/_Builtin_stdint/module.pcm -fmodule-map-file=../../third_party/llvm-build/Release+Asserts/lib/clang/23/include/module.modulemap -fmodule-file=_Builtin_stdnoreturn=obj/build/modules/linux/_Builtin_stdnoreturn/module.pcm -fmodule-map-file=../../third_party/llvm-build/Release+Asserts/lib/clang/23/include/module.modulemap -fmodule-file=_Builtin_unwind=obj/build/modules/linux/_Builtin_unwind/module.pcm -fmodule-map-file=../../third_party/llvm-build/Release+Asserts/lib/clang/23/include/module.modulemap -fmodule-file=ptrauth=obj/build/modules/linux/ptrauth/module.pcm -fmodule-map-file=gen/third_party/libc++/src/include/module.modulemap -fmodule-file=std=obj/build/modules/linux/std/module.pcm -fmodule-map-file=gen/third_party/libc++/src/include/module.modulemap -fmodule-file=std_complex_h=obj/build/modules/linux/std_complex_h/module.pcm -fmodule-map-file=gen/third_party/libc++/src/include/module.modulemap -fmodule-file=std_core=obj/build/modules/linux/std_core/module.pcm -fmodule-map-file=gen/third_party/libc++/src/include/module.modulemap -fmodule-file=std_ctype_h=obj/build/modules/linux/std_ctype_h/module.pcm -fmodule-map-file=gen/third_party/libc++/src/include/module.modulemap -fmodule-file=std_errno_h=obj/build/modules/linux/std_errno_h/module.pcm -fmodule-map-file=gen/third_party/libc++/src/include/module.modulemap -fmodule-file=std_fenv_h=obj/build/modules/linux/std_fenv_h/module.pcm -fmodule-map-file=gen/third_party/libc++/src/include/module.modulemap -fmodule-file=std_float_h=obj/build/modules/linux/std_float_h/module.pcm -fmodule-map-file=gen/third_party/libc++/src/include/module.modulemap -fmodule-file=std_inttypes_h=obj/build/modules/linux/std_inttypes_h/module.pcm -fmodule-map-file=gen/third_party/libc++/src/include/module.modulemap -fmodule-file=std_math_h=obj/build/modules/linux/std_math_h/module.pcm -fmodule-map-file=gen/third_party/libc++/src/include/module.modulemap -fmodule-file=std_private_mbstate_t=obj/build/modules/linux/std_private_mbstate_t/module.pcm -fmodule-map-file=gen/third_party/libc++/src/include/module.modulemap -fmodule-file=std_stdatomic_h=obj/build/modules/linux/std_stdatomic_h/module.pcm -fmodule-map-file=gen/third_party/libc++/src/include/module.modulemap -fmodule-file=std_string_h=obj/build/modules/linux/std_string_h/module.pcm -fmodule-map-file=gen/third_party/libc++/src/include/module.modulemap -fmodule-file=std_tgmath_h=obj/build/modules/linux/std_tgmath_h/module.pcm -fmodule-map-file=gen/third_party/libc++/src/include/module.modulemap -fmodule-file=std_uchar_h=obj/build/modules/linux/std_uchar_h/module.pcm -fmodule-map-file=gen/third_party/libc++/src/include/module.modulemap -fmodule-file=std_wctype_h=obj/build/modules/linux/std_wctype_h/module.pcm -fmodule-map-file=gen/build/modules/linux/module.modulemap -fmodule-file=sys_stage1=obj/build/modules/linux/sys_stage1/module.pcm -fmodule-map-file=gen/build/modules/linux/module.modulemap -fmodule-file=sys_stage2=obj/build/modules/linux/sys_stage2/module.pcm -c ../../v8/src/taint_tracking/taint_tracking_stub.cc -o obj/v8/v8_taint_tracking_stub/taint_tracking_stub.o
../../v8/src/taint_tracking/taint_tracking_stub.cc:69:74: error: implicit instantiation of undefined template 'v8::internal::DirectHandle<v8::internal::Object>'
   69 | void RuntimeAddLiteralArgumentToStackFrame(Isolate*, DirectHandle<Object>) {}
      |                                                                          ^
../../v8/src/common/globals.h:1253:7: note: template is declared here
 1253 | class DirectHandle;
      |       ^
../../v8/src/taint_tracking/taint_tracking_stub.cc:107:42: error: implicit instantiation of undefined template 'v8::internal::DirectHandle<v8::internal::String>'
  107 | int64_t LogIfTainted(DirectHandle<String>, TaintSinkLabel, int, Isolate*) {
      |                                          ^
../../v8/src/common/globals.h:1253:7: note: template is declared here
 1253 | class DirectHandle;
      |       ^
../../v8/src/taint_tracking/taint_tracking_stub.cc:92:15: error: explicit instantiation of undefined function template 'FlattenTaintData'
   92 | template void FlattenTaintData<String>(Tagged<String>, TaintData*, int, int);
      |               ^
../../v8/src/taint_tracking.h:243:25: note: explicit instantiation refers here
  243 | template <class T> void FlattenTaintData(
      |                         ^
../../v8/src/taint_tracking/taint_tracking_stub.cc:94:15: error: explicit instantiation of undefined function template 'OnJoinManyStrings'
   94 | template void OnJoinManyStrings<SeqOneByteString, FixedArray>(
      |               ^
../../v8/src/taint_tracking.h:298:38: note: explicit instantiation refers here
  298 | template <class T, class Array> void OnJoinManyStrings(
      |                                      ^
../../v8/src/taint_tracking/taint_tracking_stub.cc:97:15: error: explicit instantiation of undefined function template 'OnJoinManyStrings'
   97 | template void OnJoinManyStrings<SeqTwoByteString, FixedArray>(
      |               ^
../../v8/src/taint_tracking.h:298:38: note: explicit instantiation refers here
  298 | template <class T, class Array> void OnJoinManyStrings(
      |                                      ^
../../v8/src/taint_tracking/taint_tracking_stub.cc:100:15: error: explicit instantiation of undefined function template 'OnGenericOperation'
  100 | template void OnGenericOperation<String>(SymbolicType, Tagged<String>, Isolate*);
      |               ^
../../v8/src/taint_tracking.h:302:25: note: explicit instantiation refers here
  302 | template <class T> void OnGenericOperation(
      |                         ^
../../v8/src/taint_tracking/taint_tracking_stub.cc:102:15: error: explicit instantiation of undefined function template 'OnGenericOperation'
  102 | template void OnGenericOperation<SeqOneByteString>(SymbolicType, Tagged<SeqOneByteString>, Isolate*);
      |               ^
../../v8/src/taint_tracking.h:302:25: note: explicit instantiation refers here
  302 | template <class T> void OnGenericOperation(
      |                         ^
../../v8/src/taint_tracking/taint_tracking_stub.cc:104:15: error: explicit instantiation of undefined function template 'OnGenericOperation'
  104 | template void OnGenericOperation<SeqTwoByteString>(SymbolicType, Tagged<SeqTwoByteString>, Isolate*);
      |               ^
../../v8/src/taint_tracking.h:302:25: note: explicit instantiation refers here
  302 | template <class T> void OnGenericOperation(
      |                         ^
8 errors generated.
ninja: build stopped: subcommand failed.
