ninja: Entering directory `out/Default'
[1/28428] CXX obj/v8/mksnapshot/platform-embedded-file-writer-aix.o
[2/28428] CXX obj/v8/mksnapshot/platform-embedded-file-writer-mac.o
[3/28428] CXX obj/v8/mksnapshot/platform-embedded-file-writer-generic.o
[4/28428] CXX obj/v8/mksnapshot/snapshot-empty.o
[5/28428] CXX obj/v8/torque_generated_definitions/allocation-site-tq.o
[6/28428] CXX obj/v8/mksnapshot/mksnapshot.o
[7/28428] CXX obj/v8/mksnapshot/embedded-file-writer.o
[8/28428] CXX obj/v8/torque_generated_definitions/call-site-info-tq.o
[9/28428] CXX obj/v8/mksnapshot/static-roots-gen.o
[10/28428] CXX obj/v8/torque_generated_definitions/api-callbacks-tq.o
[11/28428] CXX obj/v8/torque_generated_definitions/bytecode-array-tq.o
[12/28428] CXX obj/v8/torque_generated_definitions/arguments-tq.o
[13/28428] CXX obj/v8/torque_generated_definitions/contexts-tq.o
[14/28428] CXX obj/v8/torque_generated_definitions/cell-tq.o
[15/28428] CXX obj/v8/torque_generated_definitions/debug-objects-tq.o
[16/28428] CXX obj/v8/torque_generated_definitions/cpp-heap-external-object-tq.o
[17/28428] CXX obj/v8/torque_generated_definitions/descriptor-array-tq.o
[18/28428] CXX obj/v8/torque_generated_definitions/embedder-data-array-tq.o
[19/28428] CXX obj/v8/torque_generated_definitions/fixed-array-tq.o
[20/28428] CXX obj/v8/torque_generated_definitions/feedback-vector-tq.o
[21/28428] CXX obj/v8/torque_generated_definitions/feedback-cell-tq.o
[22/28428] CXX obj/v8/torque_generated_definitions/heap-number-tq.o
[23/28428] CXX obj/v8/torque_generated_definitions/foreign-tq.o
[24/28428] CXX obj/v8/torque_generated_definitions/js-array-tq.o
[25/28428] CXX obj/v8/torque_generated_definitions/js-array-buffer-tq.o
[26/28428] CXX obj/v8/torque_generated_definitions/js-atomics-synchronization-tq.o
[27/28428] CXX obj/v8/torque_generated_definitions/js-collection-iterator-tq.o
[28/28428] CXX obj/v8/torque_generated_definitions/js-disposable-stack-tq.o
[29/28428] CXX obj/v8/torque_generated_definitions/js-collection-tq.o
[30/28428] CXX obj/v8/torque_generated_definitions/js-function-tq.o
[31/28428] CXX obj/v8/torque_generated_definitions/js-generator-tq.o
[32/28428] CXX obj/v8/torque_generated_definitions/js-iterator-helpers-tq.o
[33/28428] CXX obj/v8/torque_generated_definitions/js-objects-tq.o
[34/28428] CXX obj/v8/torque_generated_definitions/js-promise-tq.o
[35/28428] CXX obj/v8/torque_generated_definitions/js-proxy-tq.o
[36/28428] CXX obj/v8/torque_generated_definitions/js-raw-json-tq.o
[37/28428] CXX obj/v8/torque_generated_definitions/js-regexp-string-iterator-tq.o
[38/28428] CXX obj/v8/torque_generated_definitions/js-regexp-tq.o
[39/28428] CXX obj/v8/torque_generated_definitions/js-shadow-realm-tq.o
[40/28428] CXX obj/v8/torque_generated_definitions/js-shared-array-tq.o
[41/28428] CXX obj/v8/torque_generated_definitions/js-struct-tq.o
[42/28428] CXX obj/v8/torque_generated_definitions/js-weak-refs-tq.o
[43/28428] CXX obj/v8/torque_generated_definitions/microtask-tq.o
[44/28428] CXX obj/v8/torque_generated_definitions/literal-objects-tq.o
[45/28428] CXX obj/v8/torque_generated_definitions/name-tq.o
[46/28428] CXX obj/v8/torque_generated_definitions/map-tq.o
[47/28428] CXX obj/v8/torque_generated_definitions/oddball-tq.o
[48/28428] CXX obj/v8/torque_generated_definitions/trusted-object-tq.o
[49/28428] CXX obj/v8/torque_generated_definitions/megadom-handler-tq.o
[50/28428] CXX obj/v8/torque_generated_definitions/primitive-heap-object-tq.o
[51/28428] CXX obj/v8/torque_generated_definitions/promise-tq.o
[52/28428] CXX obj/v8/torque_generated_definitions/module-tq.o
[53/28428] CXX obj/v8/torque_generated_definitions/property-descriptor-object-tq.o
[54/28428] CXX obj/v8/torque_generated_definitions/regexp-match-info-tq.o
[55/28428] CXX obj/v8/torque_generated_definitions/property-array-tq.o
[56/28428] CXX obj/v8/torque_generated_definitions/property-cell-tq.o
[57/28428] CXX obj/v8/torque_generated_definitions/prototype-info-tq.o
[58/28428] CXX obj/v8/torque_generated_definitions/scope-info-tq.o
[59/28428] CXX obj/v8/torque_generated_definitions/string-tq.o
[60/28428] CXX obj/v8/torque_generated_definitions/script-tq.o
[61/28428] CXX obj/v8/torque_generated_definitions/shared-function-info-tq.o
[62/28428] CXX obj/v8/torque_generated_definitions/template-objects-tq.o
[63/28428] CXX obj/v8/torque_generated_definitions/source-text-module-tq.o
[64/28428] CXX obj/v8/torque_generated_definitions/struct-tq.o
[65/28428] CXX obj/v8/torque_generated_definitions/synthetic-module-tq.o
[66/28428] CXX obj/v8/torque_generated_definitions/torque-defined-classes-tq.o
[67/28428] CXX obj/v8/torque_generated_definitions/templates-tq.o
[68/28428] CXX obj/v8/torque_generated_definitions/turbofan-types-tq.o
[69/28428] CXX obj/v8/torque_generated_definitions/turboshaft-types-tq.o
[70/28428] CXX obj/v8/torque_generated_definitions/js-collator-tq.o
[71/28428] CXX obj/v8/torque_generated_definitions/js-date-time-format-tq.o
[72/28428] CXX obj/v8/torque_generated_definitions/js-break-iterator-tq.o
[73/28428] CXX obj/v8/torque_generated_definitions/js-display-names-tq.o
[74/28428] CXX obj/v8/torque_generated_definitions/js-duration-format-tq.o
[75/28428] CXX obj/v8/torque_generated_definitions/js-list-format-tq.o
[76/28428] CXX obj/v8/torque_generated_definitions/js-locale-tq.o
[77/28428] CXX obj/v8/torque_generated_definitions/js-number-format-tq.o
[78/28428] CXX obj/v8/torque_generated_definitions/js-plural-rules-tq.o
[79/28428] CXX obj/v8/torque_generated_definitions/js-segment-iterator-tq.o
[80/28428] CXX obj/v8/torque_generated_definitions/js-relative-time-format-tq.o
[81/28428] CXX obj/v8/torque_generated_definitions/js-segmenter-tq.o
[82/28428] CXX obj/v8/torque_generated_definitions/js-segments-tq.o
[83/28428] CXX obj/v8/torque_generated_definitions/wasm-objects-tq.o
[84/28428] CXX obj/v8/torque_generated_definitions/js-temporal-objects-tq.o
[85/28428] CXX obj/v8/torque_generated_definitions/factory.o
[86/28428] CXX obj/v8/torque_generated_initializers/array-at-tq-csa.o
[87/28428] CXX obj/v8/torque_generated_initializers/array-concat-tq-csa.o
[88/28428] CXX obj/v8/torque_generated_initializers/aggregate-error-tq-csa.o
[89/28428] CXX obj/v8/torque_generated_initializers/array-copywithin-tq-csa.o
[90/28428] CXX obj/v8/torque_generated_initializers/array-find-tq-csa.o
[91/28428] CXX obj/v8/torque_generated_initializers/array-filter-tq-csa.o
[92/28428] CXX obj/v8/torque_generated_initializers/array-every-tq-csa.o
[93/28428] CXX obj/v8/torque_generated_initializers/array-findindex-tq-csa.o
[94/28428] CXX obj/v8/torque_generated_initializers/array-findlast-tq-csa.o
[95/28428] CXX obj/v8/torque_generated_initializers/array-findlastindex-tq-csa.o
[96/28428] CXX obj/v8/torque_generated_initializers/array-foreach-tq-csa.o
[97/28428] CXX obj/v8/torque_generated_initializers/array-flat-tq-csa.o
[98/28428] CXX obj/v8/torque_generated_initializers/array-from-tq-csa.o
[99/28428] CXX obj/v8/torque_generated_initializers/array-isarray-tq-csa.o
[100/28428] CXX obj/v8/torque_generated_initializers/array-from-async-tq-csa.o
[101/28428] CXX obj/v8/torque_generated_initializers/array-lastindexof-tq-csa.o
[102/28428] CXX obj/v8/torque_generated_initializers/array-join-tq-csa.o
[103/28428] CXX obj/v8/torque_generated_initializers/array-map-tq-csa.o
[104/28428] CXX obj/v8/torque_generated_initializers/array-of-tq-csa.o
[105/28428] CXX obj/v8/torque_generated_initializers/array-reduce-tq-csa.o
[106/28428] CXX obj/v8/torque_generated_initializers/array-reduce-right-tq-csa.o
[107/28428] CXX obj/v8/torque_generated_initializers/array-reverse-tq-csa.o
[108/28428] CXX obj/v8/torque_generated_initializers/array-shift-tq-csa.o
[109/28428] CXX obj/v8/torque_generated_initializers/array-some-tq-csa.o
[110/28428] CXX obj/v8/torque_generated_initializers/array-slice-tq-csa.o
[111/28428] CXX obj/v8/torque_generated_initializers/array-splice-tq-csa.o
[112/28428] CXX obj/v8/torque_generated_initializers/array-to-reversed-tq-csa.o
[113/28428] CXX obj/v8/torque_generated_initializers/array-to-sorted-tq-csa.o
[114/28428] CXX obj/v8/torque_generated_initializers/array-to-spliced-tq-csa.o
[115/28428] CXX obj/v8/torque_generated_initializers/array-unshift-tq-csa.o
[116/28428] CXX obj/v8/torque_generated_initializers/array-with-tq-csa.o
[117/28428] CXX obj/v8/torque_generated_initializers/array-tq-csa.o
[118/28428] CXX obj/v8/torque_generated_initializers/arraybuffer-tq-csa.o
[119/28428] CXX obj/v8/torque_generated_initializers/boolean-tq-csa.o
[120/28428] CXX obj/v8/torque_generated_initializers/base-tq-csa.o
[121/28428] CXX obj/v8/torque_generated_initializers/builtins-string-tq-csa.o
[122/28428] CXX obj/v8/torque_generated_initializers/builtins-bigint-tq-csa.o
[123/28428] CXX obj/v8/torque_generated_initializers/collections-tq-csa.o
[124/28428] CXX obj/v8/torque_generated_initializers/cast-tq-csa.o
[125/28428] CXX obj/v8/torque_generated_initializers/constructor-tq-csa.o
[126/28428] CXX obj/v8/torque_generated_initializers/conversion-tq-csa.o
[127/28428] CXX obj/v8/torque_generated_initializers/convert-tq-csa.o
[128/28428] CXX obj/v8/torque_generated_initializers/console-tq-csa.o
[129/28428] CXX obj/v8/torque_generated_initializers/data-view-tq-csa.o
[130/28428] CXX obj/v8/torque_generated_initializers/finalization-registry-tq-csa.o
[131/28428] CXX obj/v8/torque_generated_initializers/frames-tq-csa.o
[132/28428] CXX obj/v8/torque_generated_initializers/frame-arguments-tq-csa.o
[133/28428] CXX obj/v8/torque_generated_initializers/function-tq-csa.o
[134/28428] CXX obj/v8/torque_generated_initializers/growable-fixed-array-tq-csa.o
[135/28428] CXX obj/v8/torque_generated_initializers/ic-callable-tq-csa.o
[136/28428] CXX obj/v8/torque_generated_initializers/ic-tq-csa.o
[137/28428] CXX obj/v8/torque_generated_initializers/internal-coverage-tq-csa.o
[138/28428] CXX obj/v8/torque_generated_initializers/internal-tq-csa.o
[139/28428] CXX obj/v8/torque_generated_initializers/iterator-tq-csa.o
[140/28428] CXX obj/v8/torque_generated_initializers/iterator-from-tq-csa.o
[141/28428] CXX obj/v8/torque_generated_initializers/map-groupby-tq-csa.o
[142/28428] CXX obj/v8/torque_generated_initializers/math-tq-csa.o
[143/28428] CXX obj/v8/torque_generated_initializers/iterator-helpers-tq-csa.o
[144/28428] CXX obj/v8/torque_generated_initializers/number-tq-csa.o
[145/28428] CXX obj/v8/torque_generated_initializers/object-fromentries-tq-csa.o
[146/28428] CXX obj/v8/torque_generated_initializers/object-groupby-tq-csa.o
[147/28428] CXX obj/v8/torque_generated_initializers/object-tq-csa.o
[148/28428] CXX obj/v8/torque_generated_initializers/promise-abstract-operations-tq-csa.o
[149/28428] CXX obj/v8/torque_generated_initializers/promise-all-tq-csa.o
[150/28428] CXX obj/v8/torque_generated_initializers/promise-all-element-closure-tq-csa.o
[151/28428] CXX obj/v8/torque_generated_initializers/promise-any-tq-csa.o
[152/28428] CXX obj/v8/torque_generated_initializers/promise-constructor-tq-csa.o
[153/28428] CXX obj/v8/torque_generated_initializers/promise-finally-tq-csa.o
[154/28428] CXX obj/v8/torque_generated_initializers/promise-jobs-tq-csa.o
[155/28428] CXX obj/v8/torque_generated_initializers/promise-misc-tq-csa.o
[156/28428] CXX obj/v8/torque_generated_initializers/promise-race-tq-csa.o
[157/28428] CXX obj/v8/torque_generated_initializers/promise-reaction-job-tq-csa.o
[158/28428] CXX obj/v8/torque_generated_initializers/promise-resolve-tq-csa.o
[159/28428] CXX obj/v8/torque_generated_initializers/promise-then-tq-csa.o
[160/28428] CXX obj/v8/torque_generated_initializers/promise-try-tq-csa.o
[161/28428] CXX obj/v8/torque_generated_initializers/promise-withresolvers-tq-csa.o
[162/28428] CXX obj/v8/torque_generated_initializers/proxy-constructor-tq-csa.o
[163/28428] CXX obj/v8/torque_generated_initializers/proxy-delete-property-tq-csa.o
[164/28428] CXX obj/v8/torque_generated_initializers/proxy-get-property-tq-csa.o
[165/28428] CXX obj/v8/torque_generated_initializers/proxy-get-prototype-of-tq-csa.o
[166/28428] CXX obj/v8/torque_generated_initializers/proxy-has-property-tq-csa.o
[167/28428] CXX obj/v8/torque_generated_initializers/proxy-is-extensible-tq-csa.o
[168/28428] CXX obj/v8/torque_generated_initializers/proxy-prevent-extensions-tq-csa.o
[169/28428] CXX obj/v8/torque_generated_initializers/proxy-revocable-tq-csa.o
[170/28428] CXX obj/v8/torque_generated_initializers/proxy-revoke-tq-csa.o
[171/28428] CXX obj/v8/torque_generated_initializers/proxy-set-property-tq-csa.o
[172/28428] CXX obj/v8/torque_generated_initializers/proxy-set-prototype-of-tq-csa.o
[173/28428] CXX obj/v8/torque_generated_initializers/proxy-tq-csa.o
[174/28428] CXX obj/v8/torque_generated_initializers/reflect-tq-csa.o
[175/28428] CXX obj/v8/torque_generated_initializers/regexp-exec-tq-csa.o
[176/28428] CXX obj/v8/torque_generated_initializers/regexp-match-all-tq-csa.o
[177/28428] CXX obj/v8/torque_generated_initializers/regexp-match-tq-csa.o
[178/28428] CXX obj/v8/torque_generated_initializers/regexp-replace-tq-csa.o
[179/28428] CXX obj/v8/torque_generated_initializers/regexp-search-tq-csa.o
[180/28428] CXX obj/v8/torque_generated_initializers/regexp-source-tq-csa.o
[181/28428] CXX obj/v8/torque_generated_initializers/regexp-test-tq-csa.o
[182/28428] CXX obj/v8/torque_generated_initializers/regexp-split-tq-csa.o
[183/28428] CXX obj/v8/torque_generated_initializers/regexp-tq-csa.o
[184/28428] CXX obj/v8/torque_generated_initializers/set-difference-tq-csa.o
[185/28428] CXX obj/v8/torque_generated_initializers/set-is-disjoint-from-tq-csa.o
[186/28428] CXX obj/v8/torque_generated_initializers/set-intersection-tq-csa.o
[187/28428] CXX obj/v8/torque_generated_initializers/set-is-subset-of-tq-csa.o
[188/28428] CXX obj/v8/torque_generated_initializers/set-is-superset-of-tq-csa.o
[189/28428] CXX obj/v8/torque_generated_initializers/set-union-tq-csa.o
[190/28428] CXX obj/v8/torque_generated_initializers/set-symmetric-difference-tq-csa.o
[191/28428] CXX obj/v8/torque_generated_initializers/string-at-tq-csa.o
[192/28428] CXX obj/v8/torque_generated_initializers/string-endswith-tq-csa.o
[193/28428] CXX obj/v8/torque_generated_initializers/string-includes-tq-csa.o
[194/28428] CXX obj/v8/torque_generated_initializers/string-html-tq-csa.o
[195/28428] CXX obj/v8/torque_generated_initializers/string-indexof-tq-csa.o
[196/28428] CXX obj/v8/torque_generated_initializers/string-iterator-tq-csa.o
[197/28428] CXX obj/v8/torque_generated_initializers/string-iswellformed-tq-csa.o
[198/28428] CXX obj/v8/torque_generated_initializers/string-match-search-tq-csa.o
[199/28428] CXX obj/v8/torque_generated_initializers/string-pad-tq-csa.o
[200/28428] CXX obj/v8/torque_generated_initializers/string-repeat-tq-csa.o
[201/28428] CXX obj/v8/torque_generated_initializers/string-slice-tq-csa.o
[202/28428] CXX obj/v8/torque_generated_initializers/string-replaceall-tq-csa.o
[203/28428] CXX obj/v8/torque_generated_initializers/string-startswith-tq-csa.o
[204/28428] CXX obj/v8/torque_generated_initializers/string-substr-tq-csa.o
[205/28428] CXX obj/v8/torque_generated_initializers/string-towellformed-tq-csa.o
[206/28428] CXX obj/v8/torque_generated_initializers/string-substring-tq-csa.o
[207/28428] CXX obj/v8/torque_generated_initializers/string-trim-tq-csa.o
[208/28428] CXX obj/v8/torque_generated_initializers/suppressed-error-tq-csa.o
[209/28428] CXX obj/v8/torque_generated_initializers/symbol-tq-csa.o
[210/28428] CXX obj/v8/torque_generated_initializers/torque-internal-tq-csa.o
[211/28428] CXX obj/v8/torque_generated_initializers/typed-array-at-tq-csa.o
[212/28428] CXX obj/v8/torque_generated_initializers/typed-array-createtypedarray-tq-csa.o
[213/28428] CXX obj/v8/torque_generated_initializers/typed-array-every-tq-csa.o
[214/28428] CXX obj/v8/torque_generated_initializers/typed-array-entries-tq-csa.o
[215/28428] CXX obj/v8/torque_generated_initializers/typed-array-filter-tq-csa.o
[216/28428] CXX obj/v8/torque_generated_initializers/typed-array-findindex-tq-csa.o
[217/28428] CXX obj/v8/torque_generated_initializers/typed-array-find-tq-csa.o
[218/28428] CXX obj/v8/torque_generated_initializers/typed-array-findlast-tq-csa.o
[219/28428] CXX obj/v8/torque_generated_initializers/typed-array-findlastindex-tq-csa.o
[220/28428] CXX obj/v8/torque_generated_initializers/typed-array-foreach-tq-csa.o
[221/28428] CXX obj/v8/torque_generated_initializers/typed-array-from-tq-csa.o
[222/28428] CXX obj/v8/torque_generated_initializers/typed-array-keys-tq-csa.o
[223/28428] CXX obj/v8/torque_generated_initializers/typed-array-of-tq-csa.o
[224/28428] CXX obj/v8/torque_generated_initializers/typed-array-reduceright-tq-csa.o
[225/28428] CXX obj/v8/torque_generated_initializers/typed-array-reduce-tq-csa.o
[226/28428] CXX obj/v8/torque_generated_initializers/typed-array-set-tq-csa.o
[227/28428] CXX obj/v8/torque_generated_initializers/typed-array-slice-tq-csa.o
[228/28428] CXX obj/v8/torque_generated_initializers/typed-array-sort-tq-csa.o
[229/28428] CXX obj/v8/torque_generated_initializers/typed-array-some-tq-csa.o
[230/28428] CXX obj/v8/torque_generated_initializers/typed-array-subarray-tq-csa.o
[231/28428] CXX obj/v8/torque_generated_initializers/typed-array-to-reversed-tq-csa.o
[232/28428] CXX obj/v8/torque_generated_initializers/typed-array-values-tq-csa.o
[233/28428] CXX obj/v8/torque_generated_initializers/typed-array-to-sorted-tq-csa.o
[234/28428] CXX obj/v8/torque_generated_initializers/typed-array-with-tq-csa.o
[235/28428] CXX obj/v8/torque_generated_initializers/typed-array-tq-csa.o
[236/28428] CXX obj/v8/torque_generated_initializers/weak-ref-tq-csa.o
[237/28428] CXX obj/v8/torque_generated_initializers/handler-configuration-tq-csa.o
[238/28428] CXX obj/v8/torque_generated_initializers/allocation-site-tq-csa.o
[239/28428] CXX obj/v8/torque_generated_initializers/api-callbacks-tq-csa.o
[240/28428] CXX obj/v8/torque_generated_initializers/arguments-tq-csa.o
[241/28428] CXX obj/v8/torque_generated_initializers/bigint-tq-csa.o
[242/28428] CXX obj/v8/torque_generated_initializers/call-site-info-tq-csa.o
[243/28428] CXX obj/v8/torque_generated_initializers/cell-tq-csa.o
[244/28428] CXX obj/v8/torque_generated_initializers/bytecode-array-tq-csa.o
[245/28428] CXX obj/v8/torque_generated_initializers/cpp-heap-external-object-tq-csa.o
[246/28428] CXX obj/v8/torque_generated_initializers/contexts-tq-csa.o
[247/28428] CXX obj/v8/torque_generated_initializers/data-handler-tq-csa.o
[248/28428] CXX obj/v8/torque_generated_initializers/debug-objects-tq-csa.o
[249/28428] CXX obj/v8/torque_generated_initializers/descriptor-array-tq-csa.o
[250/28428] CXX obj/v8/torque_generated_initializers/embedder-data-array-tq-csa.o
[251/28428] CXX obj/v8/torque_generated_initializers/feedback-cell-tq-csa.o
[252/28428] CXX obj/v8/torque_generated_initializers/feedback-vector-tq-csa.o
[253/28428] CXX obj/v8/torque_generated_initializers/foreign-tq-csa.o
[254/28428] CXX obj/v8/torque_generated_initializers/fixed-array-tq-csa.o
[255/28428] CXX obj/v8/torque_generated_initializers/free-space-tq-csa.o
[256/28428] CXX obj/v8/torque_generated_initializers/heap-number-tq-csa.o
[257/28428] CXX obj/v8/torque_generated_initializers/heap-object-tq-csa.o
[258/28428] CXX obj/v8/torque_generated_initializers/js-array-buffer-tq-csa.o
[259/28428] CXX obj/v8/torque_generated_initializers/js-array-tq-csa.o
[260/28428] CXX obj/v8/torque_generated_initializers/js-atomics-synchronization-tq-csa.o
[261/28428] CXX obj/v8/torque_generated_initializers/js-collection-iterator-tq-csa.o
[262/28428] CXX obj/v8/torque_generated_initializers/js-collection-tq-csa.o
[263/28428] CXX obj/v8/torque_generated_initializers/js-disposable-stack-tq-csa.o
[264/28428] CXX obj/v8/torque_generated_initializers/js-function-tq-csa.o
[265/28428] CXX obj/v8/torque_generated_initializers/js-generator-tq-csa.o
[266/28428] CXX obj/v8/torque_generated_initializers/js-iterator-helpers-tq-csa.o
[267/28428] CXX obj/v8/torque_generated_initializers/js-objects-tq-csa.o
[268/28428] CXX obj/v8/torque_generated_initializers/js-promise-tq-csa.o
[269/28428] CXX obj/v8/torque_generated_initializers/js-proxy-tq-csa.o
[270/28428] CXX obj/v8/torque_generated_initializers/js-raw-json-tq-csa.o
[271/28428] CXX obj/v8/torque_generated_initializers/js-regexp-string-iterator-tq-csa.o
[272/28428] CXX obj/v8/torque_generated_initializers/js-regexp-tq-csa.o
[273/28428] CXX obj/v8/torque_generated_initializers/js-shadow-realm-tq-csa.o
[274/28428] CXX obj/v8/torque_generated_initializers/js-shared-array-tq-csa.o
[275/28428] CXX obj/v8/torque_generated_initializers/js-struct-tq-csa.o
[276/28428] CXX obj/v8/torque_generated_initializers/js-weak-refs-tq-csa.o
[277/28428] CXX obj/v8/torque_generated_initializers/literal-objects-tq-csa.o
[278/28428] CXX obj/v8/torque_generated_initializers/map-tq-csa.o
[279/28428] CXX obj/v8/torque_generated_initializers/megadom-handler-tq-csa.o
[280/28428] CXX obj/v8/torque_generated_initializers/microtask-tq-csa.o
[281/28428] CXX obj/v8/torque_generated_initializers/module-tq-csa.o
[282/28428] CXX obj/v8/torque_generated_initializers/name-tq-csa.o
[283/28428] CXX obj/v8/torque_generated_initializers/oddball-tq-csa.o
[284/28428] CXX obj/v8/torque_generated_initializers/hole-tq-csa.o
[285/28428] CXX obj/v8/torque_generated_initializers/trusted-object-tq-csa.o
[286/28428] CXX obj/v8/torque_generated_initializers/ordered-hash-table-tq-csa.o
[287/28428] CXX obj/v8/torque_generated_initializers/primitive-heap-object-tq-csa.o
[288/28428] CXX obj/v8/torque_generated_initializers/property-array-tq-csa.o
[289/28428] CXX obj/v8/torque_generated_initializers/promise-tq-csa.o
[290/28428] CXX obj/v8/torque_generated_initializers/property-cell-tq-csa.o
[291/28428] CXX obj/v8/torque_generated_initializers/property-descriptor-object-tq-csa.o
[292/28428] CXX obj/v8/torque_generated_initializers/prototype-info-tq-csa.o
[293/28428] CXX obj/v8/torque_generated_initializers/regexp-match-info-tq-csa.o
[294/28428] CXX obj/v8/torque_generated_initializers/scope-info-tq-csa.o
[295/28428] CXX obj/v8/torque_generated_initializers/script-tq-csa.o
[296/28428] CXX obj/v8/torque_generated_initializers/shared-function-info-tq-csa.o
[297/28428] CXX obj/v8/torque_generated_initializers/source-text-module-tq-csa.o
[298/28428] CXX obj/v8/torque_generated_initializers/string-tq-csa.o
[299/28428] CXX obj/v8/torque_generated_initializers/struct-tq-csa.o
[300/28428] CXX obj/v8/torque_generated_initializers/swiss-hash-table-helpers-tq-csa.o
[301/28428] CXX obj/v8/torque_generated_initializers/swiss-name-dictionary-tq-csa.o
[302/28428] CXX obj/v8/torque_generated_initializers/synthetic-module-tq-csa.o
[303/28428] CXX obj/v8/torque_generated_initializers/template-objects-tq-csa.o
[304/28428] CXX obj/v8/torque_generated_initializers/templates-tq-csa.o
[305/28428] CXX obj/v8/torque_generated_initializers/torque-defined-classes-tq-csa.o
[306/28428] CXX obj/v8/torque_generated_initializers/turbofan-types-tq-csa.o
[307/28428] CXX obj/v8/torque_generated_initializers/turboshaft-types-tq-csa.o
[308/28428] CXX obj/v8/torque_generated_initializers/array-sort-tq-csa.o
[309/28428] CXX obj/v8/torque_generated_initializers/test-torque-tq-csa.o
[310/28428] CXX obj/v8/torque_generated_initializers/intl-objects-tq-csa.o
[311/28428] CXX obj/v8/torque_generated_initializers/js-break-iterator-tq-csa.o
[312/28428] CXX obj/v8/torque_generated_initializers/js-collator-tq-csa.o
[313/28428] CXX obj/v8/torque_generated_initializers/js-date-time-format-tq-csa.o
[314/28428] CXX obj/v8/torque_generated_initializers/js-display-names-tq-csa.o
[315/28428] CXX obj/v8/torque_generated_initializers/js-duration-format-tq-csa.o
[316/28428] CXX obj/v8/torque_generated_initializers/js-list-format-tq-csa.o
[317/28428] CXX obj/v8/torque_generated_initializers/js-locale-tq-csa.o
[318/28428] CXX obj/v8/torque_generated_initializers/js-plural-rules-tq-csa.o
[319/28428] CXX obj/v8/torque_generated_initializers/js-number-format-tq-csa.o
[320/28428] CXX obj/v8/torque_generated_initializers/js-relative-time-format-tq-csa.o
[321/28428] CXX obj/v8/torque_generated_initializers/js-segment-iterator-tq-csa.o
[322/28428] CXX obj/v8/torque_generated_initializers/js-segmenter-tq-csa.o
[323/28428] CXX obj/v8/torque_generated_initializers/js-segments-tq-csa.o
[324/28428] CXX obj/v8/torque_generated_initializers/js-temporal-objects-tq-csa.o
[325/28428] CXX obj/v8/torque_generated_initializers/js-to-js-tq-csa.o
[326/28428] CXX obj/v8/torque_generated_initializers/wasm-tq-csa.o
[327/28428] CXX obj/v8/torque_generated_initializers/wasm-strings-tq-csa.o
[328/28428] CXX obj/v8/torque_generated_initializers/js-to-wasm-tq-csa.o
[329/28428] CXX obj/v8/torque_generated_initializers/wasm-to-js-tq-csa.o
[330/28428] CXX obj/v8/torque_generated_initializers/debug-wasm-objects-tq-csa.o
[331/28428] CXX obj/v8/torque_generated_initializers/enum-verifiers.o
[332/28428] CXX obj/v8/torque_generated_initializers/wasm-objects-tq-csa.o
[333/28428] CXX obj/v8/v8_base_without_compiler/api-arguments.o
[334/28428] CXX obj/v8/torque_generated_initializers/exported-macros-assembler.o
[335/28428] CXX obj/v8/v8_base_without_compiler/ast-function-literal-id-reindexer.o
[336/28428] CXX obj/v8/v8_base_without_compiler/api-natives.o
[337/28428] CXX obj/v8/v8_base_without_compiler/ast-value-factory.o
[338/28428] CXX obj/v8/v8_base_without_compiler/modules.o
[339/28428] CXX obj/v8/v8_base_without_compiler/ast.o
[340/28428] CXX obj/v8/v8_base_without_compiler/api.o
[341/28428] CXX obj/v8/v8_base_without_compiler/source-range-ast-visitor.o
[342/28428] CXX obj/v8/v8_base_without_compiler/prettyprinter.o
[343/28428] CXX obj/v8/v8_base_without_compiler/variables.o
[344/28428] CXX obj/v8/v8_base_without_compiler/scopes.o
[345/28428] CXX obj/v8/v8_base_without_compiler/baseline.o
[346/28428] CXX obj/v8/v8_base_without_compiler/bytecode-offset-iterator.o
[347/28428] CXX obj/v8/v8_base_without_compiler/accessors.o
[348/28428] CXX obj/v8/v8_base_without_compiler/builtins-abstract-module-source.o
[349/28428] CXX obj/v8/v8_base_without_compiler/builtins-api.o
[350/28428] CXX obj/v8/v8_base_without_compiler/builtins-array.o
[351/28428] CXX obj/v8/v8_base_without_compiler/builtins-arraybuffer.o
[352/28428] CXX obj/v8/v8_base_without_compiler/builtins-async-disposable-stack.o
[353/28428] CXX obj/v8/v8_base_without_compiler/builtins-async-module.o
[354/28428] CXX obj/v8/v8_base_without_compiler/builtins-atomics-synchronization.o
[355/28428] CXX obj/v8/v8_base_without_compiler/builtins-bigint.o
[356/28428] CXX obj/v8/v8_base_without_compiler/builtins-callsite.o
[357/28428] CXX obj/v8/v8_base_without_compiler/builtins-collections.o
[358/28428] CXX obj/v8/v8_base_without_compiler/builtins-dataview.o
[359/28428] CXX obj/v8/v8_base_without_compiler/builtins-console.o
[360/28428] CXX obj/v8/v8_base_without_compiler/builtins-date.o
[361/28428] CXX obj/v8/v8_base_without_compiler/builtins-effects-analyzer.o
[362/28428] CXX obj/v8/v8_base_without_compiler/builtins-disposable-stack.o
[363/28428] CXX obj/v8/v8_base_without_compiler/builtins-error.o
[364/28428] CXX obj/v8/v8_base_without_compiler/builtins-global.o
[365/28428] CXX obj/v8/v8_base_without_compiler/builtins-function.o
[366/28428] CXX obj/v8/v8_base_without_compiler/builtins-internal.o
[367/28428] CXX obj/v8/v8_base_without_compiler/builtins-intl.o
[368/28428] CXX obj/v8/v8_base_without_compiler/builtins-json.o
[369/28428] CXX obj/v8/v8_base_without_compiler/builtins-math.o
[370/28428] CXX obj/v8/v8_base_without_compiler/builtins-number.o
[371/28428] CXX obj/v8/v8_base_without_compiler/builtins-object.o
[372/28428] CXX obj/v8/v8_base_without_compiler/builtins-reflect.o
[373/28428] CXX obj/v8/v8_base_without_compiler/builtins-regexp.o
[374/28428] CXX obj/v8/v8_base_without_compiler/builtins-shadow-realm.o
[375/28428] CXX obj/v8/v8_base_without_compiler/builtins-shared-array.o
[376/28428] CXX obj/v8/v8_base_without_compiler/builtins-sharedarraybuffer.o
[377/28428] CXX obj/v8/v8_base_without_compiler/builtins-string.o
[378/28428] CXX obj/v8/v8_base_without_compiler/builtins-struct.o
[379/28428] CXX obj/v8/v8_base_without_compiler/builtins-symbol.o
[380/28428] CXX obj/v8/v8_base_without_compiler/builtins-trace.o
[381/28428] CXX obj/v8/v8_base_without_compiler/builtins-typed-array.o
[382/28428] CXX obj/v8/v8_base_without_compiler/builtins-weak-refs.o
[383/28428] CXX obj/v8/v8_base_without_compiler/constants-table-builder.o
[384/28428] CXX obj/v8/v8_base_without_compiler/builtins.o
[385/28428] CXX obj/v8/v8_base_without_compiler/assembler.o
[386/28428] CXX obj/v8/v8_base_without_compiler/code-comments.o
[387/28428] CXX obj/v8/v8_base_without_compiler/code-desc.o
[388/28428] CXX obj/v8/v8_base_without_compiler/code-factory.o
[389/28428] CXX obj/v8/v8_base_without_compiler/code-reference.o
[390/28428] CXX obj/v8/v8_base_without_compiler/compilation-cache.o
[391/28428] CXX obj/v8/v8_base_without_compiler/external-reference-encoder.o
[392/28428] CXX obj/v8/v8_base_without_compiler/external-reference-table.o
[393/28428] CXX obj/v8/v8_base_without_compiler/flush-instruction-cache.o
[394/28428] CXX obj/v8/v8_base_without_compiler/external-reference.o
[395/28428] CXX obj/v8/v8_base_without_compiler/compiler.o
[396/28428] CXX obj/v8/v8_base_without_compiler/machine-type.o
[397/28428] CXX obj/v8/v8_base_without_compiler/handler-table.o
[398/28428] CXX obj/v8/v8_base_without_compiler/interface-descriptors.o
[399/28428] CXX obj/v8/v8_base_without_compiler/jump-table-info.o
[400/28428] CXX obj/v8/v8_base_without_compiler/macro-assembler-base.o
[401/28428] CXX obj/v8/v8_base_without_compiler/maglev-safepoint-table.o
[402/28428] CXX obj/v8/v8_base_without_compiler/register-configuration.o
[403/28428] CXX obj/v8/v8_base_without_compiler/optimized-compilation-info.o
[404/28428] CXX obj/v8/v8_base_without_compiler/pending-optimization-table.o
[405/28428] CXX obj/v8/v8_base_without_compiler/reloc-info.o
[406/28428] CXX obj/v8/v8_base_without_compiler/safepoint-table.o
[407/28428] CXX obj/v8/v8_base_without_compiler/tnode.o
[408/28428] CXX obj/v8/v8_base_without_compiler/source-position-table.o
[409/28428] CXX obj/v8/v8_base_without_compiler/tick-counter.o
[410/28428] CXX obj/v8/v8_base_without_compiler/source-position.o
[411/28428] CXX obj/v8/v8_base_without_compiler/unoptimized-compilation-info.o
[412/28428] CXX obj/v8/v8_base_without_compiler/ptr-compr.o
[413/28428] CXX obj/v8/v8_base_without_compiler/assert-scope.o
[414/28428] CXX obj/v8/v8_base_without_compiler/code-memory-access.o
[415/28428] CXX obj/v8/v8_base_without_compiler/lazy-compile-dispatcher.o
[416/28428] CXX obj/v8/v8_base_without_compiler/optimizing-compile-dispatcher.o
[417/28428] CXX obj/v8/v8_base_without_compiler/linkage.o
[418/28428] CXX obj/v8/v8_base_without_compiler/date.o
[419/28428] CXX obj/v8/v8_base_without_compiler/dateparser.o
[420/28428] CXX obj/v8/v8_base_without_compiler/debug-coverage.o
[421/28428] CXX obj/v8/v8_base_without_compiler/debug-evaluate.o
[422/28428] CXX obj/v8/v8_base_without_compiler/debug-frames.o
[423/28428] CXX obj/v8/v8_base_without_compiler/debug-interface.o
[424/28428] CXX obj/v8/v8_base_without_compiler/debug-scope-iterator.o
[425/28428] CXX obj/v8/v8_base_without_compiler/debug-property-iterator.o
[426/28428] CXX obj/v8/v8_base_without_compiler/debug-scopes.o
[427/28428] CXX obj/v8/v8_base_without_compiler/debug-stack-trace-iterator.o
[428/28428] CXX obj/v8/v8_base_without_compiler/deoptimized-frame-info.o
[429/28428] CXX obj/v8/v8_base_without_compiler/liveedit.o
[430/28428] CXX obj/v8/v8_base_without_compiler/debug.o
[431/28428] CXX obj/v8/v8_base_without_compiler/deoptimizer.o
[432/28428] CXX obj/v8/v8_base_without_compiler/frame-translation-builder.o
[433/28428] CXX obj/v8/v8_base_without_compiler/materialized-object-store.o
[434/28428] CXX obj/v8/v8_base_without_compiler/translated-state.o
[435/28428] CXX obj/v8/v8_base_without_compiler/disassembler.o
[436/28428] CXX obj/v8/v8_base_without_compiler/basic-block-profiler.o
[437/28428] CXX obj/v8/v8_base_without_compiler/gdb-jit.o
[438/28428] CXX obj/v8/v8_base_without_compiler/objects-debug.o
[439/28428] CXX obj/v8/v8_base_without_compiler/arguments.o
[440/28428] CXX obj/v8/v8_base_without_compiler/encoded-c-signature.o
[441/28428] CXX obj/v8/v8_base_without_compiler/perf-jit.o
[442/28428] CXX obj/v8/v8_base_without_compiler/objects-printer.o
[443/28428] CXX obj/v8/v8_base_without_compiler/embedder-state.o
[444/28428] CXX obj/v8/v8_base_without_compiler/execution.o
[445/28428] CXX obj/v8/v8_base_without_compiler/interrupts-scope.o
[446/28428] CXX obj/v8/v8_base_without_compiler/frames.o
[447/28428] CXX obj/v8/v8_base_without_compiler/local-isolate.o
[448/28428] CXX obj/v8/v8_base_without_compiler/futex-emulation.o
[449/28428] CXX obj/v8/v8_base_without_compiler/microtask-queue.o
[450/28428] CXX obj/v8/v8_base_without_compiler/messages.o
[451/28428] CXX obj/v8/v8_base_without_compiler/protectors.o
[452/28428] CXX obj/v8/v8_base_without_compiler/isolate.o
[453/28428] CXX obj/v8/v8_base_without_compiler/thread-local-top.o
[454/28428] CXX obj/v8/v8_base_without_compiler/simulator-base.o
[455/28428] CXX obj/v8/v8_base_without_compiler/cputracemark-extension.o
[456/28428] CXX obj/v8/v8_base_without_compiler/stack-guard.o
[457/28428] CXX obj/v8/v8_base_without_compiler/tiering-manager.o
[458/28428] CXX obj/v8/v8_base_without_compiler/v8threads.o
[459/28428] CXX obj/v8/v8_base_without_compiler/gc-extension.o
[460/28428] CXX obj/v8/v8_base_without_compiler/trigger-failure-extension.o
[461/28428] CXX obj/v8/v8_base_without_compiler/externalize-string-extension.o
[462/28428] CXX obj/v8/v8_base_without_compiler/ignition-statistics-extension.o
[463/28428] CXX obj/v8/v8_base_without_compiler/statistics-extension.o
[464/28428] CXX obj/v8/v8_base_without_compiler/global-handles.o
[465/28428] CXX obj/v8/v8_base_without_compiler/handles.o
[466/28428] CXX obj/v8/v8_base_without_compiler/local-handles.o
[467/28428] CXX obj/v8/v8_base_without_compiler/persistent-handles.o
[468/28428] CXX obj/v8/v8_base_without_compiler/allocation-observer.o
[469/28428] CXX obj/v8/v8_base_without_compiler/shared-object-conveyor-handles.o
[470/28428] CXX obj/v8/v8_base_without_compiler/array-buffer-sweeper.o
[471/28428] CXX obj/v8/v8_base_without_compiler/traced-handles.o
[472/28428] CXX obj/v8/v8_base_without_compiler/base-page.o
[473/28428] CXX obj/v8/v8_base_without_compiler/code-range.o
[474/28428] CXX obj/v8/v8_base_without_compiler/collection-barrier.o
[475/28428] CXX obj/v8/v8_base_without_compiler/code-stats.o
[476/28428] CXX obj/v8/v8_base_without_compiler/combined-heap.o
[477/28428] CXX obj/v8/v8_base_without_compiler/cpp-snapshot.o
[478/28428] CXX obj/v8/v8_base_without_compiler/cpp-heap.o
[479/28428] CXX obj/v8/v8_base_without_compiler/concurrent-marking.o
[480/28428] CXX obj/v8/v8_base_without_compiler/cross-heap-remembered-set.o
[481/28428] CXX obj/v8/v8_base_without_compiler/unified-heap-marking-state.o
[482/28428] CXX obj/v8/v8_base_without_compiler/unified-heap-marking-verifier.o
[483/28428] CXX obj/v8/v8_base_without_compiler/unified-heap-marking-visitor.o
[484/28428] CXX obj/v8/v8_base_without_compiler/ephemeron-remembered-set.o
[485/28428] CXX obj/v8/v8_base_without_compiler/evacuation-verifier.o
[486/28428] CXX obj/v8/v8_base_without_compiler/evacuation-allocator.o
[487/28428] CXX obj/v8/v8_base_without_compiler/factory-base.o
[488/28428] CXX obj/v8/v8_base_without_compiler/factory.o
[489/28428] CXX obj/v8/v8_base_without_compiler/free-list.o
[490/28428] CXX obj/v8/v8_base_without_compiler/finalization-registry-cleanup-task.o
[491/28428] CXX obj/v8/v8_base_without_compiler/gc-tracer.o
[492/28428] CXX obj/v8/v8_base_without_compiler/heap-allocator.o
[493/28428] CXX obj/v8/v8_base_without_compiler/heap-controller.o
[494/28428] CXX obj/v8/v8_base_without_compiler/heap-layout-tracer.o
[495/28428] CXX obj/v8/v8_base_without_compiler/heap-layout.o
[496/28428] CXX obj/v8/v8_base_without_compiler/heap-visitor.o
[497/28428] CXX obj/v8/v8_base_without_compiler/heap-write-barrier.o
[498/28428] CXX obj/v8/v8_base_without_compiler/large-page.o
[499/28428] CXX obj/v8/v8_base_without_compiler/heap.o
[500/28428] CXX obj/v8/v8_base_without_compiler/incremental-marking-job.o
[501/28428] CXX obj/v8/v8_base_without_compiler/incremental-marking.o
[502/28428] CXX obj/v8/v8_base_without_compiler/large-spaces.o
[503/28428] CXX obj/v8/v8_base_without_compiler/local-factory.o
[504/28428] CXX obj/v8/v8_base_without_compiler/local-heap.o
[505/28428] CXX obj/v8/v8_base_without_compiler/main-allocator.o
[506/28428] CXX obj/v8/v8_base_without_compiler/mark-sweep-utilities.o
[507/28428] CXX obj/v8/v8_base_without_compiler/marking-barrier.o
[508/28428] CXX obj/v8/v8_base_without_compiler/marking-worklist.o
[509/28428] CXX obj/v8/v8_base_without_compiler/marking.o
[510/28428] CXX obj/v8/v8_base_without_compiler/mark-compact.o
[511/28428] CXX obj/v8/v8_base_without_compiler/memory-allocator.o
[512/28428] CXX obj/v8/v8_base_without_compiler/memory-balancer.o
[513/28428] CXX obj/v8/v8_base_without_compiler/memory-chunk.o
[514/28428] CXX obj/v8/v8_base_without_compiler/memory-measurement.o
[515/28428] CXX obj/v8/v8_base_without_compiler/memory-pool.o
[516/28428] CXX obj/v8/v8_base_without_compiler/memory-reducer.o
[517/28428] CXX obj/v8/v8_base_without_compiler/minor-gc-job.o
[518/28428] CXX obj/v8/v8_base_without_compiler/mutable-page.o
[519/28428] CXX obj/v8/v8_base_without_compiler/minor-mark-sweep.o
[520/28428] CXX obj/v8/v8_base_without_compiler/new-spaces.o
[521/28428] CXX obj/v8/v8_base_without_compiler/normal-page.o
[522/28428] CXX obj/v8/v8_base_without_compiler/paged-spaces.o
[523/28428] CXX obj/v8/v8_base_without_compiler/object-stats.o
[524/28428] CXX obj/v8/v8_base_without_compiler/pretenuring-handler.o
[525/28428] CXX obj/v8/v8_base_without_compiler/read-only-heap.o
[526/28428] CXX obj/v8/v8_base_without_compiler/safepoint.o
[527/28428] CXX obj/v8/v8_base_without_compiler/read-only-spaces.o
[528/28428] CXX obj/v8/v8_base_without_compiler/read-only-promotion.o
[529/28428] CXX obj/v8/v8_base_without_compiler/slot-set.o
[530/28428] CXX obj/v8/v8_base_without_compiler/scavenger.o
[531/28428] CXX obj/v8/v8_base_without_compiler/spaces.o
[532/28428] CXX obj/v8/v8_base_without_compiler/stress-scavenge-observer.o
[533/28428] CXX obj/v8/v8_base_without_compiler/sweeper.o
[534/28428] CXX obj/v8/v8_base_without_compiler/traced-handles-marking-visitor.o
[535/28428] CXX obj/v8/v8_base_without_compiler/trusted-range.o
[536/28428] CXX obj/v8/v8_base_without_compiler/visit-object.o
[537/28428] CXX obj/v8/v8_base_without_compiler/weak-object-worklists.o
[538/28428] CXX obj/v8/v8_base_without_compiler/zapping.o
[539/28428] CXX obj/v8/v8_base_without_compiler/call-optimization.o
[540/28428] CXX obj/v8/v8_base_without_compiler/handler-configuration.o
[541/28428] CXX obj/v8/v8_base_without_compiler/ic-stats.o
[542/28428] CXX obj/v8/v8_base_without_compiler/stub-cache.o
[543/28428] CXX obj/v8/v8_base_without_compiler/startup-data-util.o
[544/28428] CXX obj/v8/v8_base_without_compiler/ic.o
[545/28428] CXX obj/v8/v8_base_without_compiler/bootstrapper.o
[546/28428] CXX obj/v8/v8_base_without_compiler/isolate-group.o
[547/28428] CXX obj/v8/v8_base_without_compiler/v8.o
[548/28428] CXX obj/v8/v8_base_without_compiler/bytecode-array-builder.o
[549/28428] CXX obj/v8/v8_base_without_compiler/bytecode-array-iterator.o
[550/28428] CXX obj/v8/v8_base_without_compiler/bytecode-array-random-iterator.o
[551/28428] CXX obj/v8/v8_base_without_compiler/bytecode-array-writer.o
[552/28428] CXX obj/v8/v8_base_without_compiler/bytecode-decoder.o
[553/28428] CXX obj/v8/v8_base_without_compiler/bytecode-flags-and-tokens.o
[554/28428] CXX obj/v8/v8_base_without_compiler/bytecode-register-optimizer.o
[555/28428] CXX obj/v8/v8_base_without_compiler/bytecode-label.o
[556/28428] CXX obj/v8/v8_base_without_compiler/bytecode-generator.o
[557/28428] CXX obj/v8/v8_base_without_compiler/constant-array-builder.o
[558/28428] CXX obj/v8/v8_base_without_compiler/control-flow-builders.o
[559/28428] CXX obj/v8/v8_base_without_compiler/handler-table-builder.o
[560/28428] CXX obj/v8/v8_base_without_compiler/interpreter.o
[561/28428] CXX obj/v8/v8_base_without_compiler/sampler.o
[562/28428] CXX obj/v8/v8_base_without_compiler/prototype-assignment-sequence-builder.o
[563/28428] CXX obj/v8/v8_base_without_compiler/json-parser.o
[564/28428] CXX obj/v8/v8_base_without_compiler/local-logger.o
[565/28428] CXX obj/v8/v8_base_without_compiler/counters.o
[566/28428] CXX obj/v8/v8_base_without_compiler/metrics.o
[567/28428] CXX obj/v8/v8_base_without_compiler/json-stringifier.o
[568/28428] CXX obj/v8/v8_base_without_compiler/log-file.o
[569/28428] CXX obj/v8/v8_base_without_compiler/hash-seed.o
[570/28428] CXX obj/v8/v8_base_without_compiler/log.o
[571/28428] CXX obj/v8/v8_base_without_compiler/conversions.o
[572/28428] CXX obj/v8/v8_base_without_compiler/math-random.o
[573/28428] CXX obj/v8/v8_base_without_compiler/abstract-code.o
[574/28428] CXX obj/v8/v8_base_without_compiler/backing-store.o
[575/28428] CXX obj/v8/v8_base_without_compiler/bigint.o
[576/28428] CXX obj/v8/v8_base_without_compiler/bytecode-array.o
[577/28428] CXX obj/v8/v8_base_without_compiler/code.o
[578/28428] CXX obj/v8/v8_base_without_compiler/call-site-info.o
[579/28428] CXX obj/v8/v8_base_without_compiler/compilation-cache-table.o
[580/28428] CXX obj/v8/v8_base_without_compiler/contexts.o
[581/28428] CXX obj/v8/v8_base_without_compiler/debug-objects.o
[582/28428] CXX obj/v8/v8_base_without_compiler/deoptimization-data.o
[583/28428] CXX obj/v8/v8_base_without_compiler/dependent-code.o
[584/28428] CXX obj/v8/v8_base_without_compiler/elements-kind.o
[585/28428] CXX obj/v8/v8_base_without_compiler/embedder-data-array.o
[586/28428] CXX obj/v8/v8_base_without_compiler/feedback-vector.o
[587/28428] CXX obj/v8/v8_base_without_compiler/field-type.o
[588/28428] CXX obj/v8/v8_base_without_compiler/fixed-array.o
[589/28428] CXX obj/v8/v8_base_without_compiler/instruction-stream.o
[590/28428] CXX obj/v8/v8_base_without_compiler/js-array-buffer.o
[591/28428] CXX obj/v8/v8_base_without_compiler/elements.o
[592/28428] CXX obj/v8/v8_base_without_compiler/js-atomics-synchronization.o
[593/28428] CXX obj/v8/v8_base_without_compiler/intl-objects.o
[594/28428] CXX obj/v8/v8_base_without_compiler/js-break-iterator.o
[595/28428] CXX obj/v8/v8_base_without_compiler/js-collator.o
[596/28428] CXX obj/v8/v8_base_without_compiler/js-data-object-builder.o
[597/28428] CXX obj/v8/v8_base_without_compiler/js-date-time-format.o
[598/28428] CXX obj/v8/v8_base_without_compiler/js-disposable-stack.o
[599/28428] CXX obj/v8/v8_base_without_compiler/js-display-names.o
[600/28428] CXX obj/v8/v8_base_without_compiler/js-duration-format.o
[601/28428] CXX obj/v8/v8_base_without_compiler/js-function.o
[602/28428] CXX obj/v8/v8_base_without_compiler/js-list-format.o
[603/28428] CXX obj/v8/v8_base_without_compiler/js-locale.o
[604/28428] CXX obj/v8/v8_base_without_compiler/js-number-format.o
[605/28428] CXX obj/v8/v8_base_without_compiler/js-plural-rules.o
[606/28428] CXX obj/v8/v8_base_without_compiler/js-raw-json.o
[607/28428] CXX obj/v8/v8_base_without_compiler/js-objects.o
[608/28428] CXX obj/v8/v8_base_without_compiler/js-regexp.o
[609/28428] CXX obj/v8/v8_base_without_compiler/js-segment-iterator.o
[610/28428] CXX obj/v8/v8_base_without_compiler/js-relative-time-format.o
[611/28428] CXX obj/v8/v8_base_without_compiler/js-segmenter.o
[612/28428] CXX obj/v8/v8_base_without_compiler/js-segments.o
[613/28428] CXX obj/v8/v8_base_without_compiler/js-struct.o
[614/28428] CXX obj/v8/v8_base_without_compiler/js-temporal-helpers.o
[615/28428] CXX obj/v8/v8_base_without_compiler/lookup-cache.o
[616/28428] CXX obj/v8/v8_base_without_compiler/js-weak-refs.o
[617/28428] CXX obj/v8/v8_base_without_compiler/keys.o
[618/28428] CXX obj/v8/v8_base_without_compiler/literal-objects.o
[619/28428] CXX obj/v8/v8_base_without_compiler/lookup.o
[620/28428] CXX obj/v8/v8_base_without_compiler/managed.o
[621/28428] CXX obj/v8/v8_base_without_compiler/map-updater.o
[622/28428] CXX obj/v8/v8_base_without_compiler/map.o
[623/28428] CXX obj/v8/v8_base_without_compiler/number-string-cache.o
[624/28428] CXX obj/v8/v8_base_without_compiler/module.o
[625/28428] CXX obj/v8/v8_base_without_compiler/object-type.o
[626/28428] CXX obj/v8/v8_base_without_compiler/option-utils.o
[627/28428] CXX obj/v8/v8_base_without_compiler/ordered-hash-table.o
[628/28428] CXX obj/v8/v8_base_without_compiler/property-descriptor.o
[629/28428] CXX obj/v8/v8_base_without_compiler/objects.o
[630/28428] CXX obj/v8/v8_base_without_compiler/property.o
[631/28428] CXX obj/v8/v8_base_without_compiler/regexp-match-info.o
[632/28428] CXX obj/v8/v8_base_without_compiler/scope-info.o
[633/28428] CXX obj/v8/v8_base_without_compiler/script.o
[634/28428] CXX obj/v8/v8_base_without_compiler/shared-function-info.o
[635/28428] CXX obj/v8/v8_base_without_compiler/simd.o
[636/28428] CXX obj/v8/v8_base_without_compiler/string-comparator.o
[637/28428] CXX obj/v8/v8_base_without_compiler/source-text-module.o
[638/28428] CXX obj/v8/v8_base_without_compiler/string-forwarding-table.o
[639/28428] CXX obj/v8/v8_base_without_compiler/string-table.o
[640/28428] CXX obj/v8/v8_base_without_compiler/swiss-name-dictionary.o
[641/28428] CXX obj/v8/v8_base_without_compiler/string.o
[642/28428] CXX obj/v8/v8_base_without_compiler/symbol-table.o
[643/28428] CXX obj/v8/v8_base_without_compiler/synthetic-module.o
[644/28428] CXX obj/v8/v8_base_without_compiler/tagged-impl.o
[645/28428] CXX obj/v8/v8_base_without_compiler/template-objects.o
[646/28428] CXX obj/v8/v8_base_without_compiler/templates.o
[647/28428] CXX obj/v8/v8_base_without_compiler/transitions.o
[648/28428] CXX obj/v8/v8_base_without_compiler/visitors.o
[649/28428] CXX obj/v8/v8_base_without_compiler/value-serializer.o
[650/28428] CXX obj/v8/v8_base_without_compiler/waiter-queue-node.o
[651/28428] CXX obj/v8/v8_base_without_compiler/import-attributes.o
[652/28428] CXX obj/v8/v8_base_without_compiler/func-name-inferrer.o
[653/28428] CXX obj/v8/v8_base_without_compiler/literal-buffer.o
[654/28428] CXX obj/v8/v8_base_without_compiler/parse-info.o
[655/28428] CXX obj/v8/v8_base_without_compiler/parsing.o
[656/28428] CXX obj/v8/v8_base_without_compiler/pending-compilation-error-handler.o
[657/28428] CXX obj/v8/v8_base_without_compiler/parser.o
[658/28428] CXX obj/v8/v8_base_without_compiler/preparse-data.o
[659/28428] CXX obj/v8/v8_base_without_compiler/rewriter.o
[660/28428] CXX obj/v8/v8_base_without_compiler/preparser.o
[661/28428] CXX obj/v8/v8_base_without_compiler/scanner-character-streams.o
[662/28428] CXX obj/v8/v8_base_without_compiler/scanner.o
[663/28428] CXX obj/v8/v8_base_without_compiler/allocation-tracker.o
[664/28428] CXX obj/v8/v8_base_without_compiler/cpu-profiler.o
[665/28428] CXX obj/v8/v8_base_without_compiler/heap-profiler.o
[666/28428] CXX obj/v8/v8_base_without_compiler/heap-snapshot-generator.o
[667/28428] CXX obj/v8/v8_base_without_compiler/profile-generator.o
[668/28428] CXX obj/v8/v8_base_without_compiler/profiler-listener.o
[669/28428] CXX obj/v8/v8_base_without_compiler/sampling-heap-profiler.o
[670/28428] CXX obj/v8/v8_base_without_compiler/symbolizer.o
[671/28428] CXX obj/v8/v8_base_without_compiler/tracing-cpu-profiler.o
[672/28428] CXX obj/v8/v8_base_without_compiler/experimental-compiler.o
[673/28428] CXX obj/v8/v8_base_without_compiler/strings-storage.o
[674/28428] CXX obj/v8/v8_base_without_compiler/tick-sample.o
[675/28428] CXX obj/v8/v8_base_without_compiler/weak-code-registry.o
[676/28428] CXX obj/v8/v8_base_without_compiler/experimental-interpreter.o
[677/28428] CXX obj/v8/v8_base_without_compiler/experimental.o
[678/28428] CXX obj/v8/v8_base_without_compiler/regexp-ast.o
[679/28428] CXX obj/v8/v8_base_without_compiler/regexp-bytecode-analysis.o
[680/28428] CXX obj/v8/v8_base_without_compiler/regexp-bytecode-iterator.o
[681/28428] CXX obj/v8/v8_base_without_compiler/regexp-bytecode-peephole.o
[682/28428] CXX obj/v8/v8_base_without_compiler/regexp-bytecode-generator.o
[683/28428] CXX obj/v8/v8_base_without_compiler/regexp-bytecodes.o
[684/28428] CXX obj/v8/v8_base_without_compiler/regexp-compiler-tonode.o
[685/28428] CXX obj/v8/v8_base_without_compiler/regexp-compiler.o
[686/28428] CXX obj/v8/v8_base_without_compiler/regexp-code-generator.o
[687/28428] CXX obj/v8/v8_base_without_compiler/regexp-macro-assembler.o
[688/28428] CXX obj/v8/v8_base_without_compiler/regexp-result-vector.o
[689/28428] CXX obj/v8/v8_base_without_compiler/regexp-interpreter.o
[690/28428] CXX obj/v8/v8_base_without_compiler/regexp-stack.o
[691/28428] CXX obj/v8/v8_base_without_compiler/regexp-parser.o
[692/28428] CXX obj/v8/v8_base_without_compiler/regexp-utils.o
[693/28428] CXX obj/v8/v8_base_without_compiler/regexp.o
[694/28428] CXX obj/v8/v8_base_without_compiler/roots.o
[695/28428] CXX obj/v8/v8_base_without_compiler/runtime-array.o
[696/28428] CXX obj/v8/v8_base_without_compiler/runtime-atomics.o
[697/28428] CXX obj/v8/v8_base_without_compiler/runtime-bigint.o
[698/28428] CXX obj/v8/v8_base_without_compiler/runtime-classes.o
[699/28428] CXX obj/v8/v8_base_without_compiler/runtime-collections.o
[700/28428] CXX obj/v8/v8_base_without_compiler/runtime-date.o
[701/28428] CXX obj/v8/v8_base_without_compiler/runtime-compiler.o
[702/28428] CXX obj/v8/v8_base_without_compiler/runtime-debug.o
[703/28428] CXX obj/v8/v8_base_without_compiler/runtime-forin.o
[704/28428] CXX obj/v8/v8_base_without_compiler/runtime-futex.o
[705/28428] CXX obj/v8/v8_base_without_compiler/runtime-function.o
[706/28428] CXX obj/v8/v8_base_without_compiler/runtime-generator.o
[707/28428] CXX obj/v8/v8_base_without_compiler/runtime-internal.o
[708/28428] CXX obj/v8/v8_base_without_compiler/runtime-intl.o
[709/28428] CXX obj/v8/v8_base_without_compiler/runtime-module.o
[710/28428] CXX obj/v8/v8_base_without_compiler/runtime-literals.o
[711/28428] CXX obj/v8/v8_base_without_compiler/runtime-numbers.o
[712/28428] CXX obj/v8/v8_base_without_compiler/runtime-operators.o
[713/28428] CXX obj/v8/v8_base_without_compiler/runtime-promise.o
[714/28428] CXX obj/v8/v8_base_without_compiler/runtime-object.o
[715/28428] CXX obj/v8/v8_base_without_compiler/runtime-proxy.o
[716/28428] CXX obj/v8/v8_base_without_compiler/runtime-shadow-realm.o
[717/28428] CXX obj/v8/v8_base_without_compiler/runtime-scopes.o
[718/28428] CXX obj/v8/v8_base_without_compiler/runtime-regexp.o
[719/28428] CXX obj/v8/v8_base_without_compiler/runtime-strings.o
[720/28428] CXX obj/v8/v8_base_without_compiler/runtime-symbol.o
[721/28428] CXX obj/v8/v8_base_without_compiler/runtime-trace.o
[722/28428] CXX obj/v8/v8_base_without_compiler/runtime-typedarray.o
[723/28428] CXX obj/v8/v8_base_without_compiler/runtime-test.o
[724/28428] CXX obj/v8/v8_base_without_compiler/runtime-weak-refs.o
[725/28428] CXX obj/v8/v8_base_without_compiler/runtime.o
[726/28428] CXX obj/v8/v8_base_without_compiler/cppheap-pointer-table.o
[727/28428] CXX obj/v8/v8_base_without_compiler/bytecode-verifier.o
[728/28428] CXX obj/v8/v8_base_without_compiler/external-pointer-table.o
[729/28428] CXX obj/v8/v8_base_without_compiler/code-pointer-table.o
[730/28428] CXX obj/v8/v8_base_without_compiler/js-dispatch-table.o
[731/28428] CXX obj/v8/v8_base_without_compiler/trusted-pointer-table.o
[732/28428] CXX obj/v8/v8_base_without_compiler/trusted-pointer-scope.o
[733/28428] CXX obj/v8/v8_base_without_compiler/testing.o
[734/28428] CXX obj/v8/v8_base_without_compiler/context-deserializer.o
[735/28428] CXX obj/v8/v8_base_without_compiler/context-serializer.o
[736/28428] CXX obj/v8/v8_base_without_compiler/code-serializer.o
[737/28428] CXX obj/v8/v8_base_without_compiler/deserializer.o
[738/28428] CXX obj/v8/v8_base_without_compiler/read-only-deserializer.o
[739/28428] CXX obj/v8/v8_base_without_compiler/object-deserializer.o
[740/28428] CXX obj/v8/v8_base_without_compiler/embedded-data.o
[741/28428] CXX obj/v8/v8_base_without_compiler/read-only-serializer.o
[742/28428] CXX obj/v8/v8_base_without_compiler/roots-serializer.o
[743/28428] CXX obj/v8/v8_base_without_compiler/serializer-deserializer.o
[744/28428] CXX obj/v8/v8_base_without_compiler/shared-heap-deserializer.o
[745/28428] CXX obj/v8/v8_base_without_compiler/serializer.o
[746/28428] CXX obj/v8/v8_base_without_compiler/snapshot-data.o
[747/28428] CXX obj/v8/v8_base_without_compiler/shared-heap-serializer.o
[748/28428] CXX obj/v8/v8_base_without_compiler/sort-builtins.o
[749/28428] CXX obj/v8/v8_base_without_compiler/snapshot-source-sink.o
[750/28428] CXX obj/v8/v8_base_without_compiler/snapshot.o
[751/28428] CXX obj/v8/v8_base_without_compiler/startup-deserializer.o
[752/28428] CXX obj/v8/v8_base_without_compiler/startup-serializer.o
[753/28428] CXX obj/v8/v8_base_without_compiler/string-builder.o
[754/28428] CXX obj/v8/v8_base_without_compiler/string-hasher.o
[755/28428] CXX obj/v8/v8_base_without_compiler/cancelable-task.o
[756/28428] CXX obj/v8/v8_base_without_compiler/string-stream.o
[757/28428] CXX obj/v8/v8_base_without_compiler/tracing-category-observer.o
[758/28428] CXX obj/v8/v8_base_without_compiler/trace-event.o
[759/28428] CXX obj/v8/v8_base_without_compiler/allocation.o
[760/28428] CXX obj/v8/v8_base_without_compiler/uri.o
[761/28428] CXX obj/v8/v8_base_without_compiler/output-stream.o
[762/28428] CXX obj/v8/v8_base_without_compiler/ostreams.o
[763/28428] CXX obj/v8/v8_base_without_compiler/address-map.o
[764/28428] CXX obj/v8/v8_base_without_compiler/accounting-allocator.o
[765/28428] CXX obj/v8/v8_base_without_compiler/identity-map.o
