ninja: Entering directory `out/Default'
[1/394] CXX obj/v8/v8_base_without_compiler/value-type.o
[2/394] CXX obj/v8/v8_base_without_compiler/names-provider.o
[3/394] CXX obj/v8/v8_base_without_compiler/stacks.o
[4/394] CXX obj/v8/v8_base_without_compiler/streaming-decoder.o
[5/394] CXX obj/v8/v8_base_without_compiler/parallel-move.o
[6/394] CXX obj/v8/v8_base_without_compiler/wasm-deopt-data.o
[7/394] CXX obj/v8/v8_base_without_compiler/function-body-decoder.o
[8/394] CXX obj/v8/v8_base_without_compiler/sync-streaming-decoder.o
[9/394] CXX obj/v8/v8_base_without_compiler/jump-table-assembler.o
[10/394] CXX obj/v8/v8_base_without_compiler/maglev-pipeline-statistics.o
[11/394] CXX obj/v8/v8_base_without_compiler/module-compiler.o
[12/394] CXX obj/v8/v8_base_without_compiler/wasm-module-builder.o
[13/394] CXX obj/v8/v8_base_without_compiler/wasm-module-sourcemap.o
[14/394] CXX obj/v8/v8_base_without_compiler/wasm-code-pointer-table.o
[15/394] CXX obj/v8/v8_base_without_compiler/wasm-opcodes.o
[16/394] CXX obj/v8/v8_base_without_compiler/perfetto-utils.o
[17/394] CXX obj/v8/v8_base_without_compiler/constant-expression-interface.o
[18/394] CXX obj/v8/v8_base_without_compiler/code-space-access.o
[19/394] CXX obj/v8/v8_base_without_compiler/wasm-disassembler.o
[20/394] CXX obj/v8/v8_base_without_compiler/runtime-test-wasm.o
[21/394] CXX obj/v8/v8_base_without_compiler/maglev-known-node-aspects.o
[22/394] CXX obj/v8/v8_base_without_compiler/wasm-debug.o
[23/394] CXX obj/v8/v8_base_without_compiler/asm-parser.o
[24/394] CXX obj/v8/v8_base_without_compiler/maglev-ir-x64.o
[25/394] CXX obj/v8/v8_base_without_compiler/maglev-phi-representation-selector.o
[26/394] CXX obj/v8/v8_base_without_compiler/liftoff-assembler.o
[27/394] CXX obj/v8/v8_base_without_compiler/constant-expression.o
[28/394] CXX obj/v8/v8_base_without_compiler/js-temporal-objects.o
[29/394] CXX obj/v8/v8_base_without_compiler/maglev-regalloc.o
[30/394] CXX obj/v8/v8_base_without_compiler/maglev-assembler-x64.o
[31/394] CXX obj/v8/v8_base_without_compiler/runtime-wasm.o
[32/394] CXX obj/v8/v8_base_without_compiler/wasm-subtyping.o
[33/394] CXX obj/v8/v8_base_without_compiler/wasm-wrapper-cache.o
[34/394] CXX obj/v8/v8_base_without_compiler/well-known-imports.o
[35/394] CXX obj/v8/v8_base_without_compiler/maglev-graph-optimizer.o
[36/394] CXX obj/v8/v8_base_without_compiler/maglev-graph.o
[37/394] CXX obj/v8/v8_base_without_compiler/maglev-inlining.o
[38/394] CXX obj/v8/v8_base_without_compiler/maglev-range-verification.o
[39/394] CXX obj/v8/v8_base_without_compiler/maglev-truncation.o
[40/394] CXX obj/v8/v8_base_without_compiler/debug-wasm-objects.o
[41/394] CXX obj/v8/v8_base_without_compiler/canonical-types.o
[42/394] CXX obj/v8/v8_base_without_compiler/function-compiler.o
[43/394] CXX obj/v8/v8_base_without_compiler/module-decoder.o
[44/394] CXX obj/v8/v8_base_without_compiler/module-instantiate.o
[45/394] CXX obj/v8/v8_base_without_compiler/wasm-export-wrapper-cache.o
[46/394] CXX obj/v8/v8_base_without_compiler/wasm-external-refs.o
[47/394] CXX obj/v8/v8_base_without_compiler/wasm-features.o
[48/394] CXX obj/v8/v8_base_without_compiler/wasm-module.o
[49/394] CXX obj/v8/v8_base_without_compiler/wasm-tracing.o
[50/394] CXX obj/v8/v8_base_without_compiler/builtins-temporal.o
[51/394] CXX obj/v8/v8_base_without_compiler/liftoff-compiler.o
[52/394] CXX obj/v8/v8_base_without_compiler/wasm-code-manager.o
[53/394] CXX obj/v8/v8_base_without_compiler/wasm-engine.o
[54/394] CXX obj/v8/v8_base_without_compiler/wasm-import-wrapper-cache.o
[55/394] CXX obj/v8/v8_base_without_compiler/wasm-js.o
[56/394] CXX obj/v8/v8_base_without_compiler/wasm-result.o
[57/394] CXX obj/v8/v8_base_without_compiler/wasm-serialization.o
[58/394] CXX obj/v8/v8_base_without_compiler/wasm-stack-wrapper-cache.o
[59/394] CXX obj/v8/v8_base_without_compiler/random-module-generation.o
[60/394] CXX obj/v8/v8_base_without_compiler/macro-assembler-shared-ia32-x64.o
[61/394] CXX obj/v8/v8_base_without_compiler/cpu-x64.o
[62/394] CXX obj/v8/v8_base_without_compiler/disasm-x64.o
[63/394] CXX obj/v8/v8_base_without_compiler/eh-frame-x64.o
[64/394] CXX obj/v8/v8_base_without_compiler/unwinder-x64.o
[65/394] CXX obj/v8/v8_base_without_compiler/handler-inside-posix.o
[66/394] CXX obj/v8/v8_base_without_compiler/handler-outside-posix.o
[67/394] CXX obj/v8/v8_bigint/bigint-internal.o
[68/394] CXX obj/v8/v8_bigint/div-burnikel.o
[69/394] CXX obj/v8/v8_bigint/div-schoolbook.o
[70/394] CXX obj/v8/v8_bigint/fromstring.o
[71/394] CXX obj/v8/v8_bigint/mul-karatsuba.o
[72/394] CXX obj/v8/v8_bigint/tostring.o
[73/394] CXX obj/v8/v8_bigint/div-barrett.o
[74/394] CXX obj/v8/v8_bigint/mul-fft.o
[75/394] CXX obj/v8/v8_bigint/mul-toom.o
[76/394] CXX obj/v8/v8_base_without_compiler/special-case.o
[77/394] CXX obj/v8/v8_base_without_compiler/wasm-objects.o
[78/394] CXX obj/v8/v8_compiler/bytecode-liveness-map.o
[79/394] CXX obj/v8/v8_compiler/common-node-cache.o
[80/394] CXX obj/v8/v8_compiler/bitcast-elider.o
[81/394] CXX obj/v8/v8_compiler/compiler-source-position-table.o
[82/394] CXX obj/v8/v8_compiler/all-nodes.o
[83/394] CXX obj/v8/v8_compiler/checkpoint-elimination.o
[84/394] CXX obj/v8/v8_compiler/gap-resolver.o
[85/394] CXX obj/v8/v8_compiler/frame-elider.o
[86/394] CXX obj/v8/v8_compiler/control-equivalence.o
[87/394] CXX obj/v8/v8_compiler/spill-placer.o
[88/394] CXX obj/v8/v8_compiler/frame.o
[89/394] CXX obj/v8/v8_compiler/move-optimizer.o
[90/394] CXX obj/v8/v8_compiler/common-operator-reducer.o
[91/394] CXX obj/v8/v8_compiler/instruction-scheduler.o
[92/394] CXX obj/v8/v8_compiler/add-type-assertions-reducer.o
[93/394] CXX obj/v8/v8_compiler/branch-elimination.o
[94/394] CXX obj/v8/v8_compiler/jump-threading.o
[95/394] CXX obj/v8/v8_compiler/common-operator.o
[96/394] CXX obj/v8/v8_base_without_compiler/deoptimizer-x64.o
[97/394] CXX obj/v8/v8_compiler/register-allocator-verifier.o
[98/394] CXX obj/v8/v8_base_without_compiler/assembler-x64.o
[99/394] CXX obj/v8/v8_base_without_compiler/frame-constants-x64.o
