ninja: Entering directory `out/Default'
[1/1123] CXX obj/v8/mksnapshot/snapshot-empty.o
[2/1123] CXX obj/v8/mksnapshot/mksnapshot.o
[3/1123] CXX obj/v8/torque_generated_definitions/api-callbacks-tq.o
[4/1123] CXX obj/v8/torque_generated_definitions/arguments-tq.o
[5/1123] CXX obj/v8/mksnapshot/embedded-file-writer.o
[6/1123] CXX obj/v8/mksnapshot/static-roots-gen.o
[7/1123] CXX obj/v8/torque_generated_definitions/cell-tq.o
[8/1123] CXX obj/v8/torque_generated_definitions/contexts-tq.o
[9/1123] CXX obj/v8/torque_generated_definitions/debug-objects-tq.o
[10/1123] CXX obj/v8/torque_generated_definitions/cpp-heap-external-object-tq.o
[11/1123] CXX obj/v8/torque_generated_definitions/descriptor-array-tq.o
[12/1123] CXX obj/v8/torque_generated_definitions/embedder-data-array-tq.o
[13/1123] CXX obj/v8/torque_generated_definitions/feedback-cell-tq.o
[14/1123] CXX obj/v8/torque_generated_definitions/feedback-vector-tq.o
[15/1123] CXX obj/v8/torque_generated_definitions/foreign-tq.o
[16/1123] CXX obj/v8/torque_generated_definitions/js-array-buffer-tq.o
[17/1123] CXX obj/v8/torque_generated_definitions/js-array-tq.o
[18/1123] CXX obj/v8/torque_generated_definitions/js-atomics-synchronization-tq.o
[19/1123] CXX obj/v8/torque_generated_definitions/js-collection-tq.o
[20/1123] CXX obj/v8/torque_generated_definitions/js-collection-iterator-tq.o
[21/1123] CXX obj/v8/torque_generated_definitions/js-disposable-stack-tq.o
[22/1123] CXX obj/v8/torque_generated_definitions/js-generator-tq.o
[23/1123] CXX obj/v8/torque_generated_definitions/js-function-tq.o
[24/1123] CXX obj/v8/torque_generated_definitions/js-iterator-helpers-tq.o
[25/1123] CXX obj/v8/torque_generated_definitions/js-promise-tq.o
[26/1123] CXX obj/v8/torque_generated_definitions/js-objects-tq.o
[27/1123] CXX obj/v8/torque_generated_definitions/js-proxy-tq.o
[28/1123] CXX obj/v8/torque_generated_definitions/js-raw-json-tq.o
[29/1123] CXX obj/v8/torque_generated_definitions/js-regexp-string-iterator-tq.o
[30/1123] CXX obj/v8/torque_generated_definitions/js-regexp-tq.o
[31/1123] CXX obj/v8/torque_generated_definitions/js-shared-array-tq.o
[32/1123] CXX obj/v8/torque_generated_definitions/js-shadow-realm-tq.o
[33/1123] CXX obj/v8/torque_generated_definitions/js-weak-refs-tq.o
[34/1123] CXX obj/v8/torque_generated_definitions/js-struct-tq.o
[35/1123] CXX obj/v8/torque_generated_definitions/literal-objects-tq.o
[36/1123] CXX obj/v8/torque_generated_definitions/map-tq.o
[37/1123] CXX obj/v8/torque_generated_definitions/module-tq.o
[38/1123] CXX obj/v8/torque_generated_definitions/megadom-handler-tq.o
[39/1123] CXX obj/v8/torque_generated_definitions/property-cell-tq.o
[40/1123] CXX obj/v8/torque_generated_definitions/property-array-tq.o
[41/1123] CXX obj/v8/torque_generated_definitions/prototype-info-tq.o
[42/1123] CXX obj/v8/torque_generated_definitions/scope-info-tq.o
[43/1123] CXX obj/v8/torque_generated_definitions/script-tq.o
[44/1123] CXX obj/v8/torque_generated_definitions/shared-function-info-tq.o
[45/1123] CXX obj/v8/torque_generated_definitions/source-text-module-tq.o
[46/1123] CXX obj/v8/torque_generated_definitions/struct-tq.o
[47/1123] CXX obj/v8/torque_generated_definitions/synthetic-module-tq.o
[48/1123] CXX obj/v8/torque_generated_definitions/templates-tq.o
[49/1123] CXX obj/v8/torque_generated_definitions/torque-defined-classes-tq.o
[50/1123] CXX obj/v8/torque_generated_definitions/turbofan-types-tq.o
[51/1123] CXX obj/v8/torque_generated_definitions/turboshaft-types-tq.o
[52/1123] CXX obj/v8/torque_generated_definitions/js-break-iterator-tq.o
[53/1123] CXX obj/v8/torque_generated_definitions/js-collator-tq.o
[54/1123] CXX obj/v8/torque_generated_definitions/js-date-time-format-tq.o
[55/1123] CXX obj/v8/torque_generated_definitions/js-display-names-tq.o
[56/1123] CXX obj/v8/torque_generated_definitions/js-duration-format-tq.o
[57/1123] CXX obj/v8/torque_generated_definitions/js-list-format-tq.o
[58/1123] CXX obj/v8/torque_generated_definitions/js-locale-tq.o
[59/1123] CXX obj/v8/torque_generated_definitions/js-number-format-tq.o
[60/1123] CXX obj/v8/torque_generated_definitions/js-plural-rules-tq.o
[61/1123] CXX obj/v8/torque_generated_definitions/js-relative-time-format-tq.o
[62/1123] CXX obj/v8/torque_generated_definitions/js-segment-iterator-tq.o
[63/1123] CXX obj/v8/torque_generated_definitions/js-segmenter-tq.o
[64/1123] CXX obj/v8/torque_generated_definitions/js-segments-tq.o
[65/1123] CXX obj/v8/torque_generated_definitions/js-temporal-objects-tq.o
[66/1123] CXX obj/v8/torque_generated_definitions/wasm-objects-tq.o
[67/1123] CXX obj/v8/torque_generated_definitions/factory.o
[68/1123] CXX obj/v8/torque_generated_initializers/aggregate-error-tq-csa.o
[69/1123] CXX obj/v8/torque_generated_initializers/array-at-tq-csa.o
[70/1123] CXX obj/v8/torque_generated_initializers/array-concat-tq-csa.o
[71/1123] CXX obj/v8/torque_generated_initializers/array-copywithin-tq-csa.o
[72/1123] CXX obj/v8/torque_generated_initializers/array-every-tq-csa.o
[73/1123] CXX obj/v8/torque_generated_initializers/array-filter-tq-csa.o
[74/1123] CXX obj/v8/torque_generated_initializers/array-find-tq-csa.o
[75/1123] CXX obj/v8/torque_generated_initializers/array-findindex-tq-csa.o
[76/1123] CXX obj/v8/torque_generated_initializers/array-findlast-tq-csa.o
[77/1123] CXX obj/v8/torque_generated_initializers/array-findlastindex-tq-csa.o
[78/1123] CXX obj/v8/torque_generated_initializers/array-flat-tq-csa.o
[79/1123] CXX obj/v8/torque_generated_initializers/array-foreach-tq-csa.o
[80/1123] CXX obj/v8/torque_generated_initializers/array-from-tq-csa.o
[81/1123] CXX obj/v8/torque_generated_initializers/array-from-async-tq-csa.o
[82/1123] CXX obj/v8/torque_generated_initializers/array-isarray-tq-csa.o
[83/1123] CXX obj/v8/torque_generated_initializers/array-lastindexof-tq-csa.o
[84/1123] CXX obj/v8/torque_generated_initializers/array-join-tq-csa.o
[85/1123] CXX obj/v8/torque_generated_initializers/array-map-tq-csa.o
[86/1123] CXX obj/v8/torque_generated_initializers/array-of-tq-csa.o
[87/1123] CXX obj/v8/torque_generated_initializers/array-reduce-right-tq-csa.o
[88/1123] CXX obj/v8/torque_generated_initializers/array-reduce-tq-csa.o
[89/1123] CXX obj/v8/torque_generated_initializers/array-reverse-tq-csa.o
[90/1123] CXX obj/v8/torque_generated_initializers/array-shift-tq-csa.o
[91/1123] CXX obj/v8/torque_generated_initializers/array-slice-tq-csa.o
[92/1123] CXX obj/v8/torque_generated_initializers/array-some-tq-csa.o
[93/1123] CXX obj/v8/torque_generated_initializers/array-to-reversed-tq-csa.o
[94/1123] CXX obj/v8/torque_generated_initializers/array-splice-tq-csa.o
[95/1123] CXX obj/v8/torque_generated_initializers/array-to-sorted-tq-csa.o
[96/1123] CXX obj/v8/torque_generated_initializers/array-to-spliced-tq-csa.o
[97/1123] CXX obj/v8/torque_generated_initializers/array-with-tq-csa.o
[98/1123] CXX obj/v8/torque_generated_initializers/array-unshift-tq-csa.o
[99/1123] CXX obj/v8/torque_generated_initializers/array-tq-csa.o
[100/1123] CXX obj/v8/torque_generated_initializers/arraybuffer-tq-csa.o
[101/1123] CXX obj/v8/torque_generated_initializers/boolean-tq-csa.o
[102/1123] CXX obj/v8/torque_generated_initializers/builtins-string-tq-csa.o
[103/1123] CXX obj/v8/torque_generated_initializers/base-tq-csa.o
[104/1123] CXX obj/v8/torque_generated_initializers/builtins-bigint-tq-csa.o
[105/1123] CXX obj/v8/torque_generated_initializers/collections-tq-csa.o
[106/1123] CXX obj/v8/torque_generated_initializers/cast-tq-csa.o
[107/1123] CXX obj/v8/torque_generated_initializers/constructor-tq-csa.o
[108/1123] CXX obj/v8/torque_generated_initializers/conversion-tq-csa.o
[109/1123] CXX obj/v8/torque_generated_initializers/console-tq-csa.o
[110/1123] CXX obj/v8/torque_generated_initializers/convert-tq-csa.o
[111/1123] CXX obj/v8/torque_generated_initializers/data-view-tq-csa.o
[112/1123] CXX obj/v8/torque_generated_initializers/finalization-registry-tq-csa.o
[113/1123] CXX obj/v8/torque_generated_initializers/frames-tq-csa.o
[114/1123] CXX obj/v8/torque_generated_initializers/frame-arguments-tq-csa.o
[115/1123] CXX obj/v8/torque_generated_initializers/growable-fixed-array-tq-csa.o
[116/1123] CXX obj/v8/torque_generated_initializers/function-tq-csa.o
[117/1123] CXX obj/v8/torque_generated_initializers/ic-callable-tq-csa.o
[118/1123] CXX obj/v8/torque_generated_initializers/ic-tq-csa.o
[119/1123] CXX obj/v8/torque_generated_initializers/internal-coverage-tq-csa.o
[120/1123] CXX obj/v8/torque_generated_initializers/internal-tq-csa.o
[121/1123] CXX obj/v8/torque_generated_initializers/iterator-tq-csa.o
[122/1123] CXX obj/v8/torque_generated_initializers/iterator-from-tq-csa.o
[123/1123] CXX obj/v8/torque_generated_initializers/map-groupby-tq-csa.o
[124/1123] CXX obj/v8/torque_generated_initializers/math-tq-csa.o
[125/1123] CXX obj/v8/torque_generated_initializers/iterator-helpers-tq-csa.o
[126/1123] CXX obj/v8/torque_generated_initializers/object-fromentries-tq-csa.o
[127/1123] CXX obj/v8/torque_generated_initializers/number-tq-csa.o
[128/1123] CXX obj/v8/torque_generated_initializers/object-groupby-tq-csa.o
[129/1123] CXX obj/v8/torque_generated_initializers/object-tq-csa.o
[130/1123] CXX obj/v8/torque_generated_initializers/promise-abstract-operations-tq-csa.o
[131/1123] CXX obj/v8/torque_generated_initializers/promise-all-tq-csa.o
[132/1123] CXX obj/v8/torque_generated_initializers/promise-all-element-closure-tq-csa.o
[133/1123] CXX obj/v8/torque_generated_initializers/promise-any-tq-csa.o
[134/1123] CXX obj/v8/torque_generated_initializers/promise-constructor-tq-csa.o
[135/1123] CXX obj/v8/torque_generated_initializers/promise-finally-tq-csa.o
[136/1123] CXX obj/v8/torque_generated_initializers/promise-jobs-tq-csa.o
[137/1123] CXX obj/v8/torque_generated_initializers/promise-misc-tq-csa.o
[138/1123] CXX obj/v8/torque_generated_initializers/promise-race-tq-csa.o
[139/1123] CXX obj/v8/torque_generated_initializers/promise-reaction-job-tq-csa.o
[140/1123] CXX obj/v8/torque_generated_initializers/promise-resolve-tq-csa.o
[141/1123] CXX obj/v8/torque_generated_initializers/promise-then-tq-csa.o
[142/1123] CXX obj/v8/torque_generated_initializers/promise-try-tq-csa.o
[143/1123] CXX obj/v8/torque_generated_initializers/promise-withresolvers-tq-csa.o
[144/1123] CXX obj/v8/torque_generated_initializers/proxy-constructor-tq-csa.o
[145/1123] CXX obj/v8/torque_generated_initializers/proxy-get-property-tq-csa.o
[146/1123] CXX obj/v8/torque_generated_initializers/proxy-delete-property-tq-csa.o
[147/1123] CXX obj/v8/torque_generated_initializers/proxy-get-prototype-of-tq-csa.o
[148/1123] CXX obj/v8/torque_generated_initializers/proxy-has-property-tq-csa.o
[149/1123] CXX obj/v8/torque_generated_initializers/proxy-is-extensible-tq-csa.o
[150/1123] CXX obj/v8/torque_generated_initializers/proxy-prevent-extensions-tq-csa.o
[151/1123] CXX obj/v8/torque_generated_initializers/proxy-revoke-tq-csa.o
[152/1123] CXX obj/v8/torque_generated_initializers/proxy-revocable-tq-csa.o
[153/1123] CXX obj/v8/torque_generated_initializers/proxy-set-property-tq-csa.o
[154/1123] CXX obj/v8/torque_generated_initializers/proxy-set-prototype-of-tq-csa.o
[155/1123] CXX obj/v8/torque_generated_initializers/proxy-tq-csa.o
[156/1123] CXX obj/v8/torque_generated_initializers/reflect-tq-csa.o
[157/1123] CXX obj/v8/torque_generated_initializers/regexp-exec-tq-csa.o
[158/1123] CXX obj/v8/torque_generated_initializers/regexp-match-all-tq-csa.o
[159/1123] CXX obj/v8/torque_generated_initializers/regexp-match-tq-csa.o
[160/1123] CXX obj/v8/torque_generated_initializers/regexp-replace-tq-csa.o
[161/1123] CXX obj/v8/torque_generated_initializers/regexp-search-tq-csa.o
[162/1123] CXX obj/v8/torque_generated_initializers/regexp-source-tq-csa.o
[163/1123] CXX obj/v8/torque_generated_initializers/regexp-split-tq-csa.o
[164/1123] CXX obj/v8/torque_generated_initializers/regexp-test-tq-csa.o
[165/1123] CXX obj/v8/torque_generated_initializers/regexp-tq-csa.o
[166/1123] CXX obj/v8/torque_generated_initializers/set-difference-tq-csa.o
[167/1123] CXX obj/v8/torque_generated_initializers/set-intersection-tq-csa.o
[168/1123] CXX obj/v8/torque_generated_initializers/set-is-disjoint-from-tq-csa.o
[169/1123] CXX obj/v8/torque_generated_initializers/set-is-subset-of-tq-csa.o
[170/1123] CXX obj/v8/torque_generated_initializers/set-is-superset-of-tq-csa.o
[171/1123] CXX obj/v8/torque_generated_initializers/set-symmetric-difference-tq-csa.o
[172/1123] CXX obj/v8/torque_generated_initializers/set-union-tq-csa.o
[173/1123] CXX obj/v8/torque_generated_initializers/string-at-tq-csa.o
[174/1123] CXX obj/v8/torque_generated_initializers/string-endswith-tq-csa.o
[175/1123] CXX obj/v8/torque_generated_initializers/string-html-tq-csa.o
[176/1123] CXX obj/v8/torque_generated_initializers/string-includes-tq-csa.o
[177/1123] CXX obj/v8/torque_generated_initializers/string-indexof-tq-csa.o
[178/1123] CXX obj/v8/torque_generated_initializers/string-iswellformed-tq-csa.o
[179/1123] CXX obj/v8/torque_generated_initializers/string-iterator-tq-csa.o
[180/1123] CXX obj/v8/torque_generated_initializers/string-match-search-tq-csa.o
[181/1123] CXX obj/v8/torque_generated_initializers/string-pad-tq-csa.o
[182/1123] CXX obj/v8/torque_generated_initializers/string-repeat-tq-csa.o
[183/1123] CXX obj/v8/torque_generated_initializers/string-replaceall-tq-csa.o
[184/1123] CXX obj/v8/torque_generated_initializers/string-slice-tq-csa.o
[185/1123] CXX obj/v8/torque_generated_initializers/string-startswith-tq-csa.o
[186/1123] CXX obj/v8/torque_generated_initializers/string-substr-tq-csa.o
[187/1123] CXX obj/v8/torque_generated_initializers/string-substring-tq-csa.o
[188/1123] CXX obj/v8/torque_generated_initializers/string-towellformed-tq-csa.o
[189/1123] CXX obj/v8/torque_generated_initializers/string-trim-tq-csa.o
[190/1123] CXX obj/v8/torque_generated_initializers/suppressed-error-tq-csa.o
[191/1123] CXX obj/v8/torque_generated_initializers/symbol-tq-csa.o
[192/1123] CXX obj/v8/torque_generated_initializers/typed-array-at-tq-csa.o
[193/1123] CXX obj/v8/torque_generated_initializers/torque-internal-tq-csa.o
[194/1123] CXX obj/v8/torque_generated_initializers/typed-array-createtypedarray-tq-csa.o
[195/1123] CXX obj/v8/torque_generated_initializers/typed-array-every-tq-csa.o
[196/1123] CXX obj/v8/torque_generated_initializers/typed-array-entries-tq-csa.o
[197/1123] CXX obj/v8/torque_generated_initializers/typed-array-filter-tq-csa.o
[198/1123] CXX obj/v8/torque_generated_initializers/typed-array-find-tq-csa.o
[199/1123] CXX obj/v8/torque_generated_initializers/typed-array-findindex-tq-csa.o
[200/1123] CXX obj/v8/torque_generated_initializers/typed-array-findlastindex-tq-csa.o
[201/1123] CXX obj/v8/torque_generated_initializers/typed-array-findlast-tq-csa.o
[202/1123] CXX obj/v8/torque_generated_initializers/typed-array-foreach-tq-csa.o
[203/1123] CXX obj/v8/torque_generated_initializers/typed-array-from-tq-csa.o
[204/1123] CXX obj/v8/torque_generated_initializers/typed-array-keys-tq-csa.o
[205/1123] CXX obj/v8/torque_generated_initializers/typed-array-of-tq-csa.o
[206/1123] CXX obj/v8/torque_generated_initializers/typed-array-reduce-tq-csa.o
[207/1123] CXX obj/v8/torque_generated_initializers/typed-array-reduceright-tq-csa.o
[208/1123] CXX obj/v8/torque_generated_initializers/typed-array-set-tq-csa.o
[209/1123] CXX obj/v8/torque_generated_initializers/typed-array-slice-tq-csa.o
[210/1123] CXX obj/v8/torque_generated_initializers/typed-array-some-tq-csa.o
[211/1123] CXX obj/v8/torque_generated_initializers/typed-array-sort-tq-csa.o
[212/1123] CXX obj/v8/torque_generated_initializers/typed-array-subarray-tq-csa.o
[213/1123] CXX obj/v8/torque_generated_initializers/typed-array-to-reversed-tq-csa.o
[214/1123] CXX obj/v8/torque_generated_initializers/typed-array-to-sorted-tq-csa.o
[215/1123] CXX obj/v8/torque_generated_initializers/typed-array-values-tq-csa.o
[216/1123] CXX obj/v8/torque_generated_initializers/typed-array-with-tq-csa.o
[217/1123] CXX obj/v8/torque_generated_initializers/typed-array-tq-csa.o
[218/1123] CXX obj/v8/torque_generated_initializers/weak-ref-tq-csa.o
[219/1123] CXX obj/v8/torque_generated_initializers/handler-configuration-tq-csa.o
[220/1123] CXX obj/v8/torque_generated_initializers/allocation-site-tq-csa.o
[221/1123] CXX obj/v8/torque_generated_initializers/api-callbacks-tq-csa.o
[222/1123] CXX obj/v8/torque_generated_initializers/arguments-tq-csa.o
[223/1123] CXX obj/v8/torque_generated_initializers/bigint-tq-csa.o
[224/1123] CXX obj/v8/torque_generated_initializers/call-site-info-tq-csa.o
[225/1123] CXX obj/v8/torque_generated_initializers/cell-tq-csa.o
[226/1123] CXX obj/v8/torque_generated_initializers/bytecode-array-tq-csa.o
[227/1123] CXX obj/v8/torque_generated_initializers/contexts-tq-csa.o
[228/1123] CXX obj/v8/torque_generated_initializers/cpp-heap-external-object-tq-csa.o
[229/1123] CXX obj/v8/torque_generated_initializers/data-handler-tq-csa.o
[230/1123] CXX obj/v8/torque_generated_initializers/descriptor-array-tq-csa.o
[231/1123] CXX obj/v8/torque_generated_initializers/debug-objects-tq-csa.o
[232/1123] CXX obj/v8/torque_generated_initializers/embedder-data-array-tq-csa.o
[233/1123] CXX obj/v8/torque_generated_initializers/feedback-cell-tq-csa.o
[234/1123] CXX obj/v8/torque_generated_initializers/feedback-vector-tq-csa.o
[235/1123] CXX obj/v8/torque_generated_initializers/free-space-tq-csa.o
[236/1123] CXX obj/v8/torque_generated_initializers/foreign-tq-csa.o
[237/1123] CXX obj/v8/torque_generated_initializers/fixed-array-tq-csa.o
[238/1123] CXX obj/v8/torque_generated_initializers/heap-number-tq-csa.o
[239/1123] CXX obj/v8/torque_generated_initializers/heap-object-tq-csa.o
[240/1123] CXX obj/v8/torque_generated_initializers/js-array-buffer-tq-csa.o
[241/1123] CXX obj/v8/torque_generated_initializers/js-atomics-synchronization-tq-csa.o
[242/1123] CXX obj/v8/torque_generated_initializers/js-array-tq-csa.o
[243/1123] CXX obj/v8/torque_generated_initializers/js-collection-iterator-tq-csa.o
[244/1123] CXX obj/v8/torque_generated_initializers/js-collection-tq-csa.o
[245/1123] CXX obj/v8/torque_generated_initializers/js-disposable-stack-tq-csa.o
[246/1123] CXX obj/v8/torque_generated_initializers/js-function-tq-csa.o
[247/1123] CXX obj/v8/torque_generated_initializers/js-generator-tq-csa.o
[248/1123] CXX obj/v8/torque_generated_initializers/js-iterator-helpers-tq-csa.o
[249/1123] CXX obj/v8/torque_generated_initializers/js-objects-tq-csa.o
[250/1123] CXX obj/v8/torque_generated_initializers/js-promise-tq-csa.o
[251/1123] CXX obj/v8/torque_generated_initializers/js-proxy-tq-csa.o
[252/1123] CXX obj/v8/torque_generated_initializers/js-raw-json-tq-csa.o
[253/1123] CXX obj/v8/torque_generated_initializers/js-regexp-string-iterator-tq-csa.o
[254/1123] CXX obj/v8/torque_generated_initializers/js-regexp-tq-csa.o
[255/1123] CXX obj/v8/torque_generated_initializers/js-shared-array-tq-csa.o
[256/1123] CXX obj/v8/torque_generated_initializers/js-shadow-realm-tq-csa.o
[257/1123] CXX obj/v8/torque_generated_initializers/js-struct-tq-csa.o
[258/1123] CXX obj/v8/torque_generated_initializers/js-weak-refs-tq-csa.o
[259/1123] CXX obj/v8/torque_generated_initializers/map-tq-csa.o
[260/1123] CXX obj/v8/torque_generated_initializers/literal-objects-tq-csa.o
[261/1123] CXX obj/v8/torque_generated_initializers/megadom-handler-tq-csa.o
[262/1123] CXX obj/v8/torque_generated_initializers/microtask-tq-csa.o
[263/1123] CXX obj/v8/torque_generated_initializers/module-tq-csa.o
[264/1123] CXX obj/v8/torque_generated_initializers/name-tq-csa.o
[265/1123] CXX obj/v8/torque_generated_initializers/hole-tq-csa.o
[266/1123] CXX obj/v8/torque_generated_initializers/oddball-tq-csa.o
[267/1123] CXX obj/v8/torque_generated_initializers/trusted-object-tq-csa.o
[268/1123] CXX obj/v8/torque_generated_initializers/ordered-hash-table-tq-csa.o
[269/1123] CXX obj/v8/torque_generated_initializers/primitive-heap-object-tq-csa.o
[270/1123] CXX obj/v8/torque_generated_initializers/promise-tq-csa.o
[271/1123] CXX obj/v8/torque_generated_initializers/property-array-tq-csa.o
[272/1123] CXX obj/v8/torque_generated_initializers/property-cell-tq-csa.o
[273/1123] CXX obj/v8/torque_generated_initializers/property-descriptor-object-tq-csa.o
[274/1123] CXX obj/v8/torque_generated_initializers/prototype-info-tq-csa.o
[275/1123] CXX obj/v8/torque_generated_initializers/regexp-match-info-tq-csa.o
[276/1123] CXX obj/v8/torque_generated_initializers/source-text-module-tq-csa.o
[277/1123] CXX obj/v8/torque_generated_initializers/shared-function-info-tq-csa.o
[278/1123] CXX obj/v8/torque_generated_initializers/scope-info-tq-csa.o
[279/1123] CXX obj/v8/torque_generated_initializers/script-tq-csa.o
[280/1123] CXX obj/v8/torque_generated_initializers/string-tq-csa.o
[281/1123] CXX obj/v8/torque_generated_initializers/struct-tq-csa.o
[282/1123] CXX obj/v8/torque_generated_initializers/swiss-hash-table-helpers-tq-csa.o
[283/1123] CXX obj/v8/torque_generated_initializers/synthetic-module-tq-csa.o
[284/1123] CXX obj/v8/torque_generated_initializers/template-objects-tq-csa.o
[285/1123] CXX obj/v8/torque_generated_initializers/swiss-name-dictionary-tq-csa.o
[286/1123] CXX obj/v8/torque_generated_initializers/templates-tq-csa.o
[287/1123] CXX obj/v8/torque_generated_initializers/torque-defined-classes-tq-csa.o
[288/1123] CXX obj/v8/torque_generated_initializers/turbofan-types-tq-csa.o
[289/1123] CXX obj/v8/torque_generated_initializers/turboshaft-types-tq-csa.o
[290/1123] CXX obj/v8/torque_generated_initializers/js-break-iterator-tq-csa.o
[291/1123] CXX obj/v8/torque_generated_initializers/test-torque-tq-csa.o
[292/1123] CXX obj/v8/torque_generated_initializers/array-sort-tq-csa.o
[293/1123] CXX obj/v8/torque_generated_initializers/intl-objects-tq-csa.o
[294/1123] CXX obj/v8/torque_generated_initializers/js-date-time-format-tq-csa.o
[295/1123] CXX obj/v8/torque_generated_initializers/js-collator-tq-csa.o
[296/1123] CXX obj/v8/torque_generated_initializers/js-display-names-tq-csa.o
[297/1123] CXX obj/v8/torque_generated_initializers/js-list-format-tq-csa.o
[298/1123] CXX obj/v8/torque_generated_initializers/js-locale-tq-csa.o
[299/1123] CXX obj/v8/torque_generated_initializers/js-duration-format-tq-csa.o
[300/1123] CXX obj/v8/torque_generated_initializers/js-plural-rules-tq-csa.o
[301/1123] CXX obj/v8/torque_generated_initializers/js-number-format-tq-csa.o
[302/1123] CXX obj/v8/torque_generated_initializers/js-relative-time-format-tq-csa.o
[303/1123] CXX obj/v8/torque_generated_initializers/js-segment-iterator-tq-csa.o
[304/1123] CXX obj/v8/torque_generated_initializers/js-segments-tq-csa.o
[305/1123] CXX obj/v8/torque_generated_initializers/js-segmenter-tq-csa.o
[306/1123] CXX obj/v8/torque_generated_initializers/js-temporal-objects-tq-csa.o
[307/1123] CXX obj/v8/torque_generated_initializers/js-to-js-tq-csa.o
[308/1123] CXX obj/v8/torque_generated_initializers/wasm-strings-tq-csa.o
[309/1123] CXX obj/v8/torque_generated_initializers/wasm-tq-csa.o
[310/1123] CXX obj/v8/torque_generated_initializers/wasm-to-js-tq-csa.o
[311/1123] CXX obj/v8/torque_generated_initializers/debug-wasm-objects-tq-csa.o
[312/1123] CXX obj/v8/torque_generated_initializers/js-to-wasm-tq-csa.o
[313/1123] CXX obj/v8/torque_generated_initializers/wasm-objects-tq-csa.o
[314/1123] CXX obj/v8/torque_generated_initializers/enum-verifiers.o
[315/1123] CXX obj/v8/v8_base_without_compiler/ast-function-literal-id-reindexer.o
[316/1123] CXX obj/v8/v8_base_without_compiler/api-arguments.o
[317/1123] CXX obj/v8/v8_base_without_compiler/api-natives.o
[318/1123] CXX obj/v8/torque_generated_initializers/exported-macros-assembler.o
[319/1123] CXX obj/v8/v8_base_without_compiler/ast-value-factory.o
[320/1123] CXX obj/v8/v8_base_without_compiler/api.o
[321/1123] CXX obj/v8/v8_base_without_compiler/prettyprinter.o
[322/1123] CXX obj/v8/v8_base_without_compiler/ast.o
[323/1123] CXX obj/v8/v8_base_without_compiler/modules.o
[324/1123] CXX obj/v8/v8_base_without_compiler/scopes.o
[325/1123] CXX obj/v8/v8_base_without_compiler/variables.o
[326/1123] CXX obj/v8/v8_base_without_compiler/source-range-ast-visitor.o
[327/1123] CXX obj/v8/v8_base_without_compiler/baseline.o
[328/1123] CXX obj/v8/v8_base_without_compiler/builtins-abstract-module-source.o
[329/1123] CXX obj/v8/v8_base_without_compiler/accessors.o
[330/1123] CXX obj/v8/v8_base_without_compiler/bytecode-offset-iterator.o
[331/1123] CXX obj/v8/v8_base_without_compiler/builtins-api.o
[332/1123] CXX obj/v8/v8_base_without_compiler/builtins-array.o
[333/1123] CXX obj/v8/v8_base_without_compiler/builtins-arraybuffer.o
[334/1123] CXX obj/v8/v8_base_without_compiler/builtins-async-disposable-stack.o
[335/1123] CXX obj/v8/v8_base_without_compiler/builtins-async-module.o
[336/1123] CXX obj/v8/v8_base_without_compiler/builtins-atomics-synchronization.o
[337/1123] CXX obj/v8/v8_base_without_compiler/builtins-bigint.o
[338/1123] CXX obj/v8/v8_base_without_compiler/builtins-callsite.o
[339/1123] CXX obj/v8/v8_base_without_compiler/builtins-effects-analyzer.o
[340/1123] CXX obj/v8/v8_base_without_compiler/builtins-collections.o
[341/1123] CXX obj/v8/v8_base_without_compiler/builtins-dataview.o
[342/1123] CXX obj/v8/v8_base_without_compiler/builtins-console.o
[343/1123] CXX obj/v8/v8_base_without_compiler/builtins-disposable-stack.o
[344/1123] CXX obj/v8/v8_base_without_compiler/builtins-date.o
[345/1123] CXX obj/v8/v8_base_without_compiler/builtins-error.o
[346/1123] CXX obj/v8/v8_base_without_compiler/builtins-function.o
[347/1123] CXX obj/v8/v8_base_without_compiler/builtins-internal.o
[348/1123] CXX obj/v8/v8_base_without_compiler/builtins-global.o
[349/1123] CXX obj/v8/v8_base_without_compiler/builtins-json.o
[350/1123] CXX obj/v8/v8_base_without_compiler/builtins-intl.o
[351/1123] CXX obj/v8/v8_base_without_compiler/builtins-math.o
[352/1123] CXX obj/v8/v8_base_without_compiler/builtins-object.o
[353/1123] CXX obj/v8/v8_base_without_compiler/builtins-number.o
[354/1123] CXX obj/v8/v8_base_without_compiler/builtins-reflect.o
[355/1123] CXX obj/v8/v8_base_without_compiler/builtins-regexp.o
[356/1123] CXX obj/v8/v8_base_without_compiler/builtins-shadow-realm.o
[357/1123] CXX obj/v8/v8_base_without_compiler/builtins-shared-array.o
[358/1123] CXX obj/v8/v8_base_without_compiler/builtins-sharedarraybuffer.o
[359/1123] CXX obj/v8/v8_base_without_compiler/builtins-string.o
[360/1123] CXX obj/v8/v8_base_without_compiler/builtins-struct.o
[361/1123] CXX obj/v8/v8_base_without_compiler/builtins-symbol.o
[362/1123] CXX obj/v8/v8_base_without_compiler/builtins-trace.o
[363/1123] CXX obj/v8/v8_base_without_compiler/builtins-typed-array.o
[364/1123] CXX obj/v8/v8_base_without_compiler/builtins-weak-refs.o
[365/1123] CXX obj/v8/v8_base_without_compiler/constants-table-builder.o
[366/1123] CXX obj/v8/v8_base_without_compiler/builtins.o
[367/1123] CXX obj/v8/v8_base_without_compiler/assembler.o
[368/1123] CXX obj/v8/v8_base_without_compiler/code-comments.o
[369/1123] CXX obj/v8/v8_base_without_compiler/external-reference-encoder.o
[370/1123] CXX obj/v8/v8_base_without_compiler/code-desc.o
[371/1123] CXX obj/v8/v8_base_without_compiler/code-reference.o
[372/1123] CXX obj/v8/v8_base_without_compiler/code-factory.o
[373/1123] CXX obj/v8/v8_base_without_compiler/compilation-cache.o
[374/1123] CXX obj/v8/v8_base_without_compiler/external-reference-table.o
[375/1123] CXX obj/v8/v8_base_without_compiler/flush-instruction-cache.o
[376/1123] CXX obj/v8/v8_base_without_compiler/compiler.o
[377/1123] CXX obj/v8/v8_base_without_compiler/external-reference.o
[378/1123] CXX obj/v8/v8_base_without_compiler/interface-descriptors.o
[379/1123] CXX obj/v8/v8_base_without_compiler/handler-table.o
[380/1123] CXX obj/v8/v8_base_without_compiler/jump-table-info.o
[381/1123] CXX obj/v8/v8_base_without_compiler/macro-assembler-base.o
[382/1123] CXX obj/v8/v8_base_without_compiler/maglev-safepoint-table.o
[383/1123] CXX obj/v8/v8_base_without_compiler/pending-optimization-table.o
[384/1123] CXX obj/v8/v8_base_without_compiler/reloc-info.o
[385/1123] CXX obj/v8/v8_base_without_compiler/optimized-compilation-info.o
[386/1123] CXX obj/v8/v8_base_without_compiler/safepoint-table.o
[387/1123] CXX obj/v8/v8_base_without_compiler/source-position-table.o
[388/1123] CXX obj/v8/v8_base_without_compiler/tick-counter.o
[389/1123] CXX obj/v8/v8_base_without_compiler/source-position.o
[390/1123] CXX obj/v8/v8_base_without_compiler/ptr-compr.o
[391/1123] CXX obj/v8/v8_base_without_compiler/assert-scope.o
[392/1123] CXX obj/v8/v8_base_without_compiler/unoptimized-compilation-info.o
[393/1123] CXX obj/v8/v8_base_without_compiler/code-memory-access.o
[394/1123] CXX obj/v8/v8_base_without_compiler/lazy-compile-dispatcher.o
[395/1123] CXX obj/v8/v8_base_without_compiler/optimizing-compile-dispatcher.o
[396/1123] CXX obj/v8/v8_base_without_compiler/linkage.o
[397/1123] CXX obj/v8/v8_base_without_compiler/dateparser.o
[398/1123] CXX obj/v8/v8_base_without_compiler/date.o
[399/1123] CXX obj/v8/v8_base_without_compiler/debug-coverage.o
[400/1123] CXX obj/v8/v8_base_without_compiler/debug-evaluate.o
[401/1123] CXX obj/v8/v8_base_without_compiler/debug-frames.o
[402/1123] CXX obj/v8/v8_base_without_compiler/debug-property-iterator.o
[403/1123] CXX obj/v8/v8_base_without_compiler/debug-interface.o
[404/1123] CXX obj/v8/v8_base_without_compiler/debug-scope-iterator.o
[405/1123] CXX obj/v8/v8_base_without_compiler/debug-scopes.o
[406/1123] CXX obj/v8/v8_base_without_compiler/debug-stack-trace-iterator.o
[407/1123] CXX obj/v8/v8_base_without_compiler/deoptimized-frame-info.o
[408/1123] CXX obj/v8/v8_base_without_compiler/debug.o
[409/1123] CXX obj/v8/v8_base_without_compiler/liveedit.o
[410/1123] CXX obj/v8/v8_base_without_compiler/deoptimizer.o
[411/1123] CXX obj/v8/v8_base_without_compiler/frame-translation-builder.o
[412/1123] CXX obj/v8/v8_base_without_compiler/materialized-object-store.o
[413/1123] CXX obj/v8/v8_base_without_compiler/translated-state.o
[414/1123] CXX obj/v8/v8_base_without_compiler/basic-block-profiler.o
[415/1123] CXX obj/v8/v8_base_without_compiler/disassembler.o
[416/1123] CXX obj/v8/v8_base_without_compiler/gdb-jit.o
[417/1123] CXX obj/v8/v8_base_without_compiler/objects-debug.o
[418/1123] CXX obj/v8/v8_base_without_compiler/arguments.o
[419/1123] CXX obj/v8/v8_base_without_compiler/objects-printer.o
[420/1123] CXX obj/v8/v8_base_without_compiler/perf-jit.o
[421/1123] CXX obj/v8/v8_base_without_compiler/embedder-state.o
[422/1123] CXX obj/v8/v8_base_without_compiler/interrupts-scope.o
[423/1123] CXX obj/v8/v8_base_without_compiler/execution.o
[424/1123] CXX obj/v8/v8_base_without_compiler/futex-emulation.o
[425/1123] CXX obj/v8/v8_base_without_compiler/frames.o
[426/1123] CXX obj/v8/v8_base_without_compiler/local-isolate.o
[427/1123] CXX obj/v8/v8_base_without_compiler/simulator-base.o
[428/1123] CXX obj/v8/v8_base_without_compiler/messages.o
[429/1123] CXX obj/v8/v8_base_without_compiler/microtask-queue.o
[430/1123] CXX obj/v8/v8_base_without_compiler/thread-local-top.o
[431/1123] CXX obj/v8/v8_base_without_compiler/protectors.o
[432/1123] CXX obj/v8/v8_base_without_compiler/isolate.o
[433/1123] CXX obj/v8/v8_base_without_compiler/stack-guard.o
[434/1123] CXX obj/v8/v8_base_without_compiler/cputracemark-extension.o
[435/1123] CXX obj/v8/v8_base_without_compiler/gc-extension.o
[436/1123] CXX obj/v8/v8_base_without_compiler/tiering-manager.o
[437/1123] CXX obj/v8/v8_base_without_compiler/v8threads.o
[438/1123] CXX obj/v8/v8_base_without_compiler/externalize-string-extension.o
[439/1123] CXX obj/v8/v8_base_without_compiler/ignition-statistics-extension.o
[440/1123] CXX obj/v8/v8_base_without_compiler/statistics-extension.o
[441/1123] CXX obj/v8/v8_base_without_compiler/global-handles.o
[442/1123] CXX obj/v8/v8_base_without_compiler/handles.o
[443/1123] CXX obj/v8/v8_base_without_compiler/local-handles.o
[444/1123] CXX obj/v8/v8_base_without_compiler/persistent-handles.o
[445/1123] CXX obj/v8/v8_base_without_compiler/shared-object-conveyor-handles.o
[446/1123] CXX obj/v8/v8_base_without_compiler/traced-handles.o
[447/1123] CXX obj/v8/v8_base_without_compiler/base-page.o
[448/1123] CXX obj/v8/v8_base_without_compiler/array-buffer-sweeper.o
[449/1123] CXX obj/v8/v8_base_without_compiler/code-stats.o
[450/1123] CXX obj/v8/v8_base_without_compiler/combined-heap.o
[451/1123] CXX obj/v8/v8_base_without_compiler/code-range.o
[452/1123] CXX obj/v8/v8_base_without_compiler/collection-barrier.o
[453/1123] CXX obj/v8/v8_base_without_compiler/cpp-heap.o
[454/1123] CXX obj/v8/v8_base_without_compiler/cpp-snapshot.o
[455/1123] CXX obj/v8/v8_base_without_compiler/unified-heap-marking-state.o
[456/1123] CXX obj/v8/v8_base_without_compiler/cross-heap-remembered-set.o
[457/1123] CXX obj/v8/v8_base_without_compiler/unified-heap-marking-verifier.o
[458/1123] CXX obj/v8/v8_base_without_compiler/concurrent-marking.o
[459/1123] CXX obj/v8/v8_base_without_compiler/unified-heap-marking-visitor.o
[460/1123] CXX obj/v8/v8_base_without_compiler/evacuation-allocator.o
[461/1123] CXX obj/v8/v8_base_without_compiler/ephemeron-remembered-set.o
[462/1123] CXX obj/v8/v8_base_without_compiler/evacuation-verifier.o
[463/1123] CXX obj/v8/v8_base_without_compiler/factory-base.o
[464/1123] CXX obj/v8/v8_base_without_compiler/finalization-registry-cleanup-task.o
[465/1123] CXX obj/v8/v8_base_without_compiler/factory.o
[466/1123] CXX obj/v8/v8_base_without_compiler/free-list.o
[467/1123] CXX obj/v8/v8_base_without_compiler/gc-tracer.o
[468/1123] CXX obj/v8/v8_base_without_compiler/heap-allocator.o
[469/1123] CXX obj/v8/v8_base_without_compiler/heap-controller.o
[470/1123] CXX obj/v8/v8_base_without_compiler/heap-layout.o
[471/1123] CXX obj/v8/v8_base_without_compiler/heap-layout-tracer.o
[472/1123] CXX obj/v8/v8_base_without_compiler/heap-visitor.o
[473/1123] CXX obj/v8/v8_base_without_compiler/heap-write-barrier.o
[474/1123] CXX obj/v8/v8_base_without_compiler/incremental-marking-job.o
[475/1123] CXX obj/v8/v8_base_without_compiler/large-spaces.o
[476/1123] CXX obj/v8/v8_base_without_compiler/heap.o
[477/1123] CXX obj/v8/v8_base_without_compiler/incremental-marking.o
[478/1123] CXX obj/v8/v8_base_without_compiler/local-factory.o
[479/1123] CXX obj/v8/v8_base_without_compiler/local-heap.o
[480/1123] CXX obj/v8/v8_base_without_compiler/main-allocator.o
[481/1123] CXX obj/v8/v8_base_without_compiler/mark-sweep-utilities.o
[482/1123] CXX obj/v8/v8_base_without_compiler/marking-worklist.o
[483/1123] CXX obj/v8/v8_base_without_compiler/marking-barrier.o
[484/1123] CXX obj/v8/v8_base_without_compiler/marking.o
[485/1123] CXX obj/v8/v8_base_without_compiler/memory-allocator.o
[486/1123] CXX obj/v8/v8_base_without_compiler/memory-balancer.o
[487/1123] CXX obj/v8/v8_base_without_compiler/memory-chunk.o
[488/1123] CXX obj/v8/v8_base_without_compiler/mark-compact.o
[489/1123] CXX obj/v8/v8_base_without_compiler/memory-measurement.o
[490/1123] CXX obj/v8/v8_base_without_compiler/memory-pool.o
[491/1123] CXX obj/v8/v8_base_without_compiler/minor-gc-job.o
[492/1123] CXX obj/v8/v8_base_without_compiler/memory-reducer.o
[493/1123] CXX obj/v8/v8_base_without_compiler/mutable-page.o
[494/1123] CXX obj/v8/v8_base_without_compiler/new-spaces.o
[495/1123] CXX obj/v8/v8_base_without_compiler/normal-page.o
[496/1123] CXX obj/v8/v8_base_without_compiler/minor-mark-sweep.o
[497/1123] CXX obj/v8/v8_base_without_compiler/paged-spaces.o
[498/1123] CXX obj/v8/v8_base_without_compiler/object-stats.o
[499/1123] CXX obj/v8/v8_base_without_compiler/pretenuring-handler.o
[500/1123] CXX obj/v8/v8_base_without_compiler/read-only-heap.o
[501/1123] CXX obj/v8/v8_base_without_compiler/read-only-promotion.o
[502/1123] CXX obj/v8/v8_base_without_compiler/read-only-spaces.o
[503/1123] CXX obj/v8/v8_base_without_compiler/safepoint.o
[504/1123] CXX obj/v8/v8_base_without_compiler/stress-scavenge-observer.o
[505/1123] CXX obj/v8/v8_base_without_compiler/spaces.o
[506/1123] CXX obj/v8/v8_base_without_compiler/traced-handles-marking-visitor.o
[507/1123] CXX obj/v8/v8_base_without_compiler/scavenger.o
[508/1123] CXX obj/v8/v8_base_without_compiler/sweeper.o
[509/1123] CXX obj/v8/v8_base_without_compiler/trusted-range.o
[510/1123] CXX obj/v8/v8_base_without_compiler/weak-object-worklists.o
[511/1123] CXX obj/v8/v8_base_without_compiler/visit-object.o
[512/1123] CXX obj/v8/v8_base_without_compiler/zapping.o
[513/1123] CXX obj/v8/v8_base_without_compiler/call-optimization.o
[514/1123] CXX obj/v8/v8_base_without_compiler/handler-configuration.o
[515/1123] CXX obj/v8/v8_base_without_compiler/ic-stats.o
[516/1123] CXX obj/v8/v8_base_without_compiler/stub-cache.o
[517/1123] CXX obj/v8/v8_base_without_compiler/ic.o
[518/1123] CXX obj/v8/v8_base_without_compiler/isolate-group.o
[519/1123] CXX obj/v8/v8_base_without_compiler/bootstrapper.o
[520/1123] CXX obj/v8/v8_base_without_compiler/v8.o
[521/1123] CXX obj/v8/v8_base_without_compiler/bytecode-array-builder.o
[522/1123] CXX obj/v8/v8_base_without_compiler/bytecode-array-iterator.o
[523/1123] CXX obj/v8/v8_base_without_compiler/bytecode-array-random-iterator.o
[524/1123] CXX obj/v8/v8_base_without_compiler/bytecode-array-writer.o
[525/1123] CXX obj/v8/v8_base_without_compiler/bytecode-flags-and-tokens.o
[526/1123] CXX obj/v8/v8_base_without_compiler/bytecode-decoder.o
[527/1123] CXX obj/v8/v8_base_without_compiler/bytecode-register-optimizer.o
[528/1123] CXX obj/v8/v8_base_without_compiler/bytecode-label.o
[529/1123] CXX obj/v8/v8_base_without_compiler/bytecode-generator.o
[530/1123] CXX obj/v8/v8_base_without_compiler/constant-array-builder.o
[531/1123] CXX obj/v8/v8_base_without_compiler/handler-table-builder.o
[532/1123] CXX obj/v8/v8_base_without_compiler/control-flow-builders.o
[533/1123] CXX obj/v8/v8_base_without_compiler/interpreter.o
[534/1123] CXX obj/v8/v8_base_without_compiler/prototype-assignment-sequence-builder.o
[535/1123] CXX obj/v8/v8_base_without_compiler/local-logger.o
[536/1123] CXX obj/v8/v8_base_without_compiler/json-parser.o
[537/1123] CXX obj/v8/v8_base_without_compiler/counters.o
[538/1123] CXX obj/v8/v8_base_without_compiler/log-file.o
[539/1123] CXX obj/v8/v8_base_without_compiler/json-stringifier.o
[540/1123] CXX obj/v8/v8_base_without_compiler/log.o
[541/1123] CXX obj/v8/v8_base_without_compiler/conversions.o
[542/1123] CXX obj/v8/v8_base_without_compiler/hash-seed.o
[543/1123] CXX obj/v8/v8_base_without_compiler/math-random.o
[544/1123] CXX obj/v8/v8_base_without_compiler/abstract-code.o
[545/1123] CXX obj/v8/v8_base_without_compiler/backing-store.o
[546/1123] CXX obj/v8/v8_base_without_compiler/bigint.o
[547/1123] CXX obj/v8/v8_base_without_compiler/bytecode-array.o
[548/1123] CXX obj/v8/v8_base_without_compiler/code.o
[549/1123] CXX obj/v8/v8_base_without_compiler/call-site-info.o
[550/1123] CXX obj/v8/v8_base_without_compiler/compilation-cache-table.o
[551/1123] CXX obj/v8/v8_base_without_compiler/contexts.o
[552/1123] CXX obj/v8/v8_base_without_compiler/deoptimization-data.o
[553/1123] CXX obj/v8/v8_base_without_compiler/debug-objects.o
[554/1123] CXX obj/v8/v8_base_without_compiler/dependent-code.o
[555/1123] CXX obj/v8/v8_base_without_compiler/elements-kind.o
[556/1123] CXX obj/v8/v8_base_without_compiler/embedder-data-array.o
[557/1123] CXX obj/v8/v8_base_without_compiler/field-type.o
[558/1123] CXX obj/v8/v8_base_without_compiler/feedback-vector.o
[559/1123] CXX obj/v8/v8_base_without_compiler/instruction-stream.o
[560/1123] CXX obj/v8/v8_base_without_compiler/fixed-array.o
[561/1123] CXX obj/v8/v8_base_without_compiler/js-array-buffer.o
[562/1123] CXX obj/v8/v8_base_without_compiler/intl-objects.o
[563/1123] CXX obj/v8/v8_base_without_compiler/js-atomics-synchronization.o
[564/1123] CXX obj/v8/v8_base_without_compiler/js-break-iterator.o
[565/1123] CXX obj/v8/v8_base_without_compiler/js-collator.o
[566/1123] CXX obj/v8/v8_base_without_compiler/elements.o
[567/1123] CXX obj/v8/v8_base_without_compiler/js-data-object-builder.o
[568/1123] CXX obj/v8/v8_base_without_compiler/js-display-names.o
[569/1123] CXX obj/v8/v8_base_without_compiler/js-disposable-stack.o
[570/1123] CXX obj/v8/v8_base_without_compiler/js-date-time-format.o
[571/1123] CXX obj/v8/v8_base_without_compiler/js-duration-format.o
[572/1123] CXX obj/v8/v8_base_without_compiler/js-function.o
[573/1123] CXX obj/v8/v8_base_without_compiler/js-list-format.o
[574/1123] CXX obj/v8/v8_base_without_compiler/js-locale.o
[575/1123] CXX obj/v8/v8_base_without_compiler/js-number-format.o
[576/1123] CXX obj/v8/v8_base_without_compiler/js-plural-rules.o
[577/1123] CXX obj/v8/v8_base_without_compiler/js-raw-json.o
[578/1123] CXX obj/v8/v8_base_without_compiler/js-objects.o
[579/1123] CXX obj/v8/v8_base_without_compiler/js-regexp.o
[580/1123] CXX obj/v8/v8_base_without_compiler/js-relative-time-format.o
[581/1123] CXX obj/v8/v8_base_without_compiler/js-segment-iterator.o
[582/1123] CXX obj/v8/v8_base_without_compiler/js-segmenter.o
[583/1123] CXX obj/v8/v8_base_without_compiler/js-segments.o
[584/1123] CXX obj/v8/v8_base_without_compiler/js-temporal-helpers.o
[585/1123] CXX obj/v8/v8_base_without_compiler/js-struct.o
[586/1123] CXX obj/v8/v8_base_without_compiler/js-weak-refs.o
[587/1123] CXX obj/v8/v8_base_without_compiler/literal-objects.o
[588/1123] CXX obj/v8/v8_base_without_compiler/keys.o
[589/1123] CXX obj/v8/v8_base_without_compiler/lookup.o
[590/1123] CXX obj/v8/v8_base_without_compiler/managed.o
[591/1123] CXX obj/v8/v8_base_without_compiler/map-updater.o
[592/1123] CXX obj/v8/v8_base_without_compiler/map.o
[593/1123] CXX obj/v8/v8_base_without_compiler/number-string-cache.o
[594/1123] CXX obj/v8/v8_base_without_compiler/object-type.o
[595/1123] CXX obj/v8/v8_base_without_compiler/module.o
[596/1123] CXX obj/v8/v8_base_without_compiler/option-utils.o
[597/1123] CXX obj/v8/v8_base_without_compiler/ordered-hash-table.o
[598/1123] CXX obj/v8/v8_base_without_compiler/objects.o
[599/1123] CXX obj/v8/v8_base_without_compiler/property-descriptor.o
[600/1123] CXX obj/v8/v8_base_without_compiler/regexp-match-info.o
[601/1123] CXX obj/v8/v8_base_without_compiler/property.o
[602/1123] CXX obj/v8/v8_base_without_compiler/scope-info.o
[603/1123] CXX obj/v8/v8_base_without_compiler/script.o
[604/1123] CXX obj/v8/v8_base_without_compiler/shared-function-info.o
[605/1123] CXX obj/v8/v8_base_without_compiler/simd.o
[606/1123] CXX obj/v8/v8_base_without_compiler/string-comparator.o
[607/1123] CXX obj/v8/v8_base_without_compiler/source-text-module.o
[608/1123] CXX obj/v8/v8_base_without_compiler/string-forwarding-table.o
[609/1123] CXX obj/v8/v8_base_without_compiler/string-table.o
[610/1123] CXX obj/v8/v8_base_without_compiler/symbol-table.o
[611/1123] CXX obj/v8/v8_base_without_compiler/swiss-name-dictionary.o
[612/1123] CXX obj/v8/v8_base_without_compiler/string.o
[613/1123] CXX obj/v8/v8_base_without_compiler/tagged-impl.o
[614/1123] CXX obj/v8/v8_base_without_compiler/synthetic-module.o
[615/1123] CXX obj/v8/v8_base_without_compiler/template-objects.o
[616/1123] CXX obj/v8/v8_base_without_compiler/templates.o
[617/1123] CXX obj/v8/v8_base_without_compiler/transitions.o
[618/1123] CXX obj/v8/v8_base_without_compiler/visitors.o
[619/1123] CXX obj/v8/v8_base_without_compiler/waiter-queue-node.o
[620/1123] CXX obj/v8/v8_base_without_compiler/value-serializer.o
[621/1123] CXX obj/v8/v8_base_without_compiler/literal-buffer.o
[622/1123] CXX obj/v8/v8_base_without_compiler/func-name-inferrer.o
[623/1123] CXX obj/v8/v8_base_without_compiler/parse-info.o
[624/1123] CXX obj/v8/v8_base_without_compiler/parsing.o
[625/1123] CXX obj/v8/v8_base_without_compiler/pending-compilation-error-handler.o
[626/1123] CXX obj/v8/v8_base_without_compiler/preparse-data.o
[627/1123] CXX obj/v8/v8_base_without_compiler/parser.o
[628/1123] CXX obj/v8/v8_base_without_compiler/preparser.o
[629/1123] CXX obj/v8/v8_base_without_compiler/rewriter.o
[630/1123] CXX obj/v8/v8_base_without_compiler/scanner-character-streams.o
[631/1123] CXX obj/v8/v8_base_without_compiler/scanner.o
[632/1123] CXX obj/v8/v8_base_without_compiler/allocation-tracker.o
[633/1123] CXX obj/v8/v8_base_without_compiler/cpu-profiler.o
[634/1123] CXX obj/v8/v8_base_without_compiler/heap-profiler.o
[635/1123] CXX obj/v8/v8_base_without_compiler/profiler-listener.o
[636/1123] CXX obj/v8/v8_base_without_compiler/symbolizer.o
[637/1123] CXX obj/v8/v8_base_without_compiler/profile-generator.o
[638/1123] CXX obj/v8/v8_base_without_compiler/heap-snapshot-generator.o
[639/1123] CXX obj/v8/v8_base_without_compiler/strings-storage.o
[640/1123] CXX obj/v8/v8_base_without_compiler/sampling-heap-profiler.o
[641/1123] CXX obj/v8/v8_base_without_compiler/tracing-cpu-profiler.o
[642/1123] CXX obj/v8/v8_base_without_compiler/tick-sample.o
[643/1123] CXX obj/v8/v8_base_without_compiler/weak-code-registry.o
[644/1123] CXX obj/v8/v8_base_without_compiler/regexp-ast.o
[645/1123] CXX obj/v8/v8_base_without_compiler/experimental.o
[646/1123] CXX obj/v8/v8_base_without_compiler/experimental-interpreter.o
[647/1123] CXX obj/v8/v8_base_without_compiler/regexp-compiler-tonode.o
[648/1123] CXX obj/v8/v8_base_without_compiler/regexp-bytecode-analysis.o
[649/1123] CXX obj/v8/v8_base_without_compiler/regexp-bytecode-iterator.o
[650/1123] CXX obj/v8/v8_base_without_compiler/regexp-bytecode-generator.o
[651/1123] CXX obj/v8/v8_base_without_compiler/regexp-bytecode-peephole.o
[652/1123] CXX obj/v8/v8_base_without_compiler/regexp-code-generator.o
[653/1123] CXX obj/v8/v8_base_without_compiler/regexp-result-vector.o
[654/1123] CXX obj/v8/v8_base_without_compiler/regexp-compiler.o
[655/1123] CXX obj/v8/v8_base_without_compiler/regexp-macro-assembler.o
[656/1123] CXX obj/v8/v8_base_without_compiler/regexp-stack.o
[657/1123] CXX obj/v8/v8_base_without_compiler/regexp-interpreter.o
[658/1123] CXX obj/v8/v8_base_without_compiler/regexp-parser.o
[659/1123] CXX obj/v8/v8_base_without_compiler/regexp-utils.o
[660/1123] CXX obj/v8/v8_base_without_compiler/regexp.o
[661/1123] CXX obj/v8/v8_base_without_compiler/roots.o
[662/1123] CXX obj/v8/v8_base_without_compiler/runtime-array.o
[663/1123] CXX obj/v8/v8_base_without_compiler/runtime-atomics.o
[664/1123] CXX obj/v8/v8_base_without_compiler/runtime-bigint.o
[665/1123] CXX obj/v8/v8_base_without_compiler/runtime-classes.o
[666/1123] CXX obj/v8/v8_base_without_compiler/runtime-collections.o
[667/1123] CXX obj/v8/v8_base_without_compiler/runtime-compiler.o
[668/1123] CXX obj/v8/v8_base_without_compiler/runtime-date.o
[669/1123] CXX obj/v8/v8_base_without_compiler/runtime-forin.o
[670/1123] CXX obj/v8/v8_base_without_compiler/runtime-debug.o
[671/1123] CXX obj/v8/v8_base_without_compiler/runtime-function.o
[672/1123] CXX obj/v8/v8_base_without_compiler/runtime-futex.o
[673/1123] CXX obj/v8/v8_base_without_compiler/runtime-generator.o
[674/1123] CXX obj/v8/v8_base_without_compiler/runtime-internal.o
[675/1123] CXX obj/v8/v8_base_without_compiler/runtime-intl.o
[676/1123] CXX obj/v8/v8_base_without_compiler/runtime-literals.o
[677/1123] CXX obj/v8/v8_base_without_compiler/runtime-module.o
[678/1123] CXX obj/v8/v8_base_without_compiler/runtime-numbers.o
[679/1123] CXX obj/v8/v8_base_without_compiler/runtime-object.o
[680/1123] CXX obj/v8/v8_base_without_compiler/runtime-operators.o
[681/1123] CXX obj/v8/v8_base_without_compiler/runtime-promise.o
[682/1123] CXX obj/v8/v8_base_without_compiler/runtime-proxy.o
[683/1123] CXX obj/v8/v8_base_without_compiler/runtime-regexp.o
[684/1123] CXX obj/v8/v8_base_without_compiler/runtime-scopes.o
[685/1123] CXX obj/v8/v8_base_without_compiler/runtime-shadow-realm.o
[686/1123] CXX obj/v8/v8_base_without_compiler/runtime-strings.o
[687/1123] CXX obj/v8/v8_base_without_compiler/runtime-symbol.o
[688/1123] CXX obj/v8/v8_base_without_compiler/runtime-trace.o
[689/1123] CXX obj/v8/v8_base_without_compiler/runtime-test.o
[690/1123] CXX obj/v8/v8_base_without_compiler/runtime-typedarray.o
[691/1123] CXX obj/v8/v8_base_without_compiler/runtime-weak-refs.o
[692/1123] CXX obj/v8/v8_base_without_compiler/runtime.o
[693/1123] CXX obj/v8/v8_base_without_compiler/bytecode-verifier.o
[694/1123] CXX obj/v8/v8_base_without_compiler/cppheap-pointer-table.o
[695/1123] CXX obj/v8/v8_base_without_compiler/external-pointer-table.o
[696/1123] CXX obj/v8/v8_base_without_compiler/code-pointer-table.o
[697/1123] CXX obj/v8/v8_base_without_compiler/js-dispatch-table.o
[698/1123] CXX obj/v8/v8_base_without_compiler/testing.o
[699/1123] CXX obj/v8/v8_base_without_compiler/trusted-pointer-scope.o
[700/1123] CXX obj/v8/v8_base_without_compiler/trusted-pointer-table.o
[701/1123] CXX obj/v8/v8_base_without_compiler/code-serializer.o
[702/1123] CXX obj/v8/v8_base_without_compiler/context-deserializer.o
[703/1123] CXX obj/v8/v8_base_without_compiler/context-serializer.o
[704/1123] CXX obj/v8/v8_base_without_compiler/embedded-data.o
[705/1123] CXX obj/v8/v8_base_without_compiler/deserializer.o
[706/1123] CXX obj/v8/v8_base_without_compiler/object-deserializer.o
[707/1123] CXX obj/v8/v8_base_without_compiler/read-only-deserializer.o
[708/1123] CXX obj/v8/v8_base_without_compiler/roots-serializer.o
[709/1123] CXX obj/v8/v8_base_without_compiler/read-only-serializer.o
[710/1123] CXX obj/v8/v8_base_without_compiler/snapshot-data.o
[711/1123] CXX obj/v8/v8_base_without_compiler/serializer-deserializer.o
[712/1123] CXX obj/v8/v8_base_without_compiler/shared-heap-deserializer.o
[713/1123] CXX obj/v8/v8_base_without_compiler/serializer.o
[714/1123] CXX obj/v8/v8_base_without_compiler/shared-heap-serializer.o
[715/1123] CXX obj/v8/v8_base_without_compiler/snapshot-source-sink.o
[716/1123] CXX obj/v8/v8_base_without_compiler/sort-builtins.o
[717/1123] CXX obj/v8/v8_base_without_compiler/snapshot.o
[718/1123] CXX obj/v8/v8_base_without_compiler/startup-deserializer.o
[719/1123] CXX obj/v8/v8_base_without_compiler/startup-serializer.o
[720/1123] CXX obj/v8/v8_base_without_compiler/string-builder.o
[721/1123] CXX obj/v8/v8_base_without_compiler/cancelable-task.o
[722/1123] CXX obj/v8/v8_base_without_compiler/string-hasher.o
[723/1123] CXX obj/v8/v8_base_without_compiler/string-stream.o
[724/1123] CXX obj/v8/v8_base_without_compiler/trace-event.o
[725/1123] CXX obj/v8/v8_base_without_compiler/uri.o
[726/1123] CXX obj/v8/v8_base_without_compiler/accounting-allocator.o
[727/1123] CXX obj/v8/v8_base_without_compiler/address-map.o
[728/1123] CXX obj/v8/v8_base_without_compiler/identity-map.o
[729/1123] CXX obj/v8/v8_base_without_compiler/baseline-batch-compiler.o
[730/1123] CXX obj/v8/v8_base_without_compiler/builtins-temporal.o
[731/1123] CXX obj/v8/v8_base_without_compiler/js-temporal-objects.o
[732/1123] CXX obj/v8/v8_base_without_compiler/baseline-compiler.o
[733/1123] CXX obj/v8/v8_base_without_compiler/maglev-assembler.o
[734/1123] CXX obj/v8/v8_base_without_compiler/maglev-compilation-info.o
[735/1123] CXX obj/v8/v8_base_without_compiler/maglev-compilation-unit.o
[736/1123] CXX obj/v8/v8_base_without_compiler/maglev-concurrent-dispatcher.o
[737/1123] CXX obj/v8/v8_base_without_compiler/maglev-code-generator.o
[738/1123] CXX obj/v8/v8_base_without_compiler/maglev-graph-labeller.o
[739/1123] CXX obj/v8/v8_base_without_compiler/maglev-graph-printer.o
[740/1123] CXX obj/v8/v8_base_without_compiler/maglev-graph-optimizer.o
[741/1123] CXX obj/v8/v8_base_without_compiler/maglev-graph.o
[742/1123] CXX obj/v8/v8_base_without_compiler/maglev-interpreter-frame-state.o
[743/1123] CXX obj/v8/v8_base_without_compiler/maglev-compiler.o
[744/1123] CXX obj/v8/v8_base_without_compiler/maglev-inlining.o
[745/1123] CXX obj/v8/v8_base_without_compiler/maglev-node-type.o
[746/1123] CXX obj/v8/v8_base_without_compiler/maglev-graph-builder.o
[747/1123] CXX obj/v8/v8_base_without_compiler/maglev-known-node-aspects.o
[748/1123] CXX obj/v8/v8_base_without_compiler/maglev-pipeline-statistics.o
[749/1123] CXX obj/v8/v8_base_without_compiler/maglev-phi-representation-selector.o
[750/1123] CXX obj/v8/v8_base_without_compiler/maglev.o
[751/1123] CXX obj/v8/v8_base_without_compiler/maglev-ir.o
[752/1123] CXX obj/v8/v8_base_without_compiler/maglev-range-verification.o
[753/1123] CXX obj/v8/v8_base_without_compiler/maglev-truncation.o
[754/1123] CXX obj/v8/v8_base_without_compiler/maglev-regalloc.o
[755/1123] CXX obj/v8/v8_base_without_compiler/code-data-source.o
[756/1123] CXX obj/v8/v8_base_without_compiler/perfetto-logger.o
[757/1123] CXX obj/v8/v8_base_without_compiler/maglev-assembler-x64.o
[758/1123] CXX obj/v8/v8_base_without_compiler/maglev-ir-x64.o
[759/1123] CXX obj/v8/v8_base_without_compiler/perfetto-utils.o
[760/1123] CXX obj/v8/v8_base_without_compiler/asm-js.o
[761/1123] CXX obj/v8/v8_base_without_compiler/wasm-compiler-definitions.o
[762/1123] CXX obj/v8/v8_base_without_compiler/asm-parser.o
[763/1123] CXX obj/v8/v8_base_without_compiler/debug-wasm-objects.o
[764/1123] CXX obj/v8/v8_base_without_compiler/runtime-test-wasm.o
[765/1123] CXX obj/v8/v8_base_without_compiler/liftoff-assembler.o
[766/1123] CXX obj/v8/v8_base_without_compiler/parallel-move.o
[767/1123] CXX obj/v8/v8_base_without_compiler/runtime-wasm.o
[768/1123] CXX obj/v8/v8_base_without_compiler/canonical-types.o
[769/1123] CXX obj/v8/v8_base_without_compiler/code-space-access.o
[770/1123] CXX obj/v8/v8_base_without_compiler/liftoff-compiler.o
[771/1123] CXX obj/v8/v8_base_without_compiler/constant-expression-interface.o
[772/1123] CXX obj/v8/v8_base_without_compiler/constant-expression.o
[773/1123] CXX obj/v8/v8_base_without_compiler/stacks.o
[774/1123] CXX obj/v8/v8_base_without_compiler/function-compiler.o
[775/1123] CXX obj/v8/v8_base_without_compiler/jump-table-assembler.o
[776/1123] CXX obj/v8/v8_base_without_compiler/module-compiler.o
[777/1123] CXX obj/v8/v8_base_without_compiler/module-decoder.o
[778/1123] CXX obj/v8/v8_base_without_compiler/sync-streaming-decoder.o
[779/1123] CXX obj/v8/v8_base_without_compiler/module-instantiate.o
[780/1123] CXX obj/v8/v8_base_without_compiler/wasm-code-pointer-table.o
[781/1123] CXX obj/v8/v8_base_without_compiler/wasm-code-manager.o
[782/1123] CXX obj/v8/v8_base_without_compiler/wasm-debug.o
[783/1123] CXX obj/v8/v8_base_without_compiler/wasm-export-wrapper-cache.o
[784/1123] CXX obj/v8/v8_base_without_compiler/wasm-external-refs.o
[785/1123] CXX obj/v8/v8_base_without_compiler/wasm-features.o
[786/1123] CXX obj/v8/v8_base_without_compiler/wasm-engine.o
[787/1123] CXX obj/v8/v8_base_without_compiler/wasm-import-wrapper-cache.o
[788/1123] CXX obj/v8/v8_base_without_compiler/wasm-js.o
[789/1123] CXX obj/v8/v8_base_without_compiler/wasm-result.o
[790/1123] CXX obj/v8/v8_base_without_compiler/wasm-module.o
[791/1123] CXX obj/v8/v8_base_without_compiler/wasm-serialization.o
[792/1123] CXX obj/v8/v8_base_without_compiler/wasm-objects.o
[793/1123] CXX obj/v8/v8_base_without_compiler/wasm-stack-wrapper-cache.o
[794/1123] CXX obj/v8/v8_base_without_compiler/deoptimizer-x64.o
[795/1123] CXX obj/v8/v8_base_without_compiler/assembler-x64.o
[796/1123] CXX obj/v8/v8_base_without_compiler/macro-assembler-x64.o
[797/1123] CXX obj/v8/v8_base_without_compiler/frame-constants-x64.o
[798/1123] CXX obj/v8/v8_base_without_compiler/regexp-macro-assembler-x64.o
[799/1123] CXX obj/v8/v8_compiler/all-nodes.o
[800/1123] CXX obj/v8/v8_compiler/add-type-assertions-reducer.o
[801/1123] CXX obj/v8/v8_compiler/access-builder.o
[802/1123] CXX obj/v8/v8_compiler/bitcast-elider.o
[803/1123] CXX obj/v8/v8_compiler/access-info.o
[804/1123] CXX obj/v8/v8_compiler/frame-elider.o
[805/1123] CXX obj/v8/v8_compiler/gap-resolver.o
[806/1123] CXX obj/v8/v8_compiler/instruction-scheduler.o
[807/1123] CXX obj/v8/v8_compiler/code-generator.o
[808/1123] CXX obj/v8/v8_compiler/move-optimizer.o
[809/1123] CXX obj/v8/v8_compiler/jump-threading.o
[810/1123] CXX obj/v8/v8_compiler/register-allocator-verifier.o
[811/1123] CXX obj/v8/v8_compiler/instruction-selector.o
[812/1123] CXX obj/v8/v8_compiler/spill-placer.o
[813/1123] CXX obj/v8/v8_compiler/branch-elimination.o
[814/1123] CXX obj/v8/v8_compiler/instruction.o
[815/1123] CXX obj/v8/v8_compiler/register-allocator.o
[816/1123] CXX obj/v8/v8_compiler/checkpoint-elimination.o
[817/1123] CXX obj/v8/v8_compiler/basic-block-call-graph-profiler.o
[818/1123] CXX obj/v8/v8_compiler/c-linkage.o
[819/1123] CXX obj/v8/v8_compiler/common-node-cache.o
[820/1123] CXX obj/v8/v8_compiler/bytecode-graph-builder.o
[821/1123] CXX obj/v8/v8_compiler/common-operator-reducer.o
[822/1123] CXX obj/v8/v8_compiler/bytecode-analysis.o
[823/1123] CXX obj/v8/v8_compiler/compiler-source-position-table.o
[824/1123] CXX obj/v8/v8_compiler/common-operator.o
[825/1123] CXX obj/v8/v8_compiler/code-assembler.o
[826/1123] CXX obj/v8/v8_compiler/common-utils.o
[827/1123] CXX obj/v8/v8_compiler/control-equivalence.o
[828/1123] CXX obj/v8/v8_compiler/compilation-dependencies.o
[829/1123] CXX obj/v8/v8_compiler/csa-load-elimination.o
[830/1123] CXX obj/v8/v8_compiler/constant-folding-reducer.o
[831/1123] CXX obj/v8/v8_compiler/dead-code-elimination.o
[832/1123] CXX obj/v8/v8_compiler/escape-analysis-reducer.o
[833/1123] CXX obj/v8/v8_compiler/fast-api-calls.o
[834/1123] CXX obj/v8/v8_compiler/feedback-source.o
[835/1123] CXX obj/v8/v8_compiler/graph-trimmer.o
[836/1123] CXX obj/v8/v8_compiler/graph-reducer.o
[837/1123] CXX obj/v8/v8_compiler/escape-analysis.o
[838/1123] CXX obj/v8/v8_compiler/frame-states.o
[839/1123] CXX obj/v8/v8_compiler/graph-assembler.o
[840/1123] CXX obj/v8/v8_compiler/heap-refs.o
[841/1123] CXX obj/v8/v8_compiler/js-context-specialization.o
[842/1123] CXX obj/v8/v8_compiler/js-create-lowering.o
[843/1123] CXX obj/v8/v8_compiler/js-generic-lowering.o
[844/1123] CXX obj/v8/v8_compiler/js-graph.o
[845/1123] CXX obj/v8/v8_compiler/js-call-reducer.o
[846/1123] CXX obj/v8/v8_compiler/js-heap-broker.o
[847/1123] CXX obj/v8/v8_compiler/js-inlining-heuristic.o
[848/1123] CXX obj/v8/v8_compiler/js-inlining.o
[849/1123] CXX obj/v8/v8_compiler/js-intrinsic-lowering.o
[850/1123] CXX obj/v8/v8_compiler/js-native-context-specialization.o
[851/1123] CXX obj/v8/v8_compiler/js-operator.o
[852/1123] CXX obj/v8/v8_compiler/js-type-hint-lowering.o
[853/1123] CXX obj/v8/v8_compiler/late-escape-analysis.o
[854/1123] CXX obj/v8/v8_compiler/loop-analysis.o
[855/1123] CXX obj/v8/v8_compiler/loop-peeling.o
[856/1123] CXX obj/v8/v8_compiler/loop-unrolling.o
[857/1123] CXX obj/v8/v8_compiler/loop-variable-optimizer.o
[858/1123] CXX obj/v8/v8_compiler/js-typed-lowering.o
[859/1123] CXX obj/v8/v8_compiler/load-elimination.o
[860/1123] CXX obj/v8/v8_compiler/machine-graph-verifier.o
[861/1123] CXX obj/v8/v8_compiler/machine-graph.o
[862/1123] CXX obj/v8/v8_compiler/node-marker.o
[863/1123] CXX obj/v8/v8_compiler/node-matchers.o
[864/1123] CXX obj/v8/v8_compiler/machine-operator-reducer.o
[865/1123] CXX obj/v8/v8_compiler/map-inference.o
[866/1123] CXX obj/v8/v8_compiler/node-observer.o
[867/1123] CXX obj/v8/v8_compiler/memory-lowering.o
[868/1123] CXX obj/v8/v8_compiler/memory-optimizer.o
[869/1123] CXX obj/v8/v8_compiler/node-origin-table.o
[870/1123] CXX obj/v8/v8_compiler/node.o
[871/1123] CXX obj/v8/v8_compiler/node-properties.o
[872/1123] CXX obj/v8/v8_compiler/operation-typer.o
[873/1123] CXX obj/v8/v8_compiler/operator-properties.o
[874/1123] CXX obj/v8/v8_compiler/pipeline-statistics.o
[875/1123] CXX obj/v8/v8_compiler/osr.o
[876/1123] CXX obj/v8/v8_compiler/redundancy-elimination.o
[877/1123] CXX obj/v8/v8_compiler/schedule.o
[878/1123] CXX obj/v8/v8_compiler/property-access-builder.o
[879/1123] CXX obj/v8/v8_compiler/raw-machine-assembler.o
[880/1123] CXX obj/v8/v8_compiler/scheduler.o
[881/1123] CXX obj/v8/v8_compiler/representation-change.o
[882/1123] CXX obj/v8/v8_compiler/select-lowering.o
[883/1123] CXX obj/v8/v8_compiler/simplified-lowering-verifier.o
[884/1123] CXX obj/v8/v8_compiler/state-values-utils.o
[885/1123] CXX obj/v8/v8_compiler/simplified-operator.o
[886/1123] CXX obj/v8/v8_compiler/simplified-operator-reducer.o
[887/1123] CXX obj/v8/v8_compiler/simplified-lowering.o
[888/1123] CXX obj/v8/v8_compiler/turbofan-enabled.o
[889/1123] CXX obj/v8/v8_compiler/pipeline.o
[890/1123] CXX obj/v8/v8_compiler/turbofan-graph.o
[891/1123] CXX obj/v8/v8_compiler/string-builder-optimizer.o
[892/1123] CXX obj/v8/v8_compiler/analyzer-iterator.o
[893/1123] CXX obj/v8/v8_compiler/turbofan-graph-visualizer.o
[894/1123] CXX obj/v8/v8_compiler/turbofan-typer.o
[895/1123] CXX obj/v8/v8_compiler/turbofan-types.o
[896/1123] CXX obj/v8/v8_compiler/assembler.o
[897/1123] CXX obj/v8/v8_compiler/copying-phase.o
[898/1123] CXX obj/v8/v8_compiler/block-instrumentation-reducer.o
[899/1123] CXX obj/v8/v8_compiler/block-instrumentation-phase.o
[900/1123] CXX obj/v8/v8_compiler/build-graph-phase.o
[901/1123] CXX obj/v8/v8_compiler/csa-effects-computation.o
[902/1123] CXX obj/v8/v8_compiler/code-elimination-and-simplification-phase.o
[903/1123] CXX obj/v8/v8_compiler/csa-branch-elimination-phase.o
[904/1123] CXX obj/v8/v8_compiler/debug-feature-lowering-phase.o
[905/1123] CXX obj/v8/v8_compiler/csa-early-machine-optimization-phase.o
[906/1123] CXX obj/v8/v8_compiler/csa-late-escape-analysis-phase.o
[907/1123] CXX obj/v8/v8_compiler/decompression-optimization-phase.o
[908/1123] CXX obj/v8/v8_compiler/csa-load-elimination-phase.o
[909/1123] CXX obj/v8/v8_compiler/decompression-optimization.o
[910/1123] CXX obj/v8/v8_compiler/graph-visualizer.o
[911/1123] CXX obj/v8/v8_compiler/graph.o
[912/1123] CXX obj/v8/v8_compiler/instruction-selection-phase.o
[913/1123] CXX obj/v8/v8_compiler/csa-memory-optimization-phase.o
[914/1123] CXX obj/v8/v8_compiler/late-escape-analysis-reducer.o
[915/1123] CXX obj/v8/v8_compiler/loop-finder.o
[916/1123] CXX obj/v8/v8_compiler/graph-builder.o
[917/1123] CXX obj/v8/v8_compiler/late-load-elimination-reducer.o
[918/1123] CXX obj/v8/v8_compiler/loop-unrolling-reducer.o
[919/1123] CXX obj/v8/v8_compiler/load-elimination-phase.o
[920/1123] CXX obj/v8/v8_compiler/loop-peeling-phase.o
[921/1123] CXX obj/v8/v8_compiler/loop-unrolling-phase.o
[922/1123] CXX obj/v8/v8_compiler/memory-optimization-reducer.o
[923/1123] CXX obj/v8/v8_compiler/phase.o
[924/1123] CXX obj/v8/v8_compiler/operations.o
[925/1123] CXX obj/v8/v8_compiler/memory-optimization-phase.o
[926/1123] CXX obj/v8/v8_compiler/machine-lowering-phase.o
[927/1123] CXX obj/v8/v8_compiler/pretenuring-propagation-reducer.o
[928/1123] CXX obj/v8/v8_compiler/sidetable.o
[929/1123] CXX obj/v8/v8_compiler/simplify-tf-loops.o
[930/1123] CXX obj/v8/v8_compiler/string-escape-analysis-reducer.o
[931/1123] CXX obj/v8/v8_compiler/typer.o
[932/1123] CXX obj/v8/v8_compiler/pipelines.o
[933/1123] CXX obj/v8/v8_compiler/typed-optimizations-phase.o
[934/1123] CXX obj/v8/v8_compiler/use-map.o
[935/1123] CXX obj/v8/v8_compiler/type-assertions-phase.o
[936/1123] CXX obj/v8/v8_compiler/types.o
[937/1123] CXX obj/v8/v8_compiler/type-cache.o
[938/1123] CXX obj/v8/v8_compiler/type-narrowing-reducer.o
[939/1123] CXX obj/v8/v8_compiler/turbolev-graph-builder.o
[940/1123] CXX obj/v8/v8_compiler/value-numbering-reducer.o
[941/1123] CXX obj/v8/v8_compiler/turbolev-frontend-pipeline.o
[942/1123] CXX obj/v8/v8_compiler/verifier.o
[943/1123] CXX obj/v8/v8_compiler/typed-optimization.o
[944/1123] CXX obj/v8/v8_compiler/instruction-scheduler-x64.o
[945/1123] CXX obj/v8/v8_compiler/unwinding-info-writer-x64.o
[946/1123] CXX obj/v8/v8_compiler/int64-lowering.o
[947/1123] CXX obj/v8/v8_compiler/int64-lowering-phase.o
[948/1123] CXX obj/v8/v8_compiler/code-generator-x64.o
[949/1123] CXX obj/v8/v8_compiler/instruction-selector-x64.o
[950/1123] CXX obj/v8/v8_compiler/wasm-gc-typed-optimization-reducer.o
[951/1123] CXX obj/v8/v8_compiler/wasm-gc-optimize-phase.o
[952/1123] CXX obj/v8/v8_compiler/wasm-dead-code-elimination-phase.o
[953/1123] CXX obj/v8/v8_compiler/wasm-shuffle-reducer.o
[954/1123] CXX obj/v8/v8_compiler/wasm-address-reassociation.o
[955/1123] CXX obj/v8/v8_compiler/wasm-lowering-phase.o
[956/1123] CXX obj/v8/v8_compiler/wasm-turboshaft-compiler.o
[957/1123] CXX obj/v8/v8_compiler/wasm-in-js-inlining-phase.o
[958/1123] CXX obj/v8/v8_compiler/wasm-call-descriptors.o
[959/1123] CXX obj/v8/v8_compiler/wasm-simd-phase.o
[960/1123] CXX obj/v8/v8_compiler/wasm-escape-analysis.o
[961/1123] CXX obj/v8/v8_compiler/wasm-gc-lowering.o
[962/1123] CXX obj/v8/v8_compiler/wasm-optimize-phase.o
[963/1123] CXX obj/v8/v8_compiler/wasm-gc-operator-reducer.o
[964/1123] CXX obj/v8/v8_compiler/wasm-graph-assembler.o
[965/1123] CXX obj/v8/v8_compiler/wasm-inlining-into-js.o
[966/1123] CXX obj/v8/v8_compiler/wasm-compiler.o
[967/1123] CXX obj/v8/v8_compiler/wasm-load-elimination.o
[968/1123] CXX obj/v8/v8_compiler/wasm-typer.o
[969/1123] CXX obj/v8/v8_compiler/linear-scheduler.o
[970/1123] CXX obj/v8/v8_compiler/revectorizer.o
[971/1123] CXX obj/v8/v8_init/setup-isolate-full.o
[972/1123] CXX obj/v8/v8_compiler/wasm-revec-reducer.o
[973/1123] CXX obj/v8/v8_compiler/wrappers.o
[974/1123] CXX obj/v8/v8_compiler/wasm-revec-phase.o
[975/1123] CXX obj/v8/v8_initializers/builtins-async-function-gen.o
[976/1123] CXX obj/v8/v8_initializers/builtins-async-gen.o
[977/1123] CXX obj/v8/v8_initializers/builtins-array-gen.o
[978/1123] CXX obj/v8/v8_compiler/turboshaft-graph-interface.o
[979/1123] CXX obj/v8/v8_initializers/builtins-async-generator-gen.o
[980/1123] CXX obj/v8/v8_initializers/builtins-bigint-gen.o
[981/1123] CXX obj/v8/v8_initializers/builtins-async-iterator-gen.o
[982/1123] CXX obj/v8/v8_initializers/builtins-constructor-gen.o
[983/1123] CXX obj/v8/v8_initializers/builtins-conversion-gen.o
[984/1123] CXX obj/v8/v8_initializers/builtins-call-gen.o
[985/1123] CXX obj/v8/v8_initializers/builtins-collections-gen.o
[986/1123] CXX obj/v8/v8_initializers/builtins-date-gen.o
[987/1123] CXX obj/v8/v8_initializers/builtins-global-gen.o
[988/1123] CXX obj/v8/v8_initializers/builtins-ic-gen.o
[989/1123] CXX obj/v8/v8_initializers/builtins-generator-gen.o
[990/1123] CXX obj/v8/v8_initializers/builtins-handler-gen.o
[991/1123] CXX obj/v8/v8_initializers/builtins-intl-gen.o
[992/1123] CXX obj/v8/v8_initializers/builtins-internal-gen.o
[993/1123] CXX obj/v8/v8_initializers/builtins-number-gen.o
[994/1123] CXX obj/v8/v8_initializers/builtins-iterator-gen.o
[995/1123] CXX obj/v8/v8_initializers/builtins-microtask-queue-gen.o
[996/1123] CXX obj/v8/v8_initializers/builtins-object-gen.o
[997/1123] CXX obj/v8/v8_initializers/builtins-shadow-realm-gen.o
[998/1123] CXX obj/v8/v8_initializers/builtins-promise-gen.o
[999/1123] CXX obj/v8/v8_initializers/builtins-number-tsa.o
[1000/1123] CXX obj/v8/v8_initializers/builtins-proxy-gen.o
[1001/1123] CXX obj/v8/v8_initializers/builtins-regexp-gen.o
[1002/1123] CXX obj/v8/v8_initializers/builtins-sharedarraybuffer-gen.o
[1003/1123] CXX obj/v8/v8_initializers/growable-fixed-array-gen.o
[1004/1123] CXX obj/v8/v8_initializers/builtins-string-gen.o
[1005/1123] CXX obj/v8/v8_initializers/builtins-string-tsa.o
[1006/1123] CXX obj/v8/v8_initializers/builtins-typed-array-gen.o
[1007/1123] CXX obj/v8/v8_initializers/js-trampoline-assembler.o
[1008/1123] CXX obj/v8/v8_initializers/binary-op-assembler.o
[1009/1123] CXX obj/v8/v8_initializers/builtin-compiler.o
[1010/1123] CXX obj/v8/v8_initializers/setup-heap-internal.o
[1011/1123] CXX obj/v8/v8_initializers/code-stub-assembler.o
[1012/1123] CXX obj/v8/v8_initializers/accessor-assembler.o
[1013/1123] CXX obj/v8/v8_initializers/setup-builtins-internal.o
[1014/1123] CXX obj/v8/v8_initializers/unary-op-assembler.o
[1015/1123] CXX obj/v8/v8_initializers/keyed-store-generic.o
[1016/1123] CXX obj/v8/v8_initializers/interpreter-assembler.o
[1017/1123] CXX obj/v8/v8_initializers/interpreter-generator.o
[1018/1123] CXX obj/v8/v8_taint_tracking_stub/taint_tracking_stub.o
[1019/1123] CXX obj/v8/v8_initializers/interpreter-intrinsics-generator.o
[1020/1123] CXX obj/v8/v8_initializers/builtins-wasm-gen.o
[1021/1123] CXX obj/v8/v8_initializers/interpreter-generator-tsa.o
[1022/1123] CXX obj/v8/v8_initializers/builtins-x64.o
[1023/1123] LINK ./mksnapshot
[1024/1123] ACTION //v8:run_mksnapshot_default(//build/toolchain/linux:clang_x64)
[1025/1123] CXX obj/v8/v8_snapshot/snapshot-external.o
[1026/1123] ASM obj/v8/v8_snapshot/embedded.o
[1027/1123] CXX obj/v8/v8_snapshot/setup-isolate-deserialize.o
[1028/1123] SOLINK ./libv8.so
[1029/1078] ACTION //tools/v8_context_snapshot:generate_v8_context_snapshot(//build/toolchain/linux:clang_x64)
[1030/1078] ACTION //third_party/lit/v3_0:build_code_cache(//build/toolchain/linux:clang_x64)
[1031/1078] ACTION //mojo/public/js:build_code_cache(//build/toolchain/linux:clang_x64)
[1032/1078] ACTION //third_party/polymer/v3_0:build_code_cache(//build/toolchain/linux:clang_x64)
[1033/1078] ACTION //ui/webui/resources/cr_components/color_change_listener:build_code_cache(//build/toolchain/linux:clang_x64)
[1034/1078] ACTION //ui/webui/resources/cr_components/managed_dialog:build_code_cache(//build/toolchain/linux:clang_x64)
[1035/1078] ACTION //ui/webui/resources/cr_components/commerce:build_code_cache(//build/toolchain/linux:clang_x64)
[1036/1078] ACTION //ui/webui/resources/cr_components/customize_color_scheme_mode:build_code_cache(//build/toolchain/linux:clang_x64)
[1037/1078] ACTION //ui/webui/resources/cr_components/help_bubble:build_code_cache(//build/toolchain/linux:clang_x64)
[1038/1078] ACTION //chrome/browser/resources/side_panel/reading_list:build_code_cache(//build/toolchain/linux:clang_x64)
[1039/1078] ACTION //ui/webui/resources/cr_components/theme_color_picker:build_code_cache(//build/toolchain/linux:clang_x64)
[1040/1078] ACTION //mojo/public/js:build_code_cache_grdp(//build/toolchain/linux:clang_x64)
[1041/1078] ACTION //third_party/lit/v3_0:build_code_cache_grdp(//build/toolchain/linux:clang_x64)
[1042/1078] ACTION //third_party/polymer/v3_0:build_code_cache_grdp(//build/toolchain/linux:clang_x64)
[1043/1078] ACTION //ui/webui/resources/cr_components/color_change_listener:build_code_cache_grdp(//build/toolchain/linux:clang_x64)
[1044/1078] ACTION //ui/webui/resources/cr_components/commerce:build_code_cache_grdp(//build/toolchain/linux:clang_x64)
[1045/1078] ACTION //chrome/browser/resources/webui_toolbar:build_code_cache(//build/toolchain/linux:clang_x64)
[1046/1078] ACTION //ui/webui/resources/cr_components/customize_color_scheme_mode:build_code_cache_grdp(//build/toolchain/linux:clang_x64)
[1047/1078] ACTION //ui/webui/resources/cr_components/help_bubble:build_code_cache_grdp(//build/toolchain/linux:clang_x64)
[1048/1078] ACTION //ui/webui/resources/cr_components/theme_color_picker:build_code_cache_grdp(//build/toolchain/linux:clang_x64)
[1049/1078] ACTION //chrome/browser/resources/side_panel/bookmarks:build_code_cache(//build/toolchain/linux:clang_x64)
[1050/1078] ACTION //ui/webui/resources/cr_components/managed_dialog:build_code_cache_grdp(//build/toolchain/linux:clang_x64)
[1051/1078] ACTION //chrome/browser/resources/side_panel/bookmarks:build_code_cache_grd(//build/toolchain/linux:clang_x64)
[1052/1078] ACTION //chrome/browser/resources/side_panel/reading_list:build_code_cache_grd(//build/toolchain/linux:clang_x64)
[1053/1078] ACTION //chrome/browser/resources/webui_toolbar:build_code_cache_grd(//build/toolchain/linux:clang_x64)
[1054/1078] ACTION //chrome/browser/resources/side_panel/shared:build_code_cache(//build/toolchain/linux:clang_x64)
[1055/1078] ACTION //chrome/browser/resources/side_panel/shared:build_code_cache_grd(//build/toolchain/linux:clang_x64)
[1056/1078] ACTION //chrome/browser/resources/side_panel/customize_chrome:build_code_cache(//build/toolchain/linux:clang_x64)
[1057/1078] ACTION //chrome/browser/resources/side_panel/customize_chrome:build_code_cache_grd(//build/toolchain/linux:clang_x64)
[1058/1078] ACTION //chrome/browser/resources/side_panel/shared:code_cache_resources_grit(//build/toolchain/linux:clang_x64)
[1059/1077] ACTION //chrome/browser/resources/side_panel/bookmarks:code_cache_resources_grit(//build/toolchain/linux:clang_x64)
[1060/1076] ACTION //chrome/browser/resources/webui_toolbar:code_cache_resources_grit(//build/toolchain/linux:clang_x64)
[1061/1075] ACTION //chrome/browser/resources/side_panel/reading_list:code_cache_resources_grit(//build/toolchain/linux:clang_x64)
[1062/1074] ACTION //chrome/browser/resources/side_panel/customize_chrome:code_cache_resources_grit(//build/toolchain/linux:clang_x64)
[1063/1073] ACTION //ui/webui/resources/cr_elements:build_code_cache(//build/toolchain/linux:clang_x64)
[1064/1073] ACTION //ui/webui/resources/cr_elements:build_code_cache_grdp(//build/toolchain/linux:clang_x64)
[1065/1073] ACTION //ui/webui/resources:build_code_cache_grd(//build/toolchain/linux:clang_x64)
[1066/1073] ACTION //ui/webui/resources:code_cache_resources_grit(//build/toolchain/linux:clang_x64)
[1067/1070] ACTION //chrome:packed_resources_extra(//build/toolchain/linux:clang_x64)
[1068/1070] ACTION //chrome:packed_resources_integrity_hash(//build/toolchain/linux:clang_x64)
